Archive member included because of file (symbol)

c:/program files (x86)/atollic/truestudio for arm 5.4.0/armtools/bin/../lib/gcc/arm-atollic-eabi/4.8.3/../../../../arm-atollic-eabi/lib/armv7e-m/fpv4-sp-d16\libc.a(lib_a-init.o)
                              Example\TrueSTUDIO\startup_stm32f303xc.o (__libc_init_array)
c:/program files (x86)/atollic/truestudio for arm 5.4.0/armtools/bin/../lib/gcc/arm-atollic-eabi/4.8.3/../../../../arm-atollic-eabi/lib/armv7e-m/fpv4-sp-d16\libc.a(lib_a-memset.o)
                              Drivers\STM32F3xx_HAL_Driver\stm32f3xx_hal_rcc.o (memset)
c:/program files (x86)/atollic/truestudio for arm 5.4.0/armtools/bin/../lib/gcc/arm-atollic-eabi/4.8.3/armv7e-m/fpv4-sp-d16\libgcc.a(_lshrdi3.o)
                              Drivers\STM32F3xx_HAL_Driver\stm32f3xx_hal_flash.o (__aeabi_llsr)

Allocating common symbols
Common symbol       size              file

hdma_adc3           0x38              Example\User\stm32f3xx_hal_msp.o
pFlash              0x20              Drivers\STM32F3xx_HAL_Driver\stm32f3xx_hal_flash.o
hadc1               0x54              Example\User\qre1113.o
dmabuffer           0xc               Example\User\qre1113.o
calibration         0xc               Example\User\main.o

Discarded input sections

 .text          0x00000000        0x0 c:/program files (x86)/atollic/truestudio for arm 5.4.0/armtools/bin/../lib/gcc/arm-atollic-eabi/4.8.3/armv7e-m/fpv4-sp-d16/crti.o
 .data          0x00000000        0x0 c:/program files (x86)/atollic/truestudio for arm 5.4.0/armtools/bin/../lib/gcc/arm-atollic-eabi/4.8.3/armv7e-m/fpv4-sp-d16/crti.o
 .bss           0x00000000        0x0 c:/program files (x86)/atollic/truestudio for arm 5.4.0/armtools/bin/../lib/gcc/arm-atollic-eabi/4.8.3/armv7e-m/fpv4-sp-d16/crti.o
 .data          0x00000000        0x4 c:/program files (x86)/atollic/truestudio for arm 5.4.0/armtools/bin/../lib/gcc/arm-atollic-eabi/4.8.3/armv7e-m/fpv4-sp-d16/crtbegin.o
 .text          0x00000000        0x0 Example\User\wheelencoder.o
 .data          0x00000000        0x0 Example\User\wheelencoder.o
 .bss           0x00000000        0x0 Example\User\wheelencoder.o
 .text          0x00000000        0x0 Example\User\stm32f3xx_it.o
 .data          0x00000000        0x0 Example\User\stm32f3xx_it.o
 .bss           0x00000000        0x0 Example\User\stm32f3xx_it.o
 .text          0x00000000        0x0 Example\User\stm32f3xx_hal_msp.o
 .data          0x00000000        0x0 Example\User\stm32f3xx_hal_msp.o
 .bss           0x00000000        0x0 Example\User\stm32f3xx_hal_msp.o
 .text          0x00000000        0x0 Example\User\robotcontrol.o
 .data          0x00000000        0x0 Example\User\robotcontrol.o
 .bss           0x00000000        0x0 Example\User\robotcontrol.o
 .rodata.MAXSPEED
                0x00000000        0x4 Example\User\robotcontrol.o
 .rodata.MINENCODERSPEED
                0x00000000        0x4 Example\User\robotcontrol.o
 .data.ULTRASLOWSPEED
                0x00000000        0x4 Example\User\robotcontrol.o
 .rodata.SLOWDISTANCE
                0x00000000        0x4 Example\User\robotcontrol.o
 .rodata.LOOPTIME
                0x00000000        0x4 Example\User\robotcontrol.o
 .rodata.TURNDISTANCE
                0x00000000        0x4 Example\User\robotcontrol.o
 .rodata.MINSPEED
                0x00000000        0x4 Example\User\robotcontrol.o
 .text          0x00000000        0x0 Example\User\qre1113.o
 .data          0x00000000        0x0 Example\User\qre1113.o
 .bss           0x00000000        0x0 Example\User\qre1113.o
 .text          0x00000000        0x0 Example\User\main.o
 .data          0x00000000        0x0 Example\User\main.o
 .bss           0x00000000        0x0 Example\User\main.o
 COMMON         0x00000000        0xc Example\User\main.o
 .text          0x00000000        0x0 Example\User\hcsr04.o
 .data          0x00000000        0x0 Example\User\hcsr04.o
 .bss           0x00000000        0x0 Example\User\hcsr04.o
 .text          0x00000000        0x0 Example\User\drv8701.o
 .data          0x00000000        0x0 Example\User\drv8701.o
 .bss           0x00000000        0x0 Example\User\drv8701.o
 .rodata.PRESCALER
                0x00000000        0x4 Example\User\drv8701.o
 .rodata.PERIOD
                0x00000000        0x4 Example\User\drv8701.o
 .text          0x00000000       0x14 Example\TrueSTUDIO\startup_stm32f303xc.o
 .data          0x00000000        0x0 Example\TrueSTUDIO\startup_stm32f303xc.o
 .bss           0x00000000        0x0 Example\TrueSTUDIO\startup_stm32f303xc.o
 .text          0x00000000        0x0 Drivers\STM32F3xx_HAL_Driver\stm32f3xx_hal_uart_ex.o
 .data          0x00000000        0x0 Drivers\STM32F3xx_HAL_Driver\stm32f3xx_hal_uart_ex.o
 .bss           0x00000000        0x0 Drivers\STM32F3xx_HAL_Driver\stm32f3xx_hal_uart_ex.o
 .text.HAL_RS485Ex_Init
                0x00000000       0x88 Drivers\STM32F3xx_HAL_Driver\stm32f3xx_hal_uart_ex.o
 .text.HAL_UARTEx_WakeupCallback
[...]
Memory Configuration

Name             Origin             Length             Attributes
FLASH            0x08000000         0x00040000         xr
RAM              0x20000000         0x0000a000         xrw
CCMRAM           0x10000000         0x00002000         rw
*default*        0x00000000         0xffffffff

Linker script and memory map

LOAD c:/program files (x86)/atollic/truestudio for arm 5.4.0/armtools/bin/../lib/gcc/arm-atollic-eabi/4.8.3/armv7e-m/fpv4-sp-d16/crti.o
LOAD c:/program files (x86)/atollic/truestudio for arm 5.4.0/armtools/bin/../lib/gcc/arm-atollic-eabi/4.8.3/armv7e-m/fpv4-sp-d16/crtbegin.o
LOAD Example\User\wheelencoder.o
LOAD Example\User\stm32f3xx_it.o
LOAD Example\User\stm32f3xx_hal_msp.o
LOAD Example\User\robotcontrol.o
LOAD Example\User\qre1113.o
LOAD Example\User\main.o
LOAD Example\User\hcsr04.o
LOAD Example\User\drv8701.o
LOAD Example\TrueSTUDIO\startup_stm32f303xc.o
LOAD Drivers\STM32F3xx_HAL_Driver\stm32f3xx_hal_uart_ex.o
LOAD Drivers\STM32F3xx_HAL_Driver\stm32f3xx_hal_uart.o
LOAD Drivers\STM32F3xx_HAL_Driver\stm32f3xx_hal_tim_ex.o
LOAD Drivers\STM32F3xx_HAL_Driver\stm32f3xx_hal_tim.o
LOAD Drivers\STM32F3xx_HAL_Driver\stm32f3xx_hal_rcc_ex.o
LOAD Drivers\STM32F3xx_HAL_Driver\stm32f3xx_hal_rcc.o
LOAD Drivers\STM32F3xx_HAL_Driver\stm32f3xx_hal_pwr_ex.o
LOAD Drivers\STM32F3xx_HAL_Driver\stm32f3xx_hal_pwr.o
LOAD Drivers\STM32F3xx_HAL_Driver\stm32f3xx_hal_i2c_ex.o
LOAD Drivers\STM32F3xx_HAL_Driver\stm32f3xx_hal_i2c.o
LOAD Drivers\STM32F3xx_HAL_Driver\stm32f3xx_hal_gpio.o
LOAD Drivers\STM32F3xx_HAL_Driver\stm32f3xx_hal_flash_ex.o
LOAD Drivers\STM32F3xx_HAL_Driver\stm32f3xx_hal_flash.o
LOAD Drivers\STM32F3xx_HAL_Driver\stm32f3xx_hal_dma.o
LOAD Drivers\STM32F3xx_HAL_Driver\stm32f3xx_hal_cortex.o
LOAD Drivers\STM32F3xx_HAL_Driver\stm32f3xx_hal_adc_ex.o
LOAD Drivers\STM32F3xx_HAL_Driver\stm32f3xx_hal_adc.o
LOAD Drivers\STM32F3xx_HAL_Driver\stm32f3xx_hal.o
LOAD Drivers\CMSIS\system_stm32f3xx.o
LOAD Drivers\BSP\STM32F3-Discovery\stm32f3_discovery.o
START GROUP
LOAD c:/program files (x86)/atollic/truestudio for arm 5.4.0/armtools/bin/../lib/gcc/arm-atollic-eabi/4.8.3/../../../../arm-atollic-eabi/lib/armv7e-m/fpv4-sp-d16\libc.a
LOAD c:/program files (x86)/atollic/truestudio for arm 5.4.0/armtools/bin/../lib/gcc/arm-atollic-eabi/4.8.3/../../../../arm-atollic-eabi/lib/armv7e-m/fpv4-sp-d16\libm.a
END GROUP
                0x00001000                malloc_getpagesize_P = 0x1000
START GROUP
LOAD c:/program files (x86)/atollic/truestudio for arm 5.4.0/armtools/bin/../lib/gcc/arm-atollic-eabi/4.8.3/armv7e-m/fpv4-sp-d16\libgcc.a
LOAD c:/program files (x86)/atollic/truestudio for arm 5.4.0/armtools/bin/../lib/gcc/arm-atollic-eabi/4.8.3/../../../../arm-atollic-eabi/lib/armv7e-m/fpv4-sp-d16\libc.a
END GROUP
LOAD c:/program files (x86)/atollic/truestudio for arm 5.4.0/armtools/bin/../lib/gcc/arm-atollic-eabi/4.8.3/armv7e-m/fpv4-sp-d16/crtend.o
LOAD c:/program files (x86)/atollic/truestudio for arm 5.4.0/armtools/bin/../lib/gcc/arm-atollic-eabi/4.8.3/armv7e-m/fpv4-sp-d16/crtn.o
                0x20009fff                _estack = 0x20009fff
                0x00000200                _Min_Heap_Size = 0x200
                0x00000400                _Min_Stack_Size = 0x400

.isr_vector     0x08000000      0x188
                0x08000000                . = ALIGN (0x4)
 *(.isr_vector)
 .isr_vector    0x08000000      0x188 Example\TrueSTUDIO\startup_stm32f303xc.o
                0x08000000                g_pfnVectors
                0x08000188                . = ALIGN (0x4)

.text           0x08000188     0x2af0
                0x08000188                . = ALIGN (0x4)
 *(.text)
 .text          0x08000188       0x40 c:/program files (x86)/atollic/truestudio for arm 5.4.0/armtools/bin/../lib/gcc/arm-atollic-eabi/4.8.3/armv7e-m/fpv4-sp-d16/crtbegin.o
 *(.text*)
 .text.wheelencoder_init
                0x080001c8       0x9c Example\User\wheelencoder.o
                0x080001c8                wheelencoder_init
 .text.wheelencoder_getSpeed
                0x08000264        0xc Example\User\wheelencoder.o
                0x08000264                wheelencoder_getSpeed
 .text.wheelencoder_getSpeed2
                0x08000270        0xc Example\User\wheelencoder.o
                0x08000270                wheelencoder_getSpeed2
 .text.TIM1_CC_IRQHandler
                0x0800027c       0x48 Example\User\wheelencoder.o
                0x0800027c                TIM1_CC_IRQHandler
 .text.TIM1_UP_TIM16_IRQHandler
                0x080002c4       0x28 Example\User\wheelencoder.o
                0x080002c4                TIM1_UP_TIM16_IRQHandler
 .text.TIM1_TRG_COM_TIM17_IRQHandler
                0x080002ec       0x68 Example\User\wheelencoder.o
                0x080002ec                TIM1_TRG_COM_TIM17_IRQHandler
 .text.NMI_Handler
                0x08000354        0x2 Example\User\stm32f3xx_it.o
                0x08000354                NMI_Handler
 .text.HardFault_Handler
                0x08000356        0x2 Example\User\stm32f3xx_it.o
                0x08000356                HardFault_Handler
 .text.MemManage_Handler
                0x08000358        0x2 Example\User\stm32f3xx_it.o
                0x08000358                MemManage_Handler
 .text.BusFault_Handler
                0x0800035a        0x2 Example\User\stm32f3xx_it.o
                0x0800035a                BusFault_Handler
 .text.UsageFault_Handler
                0x0800035c        0x2 Example\User\stm32f3xx_it.o
                0x0800035c                UsageFault_Handler
 .text.SVC_Handler
                0x0800035e        0x2 Example\User\stm32f3xx_it.o
                0x0800035e                SVC_Handler
 .text.DebugMon_Handler
                0x08000360        0x2 Example\User\stm32f3xx_it.o
                0x08000360                DebugMon_Handler
 .text.PendSV_Handler
                0x08000362        0x2 Example\User\stm32f3xx_it.o
                0x08000362                PendSV_Handler
 .text.SysTick_Handler
                0x08000364        0x4 Example\User\stm32f3xx_it.o
                0x08000364                SysTick_Handler
 .text.HAL_TIM_PWM_MspInit
                0x08000368      0x314 Example\User\stm32f3xx_hal_msp.o
                0x08000368                HAL_TIM_PWM_MspInit
 .text.robotControl_init
                0x0800067c       0x50 Example\User\robotcontrol.o
                0x0800067c                robotControl_init
 .text.robotControl_run
                0x080006cc      0x14c Example\User\robotcontrol.o
                0x080006cc                robotControl_run
 .text.qre1113_init
                0x08000818       0xe0 Example\User\qre1113.o
                0x08000818                qre1113_init
 .text.qre1113_getValue
                0x080008f8       0x30 Example\User\qre1113.o
                0x080008f8                qre1113_getValue
 .text.startup.main
                0x08000928       0x66 Example\User\main.o
                0x08000928                main
 *fill*         0x0800098e        0x2 
 .text.hcsr04_init
                0x08000990       0x6c Example\User\hcsr04.o
                0x08000990                hcsr04_init
 .text.hcsr04_getDistance
                0x080009fc       0x14 Example\User\hcsr04.o
                0x080009fc                hcsr04_getDistance
 .text.TIM8_UP_IRQHandler
                0x08000a10       0x64 Example\User\hcsr04.o
                0x08000a10                TIM8_UP_IRQHandler
 .text.TIM1_BRK_TIM15_IRQHandler
                0x08000a74       0x94 Example\User\hcsr04.o
                0x08000a74                TIM1_BRK_TIM15_IRQHandler
 .text.TIM8_CC_IRQHandler
                0x08000b08       0x5c Example\User\hcsr04.o
                0x08000b08                TIM8_CC_IRQHandler
 .text.drv8701_init
                0x08000b64       0xa4 Example\User\drv8701.o
                0x08000b64                drv8701_init
 .text.drv8701_setspeed
                0x08000c08       0x62 Example\User\drv8701.o
                0x08000c08                drv8701_setspeed
 *fill*         0x08000c6a        0x2 
 .text.Reset_Handler
                0x08000c6c       0x5c Example\TrueSTUDIO\startup_stm32f303xc.o
                0x08000c6c                Reset_Handler
 .text.Default_Handler
                0x08000cc8        0x4 Example\TrueSTUDIO\startup_stm32f303xc.o
                0x08000cc8                RTC_Alarm_IRQHandler
                0x08000cc8                TIM8_TRG_COM_IRQHandler
                0x08000cc8                USB_HP_IRQHandler
                0x08000cc8                PVD_IRQHandler
                0x08000cc8                TAMP_STAMP_IRQHandler
                0x08000cc8                EXTI3_IRQHandler
                0x08000cc8                USB_HP_CAN_TX_IRQHandler
                0x08000cc8                EXTI0_IRQHandler
                0x08000cc8                I2C2_EV_IRQHandler
                0x08000cc8                FPU_IRQHandler
                0x08000cc8                ADC1_2_IRQHandler
                0x08000cc8                SPI1_IRQHandler
                0x08000cc8                CAN_SCE_IRQHandler
                0x08000cc8                TIM6_DAC_IRQHandler
                0x08000cc8                DMA2_Channel2_IRQHandler
                0x08000cc8                DMA1_Channel4_IRQHandler
                0x08000cc8                USART3_IRQHandler
                0x08000cc8                DMA1_Channel7_IRQHandler
                0x08000cc8                UART5_IRQHandler
                0x08000cc8                ADC3_IRQHandler
                0x08000cc8                TIM4_IRQHandler
                0x08000cc8                CAN_RX1_IRQHandler
                0x08000cc8                DMA2_Channel1_IRQHandler
                0x08000cc8                I2C1_EV_IRQHandler
                0x08000cc8                DMA1_Channel6_IRQHandler
                0x08000cc8                UART4_IRQHandler
                0x08000cc8                DMA2_Channel4_IRQHandler
                0x08000cc8                TIM3_IRQHandler
                0x08000cc8                RCC_IRQHandler
                0x08000cc8                DMA1_Channel1_IRQHandler
                0x08000cc8                Default_Handler
                0x08000cc8                USBWakeUp_RMP_IRQHandler
                0x08000cc8                EXTI15_10_IRQHandler
                0x08000cc8                TIM7_IRQHandler
                0x08000cc8                EXTI9_5_IRQHandler
                0x08000cc8                RTC_WKUP_IRQHandler
                0x08000cc8                SPI2_IRQHandler
                0x08000cc8                USB_LP_CAN_RX0_IRQHandler
                0x08000cc8                DMA2_Channel5_IRQHandler
                0x08000cc8                DMA1_Channel5_IRQHandler
                0x08000cc8                USB_LP_IRQHandler
                0x08000cc8                EXTI4_IRQHandler
                0x08000cc8                DMA1_Channel3_IRQHandler
                0x08000cc8                ADC4_IRQHandler
                0x08000cc8                WWDG_IRQHandler
                0x08000cc8                TIM2_IRQHandler
                0x08000cc8                COMP7_IRQHandler
                0x08000cc8                COMP1_2_3_IRQHandler
                0x08000cc8                EXTI1_IRQHandler
                0x08000cc8                USART2_IRQHandler
                0x08000cc8                COMP4_5_6_IRQHandler
                0x08000cc8                I2C2_ER_IRQHandler
                0x08000cc8                DMA1_Channel2_IRQHandler
                0x08000cc8                TIM8_BRK_IRQHandler
                0x08000cc8                FLASH_IRQHandler
                0x08000cc8                USART1_IRQHandler
                0x08000cc8                SPI3_IRQHandler
                0x08000cc8                I2C1_ER_IRQHandler
                0x08000cc8                USBWakeUp_IRQHandler
                0x08000cc8                DMA2_Channel3_IRQHandler
                0x08000cc8                EXTI2_TSC_IRQHandler
 .text.TIM_OC5_SetConfig
                0x08000ccc       0x68 Drivers\STM32F3xx_HAL_Driver\stm32f3xx_hal_tim_ex.o
 .text.TIM_OC6_SetConfig
                0x08000d34       0x68 Drivers\STM32F3xx_HAL_Driver\stm32f3xx_hal_tim_ex.o
 .text.HAL_TIM_PWM_ConfigChannel
                0x08000d9c      0x10c Drivers\STM32F3xx_HAL_Driver\stm32f3xx_hal_tim_ex.o
                0x08000d9c                HAL_TIM_PWM_ConfigChannel
 .text.HAL_TIM_Base_MspInit
                0x08000ea8        0x2 Drivers\STM32F3xx_HAL_Driver\stm32f3xx_hal_tim.o
                0x08000ea8                HAL_TIM_Base_MspInit
 .text.HAL_TIM_Base_Start_IT
                0x08000eaa       0x16 Drivers\STM32F3xx_HAL_Driver\stm32f3xx_hal_tim.o
                0x08000eaa                HAL_TIM_Base_Start_IT
 .text.HAL_TIM_IC_MspInit
                0x08000ec0        0x2 Drivers\STM32F3xx_HAL_Driver\stm32f3xx_hal_tim.o
                0x08000ec0                HAL_TIM_IC_MspInit
 .text.HAL_TIM_ReadCapturedValue
                0x08000ec2       0x46 Drivers\STM32F3xx_HAL_Driver\stm32f3xx_hal_tim.o
                0x08000ec2                HAL_TIM_ReadCapturedValue
 .text.TIM_Base_SetConfig
                0x08000f08       0xb4 Drivers\STM32F3xx_HAL_Driver\stm32f3xx_hal_tim.o
                0x08000f08                TIM_Base_SetConfig
 .text.HAL_TIM_Base_Init
                0x08000fbc       0x34 Drivers\STM32F3xx_HAL_Driver\stm32f3xx_hal_tim.o
                0x08000fbc                HAL_TIM_Base_Init
 .text.HAL_TIM_PWM_Init
                0x08000ff0       0x34 Drivers\STM32F3xx_HAL_Driver\stm32f3xx_hal_tim.o
                0x08000ff0                HAL_TIM_PWM_Init
 .text.HAL_TIM_IC_Init
                0x08001024       0x34 Drivers\STM32F3xx_HAL_Driver\stm32f3xx_hal_tim.o
                0x08001024                HAL_TIM_IC_Init
 .text.TIM_OC1_SetConfig
                0x08001058       0x98 Drivers\STM32F3xx_HAL_Driver\stm32f3xx_hal_tim.o
                0x08001058                TIM_OC1_SetConfig
 .text.TIM_OC2_SetConfig
                0x080010f0       0x8c Drivers\STM32F3xx_HAL_Driver\stm32f3xx_hal_tim.o
                0x080010f0                TIM_OC2_SetConfig
 .text.TIM_OC3_SetConfig
                0x0800117c       0x8c Drivers\STM32F3xx_HAL_Driver\stm32f3xx_hal_tim.o
                0x0800117c                TIM_OC3_SetConfig
 .text.TIM_OC4_SetConfig
                0x08001208       0x68 Drivers\STM32F3xx_HAL_Driver\stm32f3xx_hal_tim.o
                0x08001208                TIM_OC4_SetConfig
 .text.TIM_TI1_SetConfig
                0x08001270       0x64 Drivers\STM32F3xx_HAL_Driver\stm32f3xx_hal_tim.o
                0x08001270                TIM_TI1_SetConfig
 .text.HAL_TIM_IC_ConfigChannel
                0x080012d4      0x112 Drivers\STM32F3xx_HAL_Driver\stm32f3xx_hal_tim.o
                0x080012d4                HAL_TIM_IC_ConfigChannel
 .text.TIM_CCxChannelCmd
                0x080013e6       0x18 Drivers\STM32F3xx_HAL_Driver\stm32f3xx_hal_tim.o
                0x080013e6                TIM_CCxChannelCmd
 *fill*         0x080013fe        0x2 
 .text.HAL_TIM_PWM_Start
                0x08001400       0x4c Drivers\STM32F3xx_HAL_Driver\stm32f3xx_hal_tim.o
                0x08001400                HAL_TIM_PWM_Start
 .text.HAL_TIM_IC_Start_IT
                0x0800144c       0x58 Drivers\STM32F3xx_HAL_Driver\stm32f3xx_hal_tim.o
                0x0800144c                HAL_TIM_IC_Start_IT
 .text.HAL_RCC_OscConfig
                0x080014a4      0x594 Drivers\STM32F3xx_HAL_Driver\stm32f3xx_hal_rcc.o
                0x080014a4                HAL_RCC_OscConfig
 .text.HAL_RCC_ClockConfig
                0x08001a38      0x21c Drivers\STM32F3xx_HAL_Driver\stm32f3xx_hal_rcc.o
                0x08001a38                HAL_RCC_ClockConfig
 .text.HAL_RCC_GetSysClockFreq
                0x08001c54       0x64 Drivers\STM32F3xx_HAL_Driver\stm32f3xx_hal_rcc.o
                0x08001c54                HAL_RCC_GetSysClockFreq
 .text.HAL_RCC_GetHCLKFreq
                0x08001cb8       0x34 Drivers\STM32F3xx_HAL_Driver\stm32f3xx_hal_rcc.o
                0x08001cb8                HAL_RCC_GetHCLKFreq
 .text.HAL_GPIO_Init
                0x08001cec      0x1a4 Drivers\STM32F3xx_HAL_Driver\stm32f3xx_hal_gpio.o
                0x08001cec                HAL_GPIO_Init
 .text.HAL_GPIO_ReadPin
                0x08001e90        0xc Drivers\STM32F3xx_HAL_Driver\stm32f3xx_hal_gpio.o
                0x08001e90                HAL_GPIO_ReadPin
 .text.HAL_GPIO_WritePin
                0x08001e9c        0xa Drivers\STM32F3xx_HAL_Driver\stm32f3xx_hal_gpio.o
                0x08001e9c                HAL_GPIO_WritePin
 .text.HAL_DMA_Init
                0x08001ea6       0x4a Drivers\STM32F3xx_HAL_Driver\stm32f3xx_hal_dma.o
                0x08001ea6                HAL_DMA_Init
 .text.HAL_DMA_Start_IT
                0x08001ef0       0x5a Drivers\STM32F3xx_HAL_Driver\stm32f3xx_hal_dma.o
                0x08001ef0                HAL_DMA_Start_IT
 *fill*         0x08001f4a        0x2 
 .text.HAL_NVIC_SetPriorityGrouping
                0x08001f4c       0x24 Drivers\STM32F3xx_HAL_Driver\stm32f3xx_hal_cortex.o
                0x08001f4c                HAL_NVIC_SetPriorityGrouping
 .text.HAL_NVIC_SetPriority
                0x08001f70       0x64 Drivers\STM32F3xx_HAL_Driver\stm32f3xx_hal_cortex.o
                0x08001f70                HAL_NVIC_SetPriority
 .text.HAL_NVIC_EnableIRQ
                0x08001fd4       0x18 Drivers\STM32F3xx_HAL_Driver\stm32f3xx_hal_cortex.o
                0x08001fd4                HAL_NVIC_EnableIRQ
 .text.HAL_SYSTICK_Config
                0x08001fec       0x2c Drivers\STM32F3xx_HAL_Driver\stm32f3xx_hal_cortex.o
                0x08001fec                HAL_SYSTICK_Config
 .text.ADC_Disable
                0x08002018       0x70 Drivers\STM32F3xx_HAL_Driver\stm32f3xx_hal_adc_ex.o
 .text.ADC_Enable
                0x08002088       0x5c Drivers\STM32F3xx_HAL_Driver\stm32f3xx_hal_adc_ex.o
 .text.ADC_DMAError
                0x080020e4       0x16 Drivers\STM32F3xx_HAL_Driver\stm32f3xx_hal_adc_ex.o
 .text.ADC_DMAHalfConvCplt
                0x080020fa        0x6 Drivers\STM32F3xx_HAL_Driver\stm32f3xx_hal_adc_ex.o
 .text.ADC_DMAConvCplt
                0x08002100       0x4a Drivers\STM32F3xx_HAL_Driver\stm32f3xx_hal_adc_ex.o
 *fill*         0x0800214a        0x2 
 .text.HAL_ADC_Init
                0x0800214c      0x238 Drivers\STM32F3xx_HAL_Driver\stm32f3xx_hal_adc_ex.o
                0x0800214c                HAL_ADC_Init
 .text.HAL_ADC_Start
                0x08002384      0x158 Drivers\STM32F3xx_HAL_Driver\stm32f3xx_hal_adc_ex.o
                0x08002384                HAL_ADC_Start
 .text.HAL_ADC_Start_DMA
                0x080024dc      0x14c Drivers\STM32F3xx_HAL_Driver\stm32f3xx_hal_adc_ex.o
                0x080024dc                HAL_ADC_Start_DMA
 .text.HAL_ADC_GetValue
                0x08002628        0x6 Drivers\STM32F3xx_HAL_Driver\stm32f3xx_hal_adc_ex.o
                0x08002628                HAL_ADC_GetValue
 *fill*         0x0800262e        0x2 
 .text.HAL_ADC_ConfigChannel
                0x08002630      0x310 Drivers\STM32F3xx_HAL_Driver\stm32f3xx_hal_adc_ex.o
                0x08002630                HAL_ADC_ConfigChannel
 .text.HAL_ADC_MspInit
                0x08002940        0x2 Drivers\STM32F3xx_HAL_Driver\stm32f3xx_hal_adc.o
                0x08002940                HAL_ADC_MspInit
 .text.HAL_ADC_ConvCpltCallback
                0x08002942        0x2 Drivers\STM32F3xx_HAL_Driver\stm32f3xx_hal_adc.o
                0x08002942                HAL_ADC_ConvCpltCallback
 .text.HAL_ADC_ConvHalfCpltCallback
                0x08002944        0x2 Drivers\STM32F3xx_HAL_Driver\stm32f3xx_hal_adc.o
                0x08002944                HAL_ADC_ConvHalfCpltCallback
 .text.HAL_ADC_ErrorCallback
                0x08002946        0x2 Drivers\STM32F3xx_HAL_Driver\stm32f3xx_hal_adc.o
                0x08002946                HAL_ADC_ErrorCallback
 .text.HAL_MspInit
                0x08002948        0x2 Drivers\STM32F3xx_HAL_Driver\stm32f3xx_hal.o
                0x08002948                HAL_MspInit
 .text.HAL_InitTick
                0x0800294a       0x24 Drivers\STM32F3xx_HAL_Driver\stm32f3xx_hal.o
                0x0800294a                HAL_InitTick
 *fill*         0x0800296e        0x2 
 .text.HAL_Init
                0x08002970       0x24 Drivers\STM32F3xx_HAL_Driver\stm32f3xx_hal.o
                0x08002970                HAL_Init
 .text.HAL_IncTick
                0x08002994       0x10 Drivers\STM32F3xx_HAL_Driver\stm32f3xx_hal.o
                0x08002994                HAL_IncTick
 .text.HAL_GetTick
                0x080029a4        0xc Drivers\STM32F3xx_HAL_Driver\stm32f3xx_hal.o
                0x080029a4                HAL_GetTick
 .text.HAL_Delay
                0x080029b0       0x1a Drivers\STM32F3xx_HAL_Driver\stm32f3xx_hal.o
                0x080029b0                HAL_Delay
 *fill*         0x080029ca        0x2 
 .text.SystemInit
                0x080029cc       0x68 Drivers\CMSIS\system_stm32f3xx.o
                0x080029cc                SystemInit
 .text.BSP_LED_Init
                0x08002a34      0x10c Drivers\BSP\STM32F3-Discovery\stm32f3_discovery.o
                0x08002a34                BSP_LED_Init
 .text.BSP_LED_On
                0x08002b40       0x1c Drivers\BSP\STM32F3-Discovery\stm32f3_discovery.o
                0x08002b40                BSP_LED_On
 .text.BSP_LED_Off
                0x08002b5c       0x1c Drivers\BSP\STM32F3-Discovery\stm32f3_discovery.o
                0x08002b5c                BSP_LED_Off
 .text.BSP_PB_Init
                0x08002b78       0x88 Drivers\BSP\STM32F3-Discovery\stm32f3_discovery.o
                0x08002b78                BSP_PB_Init
 .text.BSP_PB_GetState
                0x08002c00       0x14 Drivers\BSP\STM32F3-Discovery\stm32f3_discovery.o
                0x08002c00                BSP_PB_GetState
 .text.__libc_init_array
                0x08002c14       0x4c c:/program files (x86)/atollic/truestudio for arm 5.4.0/armtools/bin/../lib/gcc/arm-atollic-eabi/4.8.3/../../../../arm-atollic-eabi/lib/armv7e-m/fpv4-sp-d16\libc.a(lib_a-init.o)
                0x08002c14                __libc_init_array
 *(.glue_7)
 .glue_7        0x00000000        0x0 linker stubs
 *(.glue_7t)
 .glue_7t       0x00000000        0x0 linker stubs
 *(.eh_frame)
 .eh_frame      0x08002c60        0x0 c:/program files (x86)/atollic/truestudio for arm 5.4.0/armtools/bin/../lib/gcc/arm-atollic-eabi/4.8.3/armv7e-m/fpv4-sp-d16/crtbegin.o
 *(.init)
 .init          0x08002c60        0x4 c:/program files (x86)/atollic/truestudio for arm 5.4.0/armtools/bin/../lib/gcc/arm-atollic-eabi/4.8.3/armv7e-m/fpv4-sp-d16/crti.o
                0x08002c60                _init
 .init          0x08002c64        0x8 c:/program files (x86)/atollic/truestudio for arm 5.4.0/armtools/bin/../lib/gcc/arm-atollic-eabi/4.8.3/armv7e-m/fpv4-sp-d16/crtn.o
 *(.fini)
 .fini          0x08002c6c        0x4 c:/program files (x86)/atollic/truestudio for arm 5.4.0/armtools/bin/../lib/gcc/arm-atollic-eabi/4.8.3/armv7e-m/fpv4-sp-d16/crti.o
                0x08002c6c                _fini
 .fini          0x08002c70        0x8 c:/program files (x86)/atollic/truestudio for arm 5.4.0/armtools/bin/../lib/gcc/arm-atollic-eabi/4.8.3/armv7e-m/fpv4-sp-d16/crtn.o
                0x08002c78                . = ALIGN (0x4)
                0x08002c78                _etext = .

.vfp11_veneer   0x08002c78        0x0
 .vfp11_veneer  0x00000000        0x0 linker stubs

.v4_bx          0x08002c78        0x0
 .v4_bx         0x00000000        0x0 linker stubs

.iplt           0x08002c78        0x0
 .iplt          0x00000000        0x0 c:/program files (x86)/atollic/truestudio for arm 5.4.0/armtools/bin/../lib/gcc/arm-atollic-eabi/4.8.3/armv7e-m/fpv4-sp-d16/crtbegin.o

.rodata         0x08002c78       0x40
                0x08002c78                . = ALIGN (0x4)
 *(.rodata)
 *(.rodata*)
 .rodata.aPredivFactorTable
                0x08002c78       0x10 Drivers\STM32F3xx_HAL_Driver\stm32f3xx_hal_rcc.o
                0x08002c78                aPredivFactorTable
 .rodata.aPLLMULFactorTable
                0x08002c88       0x10 Drivers\STM32F3xx_HAL_Driver\stm32f3xx_hal_rcc.o
                0x08002c88                aPLLMULFactorTable
 .rodata.aAPBAHBPrescTable
                0x08002c98       0x10 Drivers\STM32F3xx_HAL_Driver\stm32f3xx_hal_rcc.o
                0x08002c98                aAPBAHBPrescTable
 .rodata.LED_PIN
                0x08002ca8       0x10 Drivers\BSP\STM32F3-Discovery\stm32f3_discovery.o
                0x08002ca8                LED_PIN
                0x08002cb8                . = ALIGN (0x4)

.rel.dyn        0x08002cb8        0x0
 .rel.iplt      0x00000000        0x0 c:/program files (x86)/atollic/truestudio for arm 5.4.0/armtools/bin/../lib/gcc/arm-atollic-eabi/4.8.3/armv7e-m/fpv4-sp-d16/crtbegin.o

.ARM.extab
 *(.ARM.extab* .gnu.linkonce.armextab.*)

.ARM            0x08002cb8        0x0
                0x08002cb8                __exidx_start = .
 *(.ARM.exidx*)
                0x08002cb8                __exidx_end = .

.preinit_array  0x08002cb8        0x0
                0x08002cb8                PROVIDE (__preinit_array_start, .)
 *(.preinit_array*)
                0x08002cb8                PROVIDE (__preinit_array_end, .)

.init_array     0x08002cb8        0x4
                0x08002cb8                PROVIDE (__init_array_start, .)
 *(SORT(.init_array.*))
 *(.init_array*)
 .init_array    0x08002cb8        0x4 c:/program files (x86)/atollic/truestudio for arm 5.4.0/armtools/bin/../lib/gcc/arm-atollic-eabi/4.8.3/armv7e-m/fpv4-sp-d16/crtbegin.o
                0x08002cbc                PROVIDE (__init_array_end, .)

.fini_array     0x08002cbc        0x4
                0x08002cbc                PROVIDE (__fini_array_start, .)
 *(SORT(.fini_array.*))
 *(.fini_array*)
 .fini_array    0x08002cbc        0x4 c:/program files (x86)/atollic/truestudio for arm 5.4.0/armtools/bin/../lib/gcc/arm-atollic-eabi/4.8.3/armv7e-m/fpv4-sp-d16/crtbegin.o
                0x08002cc0                PROVIDE (__fini_array_end, .)
                0x08002cc0                _sidata = LOADADDR (.data)

.data           0x20000000       0x70 load address 0x08002cc0
                0x20000000                . = ALIGN (0x4)
                0x20000000                _sdata = .
 *(.data)
 *(.data*)
 .data.FULLSPEED
                0x20000000        0x4 Example\User\robotcontrol.o
                0x20000000                FULLSPEED
 .data.directions
                0x20000004       0x40 Example\User\robotcontrol.o
                0x20000004                directions
 .data.SLOWSPEED
                0x20000044        0x4 Example\User\robotcontrol.o
                0x20000044                SLOWSPEED
 .data.SystemCoreClock
                0x20000048        0x4 Drivers\CMSIS\system_stm32f3xx.o
                0x20000048                SystemCoreClock
 .data.BUTTON_PORT
                0x2000004c        0x4 Drivers\BSP\STM32F3-Discovery\stm32f3_discovery.o
                0x2000004c                BUTTON_PORT
 .data.LED_PORT
                0x20000050       0x20 Drivers\BSP\STM32F3-Discovery\stm32f3_discovery.o
                0x20000050                LED_PORT
                0x20000070                . = ALIGN (0x4)
                0x20000070                _edata = .
                0x08002d30                _siccmram = LOADADDR (.ccmram)

.igot.plt       0x20000070        0x0 load address 0x08002d30
 .igot.plt      0x00000000        0x0 c:/program files (x86)/atollic/truestudio for arm 5.4.0/armtools/bin/../lib/gcc/arm-atollic-eabi/4.8.3/armv7e-m/fpv4-sp-d16/crtbegin.o

.ccmram         0x10000000        0x0 load address 0x08002d30
                0x10000000                . = ALIGN (0x4)
                0x10000000                _sccmram = .
 *(.ccmram)
 *(.ccmram*)
                0x10000000                . = ALIGN (0x4)
                0x10000000                _eccmram = .
                0x10000000                . = ALIGN (0x4)

.bss            0x20000070      0x2a4
                0x20000070                _sbss = .
                0x20000070                __bss_start__ = _sbss
 *(.bss)
 .bss           0x20000070       0x1c c:/program files (x86)/atollic/truestudio for arm 5.4.0/armtools/bin/../lib/gcc/arm-atollic-eabi/4.8.3/armv7e-m/fpv4-sp-d16/crtbegin.o
 *(.bss*)
 .bss.TimHandle
                0x2000008c       0x3c Example\User\wheelencoder.o
 .bss.TimHandle2
                0x200000c8       0x3c Example\User\wheelencoder.o
 .bss.encoderSpeed2
                0x20000104        0x4 Example\User\wheelencoder.o
 .bss.on1       0x20000108        0x4 Example\User\wheelencoder.o
 .bss.on2       0x2000010c        0x4 Example\User\wheelencoder.o
 .bss.encoderSpeed
                0x20000110        0x4 Example\User\wheelencoder.o
 .bss.hadc2     0x20000114       0x54 Example\User\qre1113.o
 .bss.TimHandle
                0x20000168       0x78 Example\User\hcsr04.o
 .bss.distance  0x200001e0        0x8 Example\User\hcsr04.o
 .bss.startTime
                0x200001e8        0x8 Example\User\hcsr04.o
 .bss.measurementComplete
                0x200001f0        0x8 Example\User\hcsr04.o
 .bss.timeouts  0x200001f8        0x8 Example\User\hcsr04.o
 .bss.TimHandle
                0x20000200       0x3c Example\User\drv8701.o
 .bss.TimHandle2
                0x2000023c       0x3c Example\User\drv8701.o
 .bss.uwTick    0x20000278        0x4 Drivers\STM32F3xx_HAL_Driver\stm32f3xx_hal.o
 *(COMMON)
 COMMON         0x2000027c       0x38 Example\User\stm32f3xx_hal_msp.o
                0x2000027c                hdma_adc3
 COMMON         0x200002b4       0x60 Example\User\qre1113.o
                0x200002b4                hadc1
                0x20000308                dmabuffer
                0x20000314                . = ALIGN (0x4)
                0x20000314                _ebss = .
                0x20000314                __bss_end__ = _ebss

._user_heap_stack
                0x20000314      0x600
                0x20000314                . = ALIGN (0x4)
                0x20000314                PROVIDE (end, .)
                0x20000314                PROVIDE (_end, .)
                0x20000514                . = (. + _Min_Heap_Size)
 *fill*         0x20000314      0x200 
                0x20000914                . = (. + _Min_Stack_Size)
 *fill*         0x20000514      0x400 
                0x20000914                . = ALIGN (0x4)

/DISCARD/
 libc.a(*)
 libm.a(*)
 libgcc.a(*)

.ARM.attributes
                0x00000000       0x2e
 *(.ARM.attributes)
 .ARM.attributes
                0x00000000       0x22 c:/program files (x86)/atollic/truestudio for arm 5.4.0/armtools/bin/../lib/gcc/arm-atollic-eabi/4.8.3/armv7e-m/fpv4-sp-d16/crti.o
 .ARM.attributes
                0x00000022       0x2e c:/program files (x86)/atollic/truestudio for arm 5.4.0/armtools/bin/../lib/gcc/arm-atollic-eabi/4.8.3/armv7e-m/fpv4-sp-d16/crtbegin.o
 .ARM.attributes
                0x00000050       0x37 Example\User\wheelencoder.o
 .ARM.attributes
                0x00000087       0x37 Example\User\stm32f3xx_it.o
 .ARM.attributes
                0x000000be       0x37 Example\User\stm32f3xx_hal_msp.o
 .ARM.attributes
                0x000000f5       0x37 Example\User\robotcontrol.o
 .ARM.attributes
                0x0000012c       0x37 Example\User\qre1113.o
 .ARM.attributes
                0x00000163       0x37 Example\User\main.o
 .ARM.attributes
                0x0000019a       0x37 Example\User\hcsr04.o
 .ARM.attributes
                0x000001d1       0x37 Example\User\drv8701.o
 .ARM.attributes
                0x00000208       0x21 Example\TrueSTUDIO\startup_stm32f303xc.o
 .ARM.attributes
                0x00000229       0x37 Drivers\STM32F3xx_HAL_Driver\stm32f3xx_hal_tim_ex.o
 .ARM.attributes
                0x00000260       0x37 Drivers\STM32F3xx_HAL_Driver\stm32f3xx_hal_tim.o
 .ARM.attributes
                0x00000297       0x37 Drivers\STM32F3xx_HAL_Driver\stm32f3xx_hal_rcc.o
 .ARM.attributes
                0x000002ce       0x37 Drivers\STM32F3xx_HAL_Driver\stm32f3xx_hal_gpio.o
 .ARM.attributes
                0x00000305       0x37 Drivers\STM32F3xx_HAL_Driver\stm32f3xx_hal_dma.o
 .ARM.attributes
                0x0000033c       0x37 Drivers\STM32F3xx_HAL_Driver\stm32f3xx_hal_cortex.o
 .ARM.attributes
                0x00000373       0x37 Drivers\STM32F3xx_HAL_Driver\stm32f3xx_hal_adc_ex.o
 .ARM.attributes
                0x000003aa       0x37 Drivers\STM32F3xx_HAL_Driver\stm32f3xx_hal_adc.o
 .ARM.attributes
                0x000003e1       0x37 Drivers\STM32F3xx_HAL_Driver\stm32f3xx_hal.o
 .ARM.attributes
                0x00000418       0x37 Drivers\CMSIS\system_stm32f3xx.o
 .ARM.attributes
                0x0000044f       0x37 Drivers\BSP\STM32F3-Discovery\stm32f3_discovery.o
 .ARM.attributes
                0x00000486       0x2e c:/program files (x86)/atollic/truestudio for arm 5.4.0/armtools/bin/../lib/gcc/arm-atollic-eabi/4.8.3/../../../../arm-atollic-eabi/lib/armv7e-m/fpv4-sp-d16\libc.a(lib_a-init.o)
 .ARM.attributes
                0x000004b4       0x22 c:/program files (x86)/atollic/truestudio for arm 5.4.0/armtools/bin/../lib/gcc/arm-atollic-eabi/4.8.3/armv7e-m/fpv4-sp-d16/crtn.o
OUTPUT(STM32F3-Discovery.elf elf32-littlearm)

.debug_info     0x00000000    0x102d8
 .debug_info    0x00000000      0x807 Example\User\wheelencoder.o
 .debug_info    0x00000807      0x150 Example\User\stm32f3xx_it.o
 .debug_info    0x00000957     0x1135 Example\User\stm32f3xx_hal_msp.o
 .debug_info    0x00001a8c      0x75b Example\User\robotcontrol.o
 .debug_info    0x000021e7      0x84c Example\User\qre1113.o
 .debug_info    0x00002a33      0x3fc Example\User\main.o
 .debug_info    0x00002e2f      0x9d1 Example\User\hcsr04.o
 .debug_info    0x00003800      0x7c9 Example\User\drv8701.o
 .debug_info    0x00003fc9       0xab Example\TrueSTUDIO\startup_stm32f303xc.o
 .debug_info    0x00004074     0x15e1 Drivers\STM32F3xx_HAL_Driver\stm32f3xx_hal_tim_ex.o
 .debug_info    0x00005655     0x32c4 Drivers\STM32F3xx_HAL_Driver\stm32f3xx_hal_tim.o
 .debug_info    0x00008919     0x1627 Drivers\STM32F3xx_HAL_Driver\stm32f3xx_hal_rcc.o
 .debug_info    0x00009f40      0x65e Drivers\STM32F3xx_HAL_Driver\stm32f3xx_hal_gpio.o
 .debug_info    0x0000a59e      0x629 Drivers\STM32F3xx_HAL_Driver\stm32f3xx_hal_dma.o
 .debug_info    0x0000abc7      0xe12 Drivers\STM32F3xx_HAL_Driver\stm32f3xx_hal_cortex.o
 .debug_info    0x0000b9d9     0x1a19 Drivers\STM32F3xx_HAL_Driver\stm32f3xx_hal_adc_ex.o
 .debug_info    0x0000d3f2      0xa99 Drivers\STM32F3xx_HAL_Driver\stm32f3xx_hal_adc.o
 .debug_info    0x0000de8b      0x71f Drivers\STM32F3xx_HAL_Driver\stm32f3xx_hal.o
 .debug_info    0x0000e5aa      0x3b2 Drivers\CMSIS\system_stm32f3xx.o
 .debug_info    0x0000e95c     0x197c Drivers\BSP\STM32F3-Discovery\stm32f3_discovery.o

.debug_abbrev   0x00000000     0x2691
 .debug_abbrev  0x00000000      0x1eb Example\User\wheelencoder.o
 .debug_abbrev  0x000001eb       0xa0 Example\User\stm32f3xx_it.o
 .debug_abbrev  0x0000028b      0x1ce Example\User\stm32f3xx_hal_msp.o
 .debug_abbrev  0x00000459      0x1ac Example\User\robotcontrol.o
 .debug_abbrev  0x00000605      0x1c8 Example\User\qre1113.o
 .debug_abbrev  0x000007cd      0x1b7 Example\User\main.o
 .debug_abbrev  0x00000984      0x211 Example\User\hcsr04.o
 .debug_abbrev  0x00000b95      0x1c1 Example\User\drv8701.o
 .debug_abbrev  0x00000d56       0x12 Example\TrueSTUDIO\startup_stm32f303xc.o
 .debug_abbrev  0x00000d68      0x23c Drivers\STM32F3xx_HAL_Driver\stm32f3xx_hal_tim_ex.o
 .debug_abbrev  0x00000fa4      0x314 Drivers\STM32F3xx_HAL_Driver\stm32f3xx_hal_tim.o
 .debug_abbrev  0x000012b8      0x2f8 Drivers\STM32F3xx_HAL_Driver\stm32f3xx_hal_rcc.o
 .debug_abbrev  0x000015b0      0x1c6 Drivers\STM32F3xx_HAL_Driver\stm32f3xx_hal_gpio.o
 .debug_abbrev  0x00001776      0x211 Drivers\STM32F3xx_HAL_Driver\stm32f3xx_hal_dma.o
 .debug_abbrev  0x00001987      0x2c4 Drivers\STM32F3xx_HAL_Driver\stm32f3xx_hal_cortex.o
 .debug_abbrev  0x00001c4b      0x2b1 Drivers\STM32F3xx_HAL_Driver\stm32f3xx_hal_adc_ex.o
 .debug_abbrev  0x00001efc      0x15d Drivers\STM32F3xx_HAL_Driver\stm32f3xx_hal_adc.o
 .debug_abbrev  0x00002059      0x1e2 Drivers\STM32F3xx_HAL_Driver\stm32f3xx_hal.o
 .debug_abbrev  0x0000223b      0x101 Drivers\CMSIS\system_stm32f3xx.o
 .debug_abbrev  0x0000233c      0x355 Drivers\BSP\STM32F3-Discovery\stm32f3_discovery.o

.debug_aranges  0x00000000      0xbf0
 .debug_aranges
                0x00000000       0x48 Example\User\wheelencoder.o
 .debug_aranges
                0x00000048       0x60 Example\User\stm32f3xx_it.o
 .debug_aranges
                0x000000a8       0x20 Example\User\stm32f3xx_hal_msp.o
 .debug_aranges
                0x000000c8       0x28 Example\User\robotcontrol.o
 .debug_aranges
                0x000000f0       0x28 Example\User\qre1113.o
 .debug_aranges
                0x00000118       0x20 Example\User\main.o
 .debug_aranges
                0x00000138       0x40 Example\User\hcsr04.o
 .debug_aranges
                0x00000178       0x28 Example\User\drv8701.o
 .debug_aranges
                0x000001a0       0x28 Example\TrueSTUDIO\startup_stm32f303xc.o
 .debug_aranges
                0x000001c8      0x170 Drivers\STM32F3xx_HAL_Driver\stm32f3xx_hal_tim_ex.o
 .debug_aranges
                0x00000338      0x338 Drivers\STM32F3xx_HAL_Driver\stm32f3xx_hal_tim.o
 .debug_aranges
                0x00000670       0x88 Drivers\STM32F3xx_HAL_Driver\stm32f3xx_hal_rcc.o
 .debug_aranges
                0x000006f8       0x58 Drivers\STM32F3xx_HAL_Driver\stm32f3xx_hal_gpio.o
 .debug_aranges
                0x00000750       0x60 Drivers\STM32F3xx_HAL_Driver\stm32f3xx_hal_dma.o
 .debug_aranges
                0x000007b0       0x98 Drivers\STM32F3xx_HAL_Driver\stm32f3xx_hal_cortex.o
 .debug_aranges
                0x00000848      0x168 Drivers\STM32F3xx_HAL_Driver\stm32f3xx_hal_adc_ex.o
 .debug_aranges
                0x000009b0       0xc8 Drivers\STM32F3xx_HAL_Driver\stm32f3xx_hal_adc.o
 .debug_aranges
                0x00000a78       0xb0 Drivers\STM32F3xx_HAL_Driver\stm32f3xx_hal.o
 .debug_aranges
                0x00000b28       0x28 Drivers\CMSIS\system_stm32f3xx.o
 .debug_aranges
                0x00000b50       0xa0 Drivers\BSP\STM32F3-Discovery\stm32f3_discovery.o

.debug_ranges   0x00000000      0xf00
 .debug_ranges  0x00000000       0x38 Example\User\wheelencoder.o
 .debug_ranges  0x00000038       0x50 Example\User\stm32f3xx_it.o
 .debug_ranges  0x00000088       0x68 Example\User\stm32f3xx_hal_msp.o
 .debug_ranges  0x000000f0       0x18 Example\User\robotcontrol.o
 .debug_ranges  0x00000108       0x18 Example\User\qre1113.o
 .debug_ranges  0x00000120       0x10 Example\User\main.o
 .debug_ranges  0x00000130       0x30 Example\User\hcsr04.o
 .debug_ranges  0x00000160       0x18 Example\User\drv8701.o
 .debug_ranges  0x00000178       0x20 Example\TrueSTUDIO\startup_stm32f303xc.o
 .debug_ranges  0x00000198      0x160 Drivers\STM32F3xx_HAL_Driver\stm32f3xx_hal_tim_ex.o
 .debug_ranges  0x000002f8      0x3a0 Drivers\STM32F3xx_HAL_Driver\stm32f3xx_hal_tim.o
 .debug_ranges  0x00000698      0x1f8 Drivers\STM32F3xx_HAL_Driver\stm32f3xx_hal_rcc.o
 .debug_ranges  0x00000890       0x60 Drivers\STM32F3xx_HAL_Driver\stm32f3xx_hal_gpio.o
 .debug_ranges  0x000008f0       0x50 Drivers\STM32F3xx_HAL_Driver\stm32f3xx_hal_dma.o
 .debug_ranges  0x00000940       0xd8 Drivers\STM32F3xx_HAL_Driver\stm32f3xx_hal_cortex.o
 .debug_ranges  0x00000a18      0x158 Drivers\STM32F3xx_HAL_Driver\stm32f3xx_hal_adc_ex.o
 .debug_ranges  0x00000b70       0xb8 Drivers\STM32F3xx_HAL_Driver\stm32f3xx_hal_adc.o
 .debug_ranges  0x00000c28       0xa0 Drivers\STM32F3xx_HAL_Driver\stm32f3xx_hal.o
 .debug_ranges  0x00000cc8       0x18 Drivers\CMSIS\system_stm32f3xx.o
 .debug_ranges  0x00000ce0      0x220 Drivers\BSP\STM32F3-Discovery\stm32f3_discovery.o

.debug_line     0x00000000     0x6b01
 .debug_line    0x00000000      0x2db Example\User\wheelencoder.o
 .debug_line    0x000002db      0x231 Example\User\stm32f3xx_it.o
 .debug_line    0x0000050c      0x357 Example\User\stm32f3xx_hal_msp.o
 .debug_line    0x00000863      0x297 Example\User\robotcontrol.o
 .debug_line    0x00000afa      0x2c4 Example\User\qre1113.o
 .debug_line    0x00000dbe      0x25d Example\User\main.o
 .debug_line    0x0000101b      0x2ef Example\User\hcsr04.o
 .debug_line    0x0000130a      0x290 Example\User\drv8701.o
 .debug_line    0x0000159a       0x7a Example\TrueSTUDIO\startup_stm32f303xc.o
 .debug_line    0x00001614      0x953 Drivers\STM32F3xx_HAL_Driver\stm32f3xx_hal_tim_ex.o
 .debug_line    0x00001f67     0x129e Drivers\STM32F3xx_HAL_Driver\stm32f3xx_hal_tim.o
 .debug_line    0x00003205      0x8ac Drivers\STM32F3xx_HAL_Driver\stm32f3xx_hal_rcc.o
 .debug_line    0x00003ab1      0x3c3 Drivers\STM32F3xx_HAL_Driver\stm32f3xx_hal_gpio.o
 .debug_line    0x00003e74      0x662 Drivers\STM32F3xx_HAL_Driver\stm32f3xx_hal_dma.o
 .debug_line    0x000044d6      0x435 Drivers\STM32F3xx_HAL_Driver\stm32f3xx_hal_cortex.o
 .debug_line    0x0000490b     0x1310 Drivers\STM32F3xx_HAL_Driver\stm32f3xx_hal_adc_ex.o
 .debug_line    0x00005c1b      0x3e2 Drivers\STM32F3xx_HAL_Driver\stm32f3xx_hal_adc.o
 .debug_line    0x00005ffd      0x3b1 Drivers\STM32F3xx_HAL_Driver\stm32f3xx_hal.o
 .debug_line    0x000063ae      0x1f3 Drivers\CMSIS\system_stm32f3xx.o
 .debug_line    0x000065a1      0x560 Drivers\BSP\STM32F3-Discovery\stm32f3_discovery.o

.debug_str      0x00000000     0x41e1
 .debug_str     0x00000000      0x6bb Example\User\wheelencoder.o
                                0x772 (size before relaxing)
 .debug_str     0x000006bb       0xb8 Example\User\stm32f3xx_it.o
                                0x290 (size before relaxing)
 .debug_str     0x00000773      0x78e Example\User\stm32f3xx_hal_msp.o
                                0xda4 (size before relaxing)
 .debug_str     0x00000f01      0x3c6 Example\User\robotcontrol.o
                                0x641 (size before relaxing)
 .debug_str     0x000012c7       0xb0 Example\User\qre1113.o
                                0x74d (size before relaxing)
 .debug_str     0x00001377      0x177 Example\User\main.o
                                0x466 (size before relaxing)
 .debug_str     0x000014ee      0x102 Example\User\hcsr04.o
                                0x80e (size before relaxing)
 .debug_str     0x000015f0       0xb9 Example\User\drv8701.o
                                0x748 (size before relaxing)
 .debug_str     0x000016a9      0x7b9 Drivers\STM32F3xx_HAL_Driver\stm32f3xx_hal_tim_ex.o
                                0xe27 (size before relaxing)
 .debug_str     0x00001e62      0xa0f Drivers\STM32F3xx_HAL_Driver\stm32f3xx_hal_tim.o
                               0x13a3 (size before relaxing)
 .debug_str     0x00002871      0x243 Drivers\STM32F3xx_HAL_Driver\stm32f3xx_hal_rcc.o
                                0x6b1 (size before relaxing)
 .debug_str     0x00002ab4      0x139 Drivers\STM32F3xx_HAL_Driver\stm32f3xx_hal_gpio.o
                                0x4b0 (size before relaxing)
 .debug_str     0x00002bed      0x131 Drivers\STM32F3xx_HAL_Driver\stm32f3xx_hal_dma.o
                                0x574 (size before relaxing)
 .debug_str     0x00002d1e      0x3d1 Drivers\STM32F3xx_HAL_Driver\stm32f3xx_hal_cortex.o
                                0xb7d (size before relaxing)
 .debug_str     0x000030ef      0x7cf Drivers\STM32F3xx_HAL_Driver\stm32f3xx_hal_adc_ex.o
                                0xf48 (size before relaxing)
 .debug_str     0x000038be       0x6f Drivers\STM32F3xx_HAL_Driver\stm32f3xx_hal_adc.o
                                0x90b (size before relaxing)
 .debug_str     0x0000392d      0x1aa Drivers\STM32F3xx_HAL_Driver\stm32f3xx_hal.o
                                0x935 (size before relaxing)
 .debug_str     0x00003ad7       0x60 Drivers\CMSIS\system_stm32f3xx.o
                                0x328 (size before relaxing)
 .debug_str     0x00003b37      0x6aa Drivers\BSP\STM32F3-Discovery\stm32f3_discovery.o
                               0x1194 (size before relaxing)

.comment        0x00000000       0x82
 .comment       0x00000000       0x82 Example\User\wheelencoder.o
                                 0x83 (size before relaxing)
 .comment       0x00000000       0x83 Example\User\stm32f3xx_it.o
 .comment       0x00000000       0x83 Example\User\stm32f3xx_hal_msp.o
 .comment       0x00000000       0x83 Example\User\robotcontrol.o
 .comment       0x00000000       0x83 Example\User\qre1113.o
 .comment       0x00000000       0x83 Example\User\main.o
 .comment       0x00000000       0x83 Example\User\hcsr04.o
 .comment       0x00000000       0x83 Example\User\drv8701.o
 .comment       0x00000000       0x83 Drivers\STM32F3xx_HAL_Driver\stm32f3xx_hal_tim_ex.o
 .comment       0x00000000       0x83 Drivers\STM32F3xx_HAL_Driver\stm32f3xx_hal_tim.o
 .comment       0x00000000       0x83 Drivers\STM32F3xx_HAL_Driver\stm32f3xx_hal_rcc.o
 .comment       0x00000000       0x83 Drivers\STM32F3xx_HAL_Driver\stm32f3xx_hal_gpio.o
 .comment       0x00000000       0x83 Drivers\STM32F3xx_HAL_Driver\stm32f3xx_hal_dma.o
 .comment       0x00000000       0x83 Drivers\STM32F3xx_HAL_Driver\stm32f3xx_hal_cortex.o
 .comment       0x00000000       0x83 Drivers\STM32F3xx_HAL_Driver\stm32f3xx_hal_adc_ex.o
 .comment       0x00000000       0x83 Drivers\STM32F3xx_HAL_Driver\stm32f3xx_hal_adc.o
 .comment       0x00000000       0x83 Drivers\STM32F3xx_HAL_Driver\stm32f3xx_hal.o
 .comment       0x00000000       0x83 Drivers\CMSIS\system_stm32f3xx.o
 .comment       0x00000000       0x83 Drivers\BSP\STM32F3-Discovery\stm32f3_discovery.o

.debug_frame    0x00000000     0x1d24
 .debug_frame   0x00000000       0x94 Example\User\wheelencoder.o
 .debug_frame   0x00000094       0xa0 Example\User\stm32f3xx_it.o
 .debug_frame   0x00000134       0x3c Example\User\stm32f3xx_hal_msp.o
 .debug_frame   0x00000170       0x50 Example\User\robotcontrol.o
 .debug_frame   0x000001c0       0x44 Example\User\qre1113.o
 .debug_frame   0x00000204       0x30 Example\User\main.o
 .debug_frame   0x00000234       0x90 Example\User\hcsr04.o
 .debug_frame   0x000002c4       0x44 Example\User\drv8701.o
 .debug_frame   0x00000308      0x414 Drivers\STM32F3xx_HAL_Driver\stm32f3xx_hal_tim_ex.o
 .debug_frame   0x0000071c      0x894 Drivers\STM32F3xx_HAL_Driver\stm32f3xx_hal_tim.o
 .debug_frame   0x00000fb0      0x13c Drivers\STM32F3xx_HAL_Driver\stm32f3xx_hal_rcc.o
 .debug_frame   0x000010ec       0xc8 Drivers\STM32F3xx_HAL_Driver\stm32f3xx_hal_gpio.o
 .debug_frame   0x000011b4       0xfc Drivers\STM32F3xx_HAL_Driver\stm32f3xx_hal_dma.o
 .debug_frame   0x000012b0      0x130 Drivers\STM32F3xx_HAL_Driver\stm32f3xx_hal_cortex.o
 .debug_frame   0x000013e0      0x438 Drivers\STM32F3xx_HAL_Driver\stm32f3xx_hal_adc_ex.o
 .debug_frame   0x00001818      0x170 Drivers\STM32F3xx_HAL_Driver\stm32f3xx_hal_adc.o
 .debug_frame   0x00001988      0x164 Drivers\STM32F3xx_HAL_Driver\stm32f3xx_hal.o
 .debug_frame   0x00001aec       0x38 Drivers\CMSIS\system_stm32f3xx.o
 .debug_frame   0x00001b24      0x1d4 Drivers\BSP\STM32F3-Discovery\stm32f3_discovery.o
 .debug_frame   0x00001cf8       0x2c c:/program files (x86)/atollic/truestudio for arm 5.4.0/armtools/bin/../lib/gcc/arm-atollic-eabi/4.8.3/../../../../arm-atollic-eabi/lib/armv7e-m/fpv4-sp-d16\libc.a(lib_a-init.o)

.debug_loc      0x00000000     0x7db9
 .debug_loc     0x00000000       0x21 Example\User\stm32f3xx_hal_msp.o
 .debug_loc     0x00000021       0x54 Example\User\robotcontrol.o
 .debug_loc     0x00000075       0x85 Example\User\qre1113.o
 .debug_loc     0x000000fa       0x77 Example\User\hcsr04.o
 .debug_loc     0x00000171       0x85 Example\User\drv8701.o
 .debug_loc     0x000001f6     0x10ae Drivers\STM32F3xx_HAL_Driver\stm32f3xx_hal_tim_ex.o
 .debug_loc     0x000012a4     0x317f Drivers\STM32F3xx_HAL_Driver\stm32f3xx_hal_tim.o
 .debug_loc     0x00004423      0xc8e Drivers\STM32F3xx_HAL_Driver\stm32f3xx_hal_rcc.o
 .debug_loc     0x000050b1      0x2d3 Drivers\STM32F3xx_HAL_Driver\stm32f3xx_hal_gpio.o
 .debug_loc     0x00005384      0x3c9 Drivers\STM32F3xx_HAL_Driver\stm32f3xx_hal_dma.o
 .debug_loc     0x0000574d      0x422 Drivers\STM32F3xx_HAL_Driver\stm32f3xx_hal_cortex.o
 .debug_loc     0x00005b6f     0x1ae4 Drivers\STM32F3xx_HAL_Driver\stm32f3xx_hal_adc_ex.o
 .debug_loc     0x00007653      0x1ef Drivers\STM32F3xx_HAL_Driver\stm32f3xx_hal_adc.o
 .debug_loc     0x00007842       0x49 Drivers\STM32F3xx_HAL_Driver\stm32f3xx_hal.o
 .debug_loc     0x0000788b       0xdb Drivers\CMSIS\system_stm32f3xx.o
 .debug_loc     0x00007966      0x453 Drivers\BSP\STM32F3-Discovery\stm32f3_discovery.o

Cross Reference Table

Symbol                                            File
ADC1_2_IRQHandler                                 Example\TrueSTUDIO\startup_stm32f303xc.o
ADC3_IRQHandler                                   Example\TrueSTUDIO\startup_stm32f303xc.o
ADC4_IRQHandler                                   Example\TrueSTUDIO\startup_stm32f303xc.o
AHBPrescTable                                     Drivers\CMSIS\system_stm32f3xx.o
BSP_GetVersion                                    Drivers\BSP\STM32F3-Discovery\stm32f3_discovery.o
BSP_LED_Init                                      Drivers\BSP\STM32F3-Discovery\stm32f3_discovery.o
                                                  Example\User\robotcontrol.o
BSP_LED_Off                                       Drivers\BSP\STM32F3-Discovery\stm32f3_discovery.o
                                                  Example\User\robotcontrol.o
BSP_LED_On                                        Drivers\BSP\STM32F3-Discovery\stm32f3_discovery.o
                                                  Example\User\main.o
                                                  Example\User\robotcontrol.o
BSP_LED_Toggle                                    Drivers\BSP\STM32F3-Discovery\stm32f3_discovery.o
BSP_PB_GetState                                   Drivers\BSP\STM32F3-Discovery\stm32f3_discovery.o
                                                  Example\User\robotcontrol.o
BSP_PB_Init                                       Drivers\BSP\STM32F3-Discovery\stm32f3_discovery.o
                                                  Example\User\robotcontrol.o
BUTTON_IRQn                                       Drivers\BSP\STM32F3-Discovery\stm32f3_discovery.o
BUTTON_PIN                                        Drivers\BSP\STM32F3-Discovery\stm32f3_discovery.o
BUTTON_PORT                                       Drivers\BSP\STM32F3-Discovery\stm32f3_discovery.o
BusFault_Handler                                  Example\User\stm32f3xx_it.o
CAN_RX1_IRQHandler                                Example\TrueSTUDIO\startup_stm32f303xc.o
CAN_SCE_IRQHandler                                Example\TrueSTUDIO\startup_stm32f303xc.o
COMP1_2_3_IRQHandler                              Example\TrueSTUDIO\startup_stm32f303xc.o
COMP4_5_6_IRQHandler                              Example\TrueSTUDIO\startup_stm32f303xc.o
COMP7_IRQHandler                                  Example\TrueSTUDIO\startup_stm32f303xc.o
COMPASSACCELERO_IO_ITConfig                       Drivers\BSP\STM32F3-Discovery\stm32f3_discovery.o
COMPASSACCELERO_IO_Init                           Drivers\BSP\STM32F3-Discovery\stm32f3_discovery.o
COMPASSACCELERO_IO_Read                           Drivers\BSP\STM32F3-Discovery\stm32f3_discovery.o
COMPASSACCELERO_IO_Write                          Drivers\BSP\STM32F3-Discovery\stm32f3_discovery.o
DMA1_Channel1_IRQHandler                          Example\TrueSTUDIO\startup_stm32f303xc.o
DMA1_Channel2_IRQHandler                          Example\TrueSTUDIO\startup_stm32f303xc.o
DMA1_Channel3_IRQHandler                          Example\TrueSTUDIO\startup_stm32f303xc.o
DMA1_Channel4_IRQHandler                          Example\TrueSTUDIO\startup_stm32f303xc.o
DMA1_Channel5_IRQHandler                          Example\TrueSTUDIO\startup_stm32f303xc.o
DMA1_Channel6_IRQHandler                          Example\TrueSTUDIO\startup_stm32f303xc.o
DMA1_Channel7_IRQHandler                          Example\TrueSTUDIO\startup_stm32f303xc.o
DMA2_Channel1_IRQHandler                          Example\TrueSTUDIO\startup_stm32f303xc.o
DMA2_Channel2_IRQHandler                          Example\TrueSTUDIO\startup_stm32f303xc.o
DMA2_Channel3_IRQHandler                          Example\TrueSTUDIO\startup_stm32f303xc.o
DMA2_Channel4_IRQHandler                          Example\TrueSTUDIO\startup_stm32f303xc.o
DMA2_Channel5_IRQHandler                          Example\TrueSTUDIO\startup_stm32f303xc.o
DebugMon_Handler                                  Example\User\stm32f3xx_it.o
Default_Handler                                   Example\TrueSTUDIO\startup_stm32f303xc.o
EXTI0_IRQHandler                                  Example\TrueSTUDIO\startup_stm32f303xc.o
EXTI15_10_IRQHandler                              Example\TrueSTUDIO\startup_stm32f303xc.o
EXTI1_IRQHandler                                  Example\TrueSTUDIO\startup_stm32f303xc.o
EXTI2_TSC_IRQHandler                              Example\TrueSTUDIO\startup_stm32f303xc.o
EXTI3_IRQHandler                                  Example\TrueSTUDIO\startup_stm32f303xc.o
EXTI4_IRQHandler                                  Example\TrueSTUDIO\startup_stm32f303xc.o
EXTI9_5_IRQHandler                                Example\TrueSTUDIO\startup_stm32f303xc.o
FLASH_IRQHandler                                  Example\TrueSTUDIO\startup_stm32f303xc.o
FLASH_PageErase                                   Drivers\STM32F3xx_HAL_Driver\stm32f3xx_hal_flash_ex.o
                                                  Drivers\STM32F3xx_HAL_Driver\stm32f3xx_hal_flash.o
FLASH_WaitForLastOperation                        Drivers\STM32F3xx_HAL_Driver\stm32f3xx_hal_flash.o
                                                  Drivers\STM32F3xx_HAL_Driver\stm32f3xx_hal_flash_ex.o
FPU_IRQHandler                                    Example\TrueSTUDIO\startup_stm32f303xc.o
FULLSPEED                                         Example\User\robotcontrol.o
GYRO_IO_Init                                      Drivers\BSP\STM32F3-Discovery\stm32f3_discovery.o
GYRO_IO_Read                                      Drivers\BSP\STM32F3-Discovery\stm32f3_discovery.o
GYRO_IO_Write                                     Drivers\BSP\STM32F3-Discovery\stm32f3_discovery.o
HAL_ADCEx_Calibration_GetValue                    Drivers\STM32F3xx_HAL_Driver\stm32f3xx_hal_adc_ex.o
HAL_ADCEx_Calibration_SetValue                    Drivers\STM32F3xx_HAL_Driver\stm32f3xx_hal_adc_ex.o
HAL_ADCEx_Calibration_Start                       Drivers\STM32F3xx_HAL_Driver\stm32f3xx_hal_adc_ex.o
HAL_ADCEx_InjectedConfigChannel                   Drivers\STM32F3xx_HAL_Driver\stm32f3xx_hal_adc_ex.o
HAL_ADCEx_InjectedConvCpltCallback                Drivers\STM32F3xx_HAL_Driver\stm32f3xx_hal_adc_ex.o
HAL_ADCEx_InjectedGetValue                        Drivers\STM32F3xx_HAL_Driver\stm32f3xx_hal_adc_ex.o
HAL_ADCEx_InjectedPollForConversion               Drivers\STM32F3xx_HAL_Driver\stm32f3xx_hal_adc_ex.o
HAL_ADCEx_InjectedQueueOverflowCallback           Drivers\STM32F3xx_HAL_Driver\stm32f3xx_hal_adc_ex.o
HAL_ADCEx_InjectedStart                           Drivers\STM32F3xx_HAL_Driver\stm32f3xx_hal_adc_ex.o
HAL_ADCEx_InjectedStart_IT                        Drivers\STM32F3xx_HAL_Driver\stm32f3xx_hal_adc_ex.o
HAL_ADCEx_InjectedStop                            Drivers\STM32F3xx_HAL_Driver\stm32f3xx_hal_adc_ex.o
HAL_ADCEx_InjectedStop_IT                         Drivers\STM32F3xx_HAL_Driver\stm32f3xx_hal_adc_ex.o
HAL_ADCEx_LevelOutOfWindow2Callback               Drivers\STM32F3xx_HAL_Driver\stm32f3xx_hal_adc_ex.o
HAL_ADCEx_LevelOutOfWindow3Callback               Drivers\STM32F3xx_HAL_Driver\stm32f3xx_hal_adc_ex.o
HAL_ADCEx_MultiModeConfigChannel                  Drivers\STM32F3xx_HAL_Driver\stm32f3xx_hal_adc_ex.o
HAL_ADCEx_MultiModeGetValue                       Drivers\STM32F3xx_HAL_Driver\stm32f3xx_hal_adc_ex.o
HAL_ADCEx_MultiModeStart_DMA                      Drivers\STM32F3xx_HAL_Driver\stm32f3xx_hal_adc_ex.o
HAL_ADCEx_MultiModeStop_DMA                       Drivers\STM32F3xx_HAL_Driver\stm32f3xx_hal_adc_ex.o
HAL_ADCEx_RegularMultiModeStop_DMA                Drivers\STM32F3xx_HAL_Driver\stm32f3xx_hal_adc_ex.o
HAL_ADCEx_RegularStop                             Drivers\STM32F3xx_HAL_Driver\stm32f3xx_hal_adc_ex.o
HAL_ADCEx_RegularStop_DMA                         Drivers\STM32F3xx_HAL_Driver\stm32f3xx_hal_adc_ex.o
HAL_ADCEx_RegularStop_IT                          Drivers\STM32F3xx_HAL_Driver\stm32f3xx_hal_adc_ex.o
HAL_ADC_AnalogWDGConfig                           Drivers\STM32F3xx_HAL_Driver\stm32f3xx_hal_adc_ex.o
HAL_ADC_ConfigChannel                             Drivers\STM32F3xx_HAL_Driver\stm32f3xx_hal_adc_ex.o
                                                  Example\User\qre1113.o
HAL_ADC_ConvCpltCallback                          Drivers\STM32F3xx_HAL_Driver\stm32f3xx_hal_adc.o
                                                  Drivers\STM32F3xx_HAL_Driver\stm32f3xx_hal_adc_ex.o
HAL_ADC_ConvHalfCpltCallback                      Drivers\STM32F3xx_HAL_Driver\stm32f3xx_hal_adc.o
                                                  Drivers\STM32F3xx_HAL_Driver\stm32f3xx_hal_adc_ex.o
HAL_ADC_DeInit                                    Drivers\STM32F3xx_HAL_Driver\stm32f3xx_hal_adc_ex.o
HAL_ADC_ErrorCallback                             Drivers\STM32F3xx_HAL_Driver\stm32f3xx_hal_adc.o
                                                  Drivers\STM32F3xx_HAL_Driver\stm32f3xx_hal_adc_ex.o
HAL_ADC_GetError                                  Drivers\STM32F3xx_HAL_Driver\stm32f3xx_hal_adc.o
HAL_ADC_GetState                                  Drivers\STM32F3xx_HAL_Driver\stm32f3xx_hal_adc.o
HAL_ADC_GetValue                                  Drivers\STM32F3xx_HAL_Driver\stm32f3xx_hal_adc_ex.o
                                                  Example\User\qre1113.o
HAL_ADC_IRQHandler                                Drivers\STM32F3xx_HAL_Driver\stm32f3xx_hal_adc_ex.o
HAL_ADC_Init                                      Drivers\STM32F3xx_HAL_Driver\stm32f3xx_hal_adc_ex.o
                                                  Example\User\qre1113.o
HAL_ADC_LevelOutOfWindowCallback                  Drivers\STM32F3xx_HAL_Driver\stm32f3xx_hal_adc.o
                                                  Drivers\STM32F3xx_HAL_Driver\stm32f3xx_hal_adc_ex.o
HAL_ADC_MspDeInit                                 Drivers\STM32F3xx_HAL_Driver\stm32f3xx_hal_adc.o
                                                  Drivers\STM32F3xx_HAL_Driver\stm32f3xx_hal_adc_ex.o
HAL_ADC_MspInit                                   Drivers\STM32F3xx_HAL_Driver\stm32f3xx_hal_adc.o
                                                  Drivers\STM32F3xx_HAL_Driver\stm32f3xx_hal_adc_ex.o
HAL_ADC_PollForConversion                         Drivers\STM32F3xx_HAL_Driver\stm32f3xx_hal_adc_ex.o
HAL_ADC_PollForEvent                              Drivers\STM32F3xx_HAL_Driver\stm32f3xx_hal_adc_ex.o
HAL_ADC_Start                                     Drivers\STM32F3xx_HAL_Driver\stm32f3xx_hal_adc_ex.o
                                                  Example\User\qre1113.o
HAL_ADC_Start_DMA                                 Drivers\STM32F3xx_HAL_Driver\stm32f3xx_hal_adc_ex.o
                                                  Example\User\qre1113.o
HAL_ADC_Start_IT                                  Drivers\STM32F3xx_HAL_Driver\stm32f3xx_hal_adc_ex.o
HAL_ADC_Stop                                      Drivers\STM32F3xx_HAL_Driver\stm32f3xx_hal_adc_ex.o
HAL_ADC_Stop_DMA                                  Drivers\STM32F3xx_HAL_Driver\stm32f3xx_hal_adc_ex.o
HAL_ADC_Stop_IT                                   Drivers\STM32F3xx_HAL_Driver\stm32f3xx_hal_adc_ex.o
HAL_DBGMCU_DisableDBGSleepMode                    Drivers\STM32F3xx_HAL_Driver\stm32f3xx_hal.o
HAL_DBGMCU_DisableDBGStandbyMode                  Drivers\STM32F3xx_HAL_Driver\stm32f3xx_hal.o
HAL_DBGMCU_DisableDBGStopMode                     Drivers\STM32F3xx_HAL_Driver\stm32f3xx_hal.o
HAL_DBGMCU_EnableDBGSleepMode                     Drivers\STM32F3xx_HAL_Driver\stm32f3xx_hal.o
HAL_DBGMCU_EnableDBGStandbyMode                   Drivers\STM32F3xx_HAL_Driver\stm32f3xx_hal.o
HAL_DBGMCU_EnableDBGStopMode                      Drivers\STM32F3xx_HAL_Driver\stm32f3xx_hal.o
HAL_DMA_Abort                                     Drivers\STM32F3xx_HAL_Driver\stm32f3xx_hal_dma.o
                                                  Drivers\STM32F3xx_HAL_Driver\stm32f3xx_hal_adc_ex.o
                                                  Drivers\STM32F3xx_HAL_Driver\stm32f3xx_hal_i2c.o
                                                  Drivers\STM32F3xx_HAL_Driver\stm32f3xx_hal_tim.o
                                                  Drivers\STM32F3xx_HAL_Driver\stm32f3xx_hal_uart.o
HAL_DMA_DeInit                                    Drivers\STM32F3xx_HAL_Driver\stm32f3xx_hal_dma.o
HAL_DMA_GetError                                  Drivers\STM32F3xx_HAL_Driver\stm32f3xx_hal_dma.o
HAL_DMA_GetState                                  Drivers\STM32F3xx_HAL_Driver\stm32f3xx_hal_dma.o
HAL_DMA_IRQHandler                                Drivers\STM32F3xx_HAL_Driver\stm32f3xx_hal_dma.o
HAL_DMA_Init                                      Drivers\STM32F3xx_HAL_Driver\stm32f3xx_hal_dma.o
                                                  Example\User\stm32f3xx_hal_msp.o
HAL_DMA_PollForTransfer                           Drivers\STM32F3xx_HAL_Driver\stm32f3xx_hal_dma.o
HAL_DMA_Start                                     Drivers\STM32F3xx_HAL_Driver\stm32f3xx_hal_dma.o
HAL_DMA_Start_IT                                  Drivers\STM32F3xx_HAL_Driver\stm32f3xx_hal_dma.o
                                                  Drivers\STM32F3xx_HAL_Driver\stm32f3xx_hal_adc_ex.o
                                                  Drivers\STM32F3xx_HAL_Driver\stm32f3xx_hal_i2c.o
                                                  Drivers\STM32F3xx_HAL_Driver\stm32f3xx_hal_tim.o
                                                  Drivers\STM32F3xx_HAL_Driver\stm32f3xx_hal_tim_ex.o
                                                  Drivers\STM32F3xx_HAL_Driver\stm32f3xx_hal_uart.o
HAL_DeInit                                        Drivers\STM32F3xx_HAL_Driver\stm32f3xx_hal.o
HAL_Delay                                         Drivers\STM32F3xx_HAL_Driver\stm32f3xx_hal.o
                                                  Example\User\robotcontrol.o
HAL_FLASHEx_Erase                                 Drivers\STM32F3xx_HAL_Driver\stm32f3xx_hal_flash_ex.o
HAL_FLASHEx_Erase_IT                              Drivers\STM32F3xx_HAL_Driver\stm32f3xx_hal_flash_ex.o
HAL_FLASHEx_OBErase                               Drivers\STM32F3xx_HAL_Driver\stm32f3xx_hal_flash_ex.o
HAL_FLASHEx_OBGetConfig                           Drivers\STM32F3xx_HAL_Driver\stm32f3xx_hal_flash_ex.o
HAL_FLASHEx_OBGetUserData                         Drivers\STM32F3xx_HAL_Driver\stm32f3xx_hal_flash_ex.o
HAL_FLASHEx_OBProgram                             Drivers\STM32F3xx_HAL_Driver\stm32f3xx_hal_flash_ex.o
HAL_FLASH_EndOfOperationCallback                  Drivers\STM32F3xx_HAL_Driver\stm32f3xx_hal_flash.o
HAL_FLASH_GetError                                Drivers\STM32F3xx_HAL_Driver\stm32f3xx_hal_flash.o
HAL_FLASH_IRQHandler                              Drivers\STM32F3xx_HAL_Driver\stm32f3xx_hal_flash.o
HAL_FLASH_Lock                                    Drivers\STM32F3xx_HAL_Driver\stm32f3xx_hal_flash.o
HAL_FLASH_OB_Launch                               Drivers\STM32F3xx_HAL_Driver\stm32f3xx_hal_flash.o
HAL_FLASH_OB_Lock                                 Drivers\STM32F3xx_HAL_Driver\stm32f3xx_hal_flash.o
HAL_FLASH_OB_Unlock                               Drivers\STM32F3xx_HAL_Driver\stm32f3xx_hal_flash.o
HAL_FLASH_OperationErrorCallback                  Drivers\STM32F3xx_HAL_Driver\stm32f3xx_hal_flash.o
HAL_FLASH_Program                                 Drivers\STM32F3xx_HAL_Driver\stm32f3xx_hal_flash.o
HAL_FLASH_Program_IT                              Drivers\STM32F3xx_HAL_Driver\stm32f3xx_hal_flash.o
HAL_FLASH_Unlock                                  Drivers\STM32F3xx_HAL_Driver\stm32f3xx_hal_flash.o
HAL_GPIO_DeInit                                   Drivers\STM32F3xx_HAL_Driver\stm32f3xx_hal_gpio.o
HAL_GPIO_EXTI_Callback                            Drivers\STM32F3xx_HAL_Driver\stm32f3xx_hal_gpio.o
HAL_GPIO_EXTI_IRQHandler                          Drivers\STM32F3xx_HAL_Driver\stm32f3xx_hal_gpio.o
HAL_GPIO_Init                                     Drivers\STM32F3xx_HAL_Driver\stm32f3xx_hal_gpio.o
                                                  Drivers\BSP\STM32F3-Discovery\stm32f3_discovery.o
                                                  Drivers\STM32F3xx_HAL_Driver\stm32f3xx_hal_rcc.o
                                                  Example\User\stm32f3xx_hal_msp.o
HAL_GPIO_LockPin                                  Drivers\STM32F3xx_HAL_Driver\stm32f3xx_hal_gpio.o
HAL_GPIO_ReadPin                                  Drivers\STM32F3xx_HAL_Driver\stm32f3xx_hal_gpio.o
                                                  Drivers\BSP\STM32F3-Discovery\stm32f3_discovery.o
                                                  Example\User\hcsr04.o
HAL_GPIO_TogglePin                                Drivers\STM32F3xx_HAL_Driver\stm32f3xx_hal_gpio.o
                                                  Drivers\BSP\STM32F3-Discovery\stm32f3_discovery.o
HAL_GPIO_WritePin                                 Drivers\STM32F3xx_HAL_Driver\stm32f3xx_hal_gpio.o
                                                  Drivers\BSP\STM32F3-Discovery\stm32f3_discovery.o
                                                  Example\User\hcsr04.o
HAL_GetDEVID                                      Drivers\STM32F3xx_HAL_Driver\stm32f3xx_hal.o
HAL_GetHalVersion                                 Drivers\STM32F3xx_HAL_Driver\stm32f3xx_hal.o
HAL_GetREVID                                      Drivers\STM32F3xx_HAL_Driver\stm32f3xx_hal.o
HAL_GetTick                                       Drivers\STM32F3xx_HAL_Driver\stm32f3xx_hal.o
                                                  Drivers\STM32F3xx_HAL_Driver\stm32f3xx_hal_adc_ex.o
                                                  Drivers\STM32F3xx_HAL_Driver\stm32f3xx_hal_dma.o
                                                  Drivers\STM32F3xx_HAL_Driver\stm32f3xx_hal_flash.o
                                                  Drivers\STM32F3xx_HAL_Driver\stm32f3xx_hal_i2c.o
                                                  Drivers\STM32F3xx_HAL_Driver\stm32f3xx_hal_rcc.o
                                                  Drivers\STM32F3xx_HAL_Driver\stm32f3xx_hal_rcc_ex.o
                                                  Drivers\STM32F3xx_HAL_Driver\stm32f3xx_hal_uart.o
HAL_HalfDuplex_EnableReceiver                     Drivers\STM32F3xx_HAL_Driver\stm32f3xx_hal_uart.o
HAL_HalfDuplex_EnableTransmitter                  Drivers\STM32F3xx_HAL_Driver\stm32f3xx_hal_uart.o
HAL_HalfDuplex_Init                               Drivers\STM32F3xx_HAL_Driver\stm32f3xx_hal_uart.o
HAL_I2CEx_ConfigAnalogFilter                      Drivers\STM32F3xx_HAL_Driver\stm32f3xx_hal_i2c_ex.o
HAL_I2CEx_ConfigDigitalFilter                     Drivers\STM32F3xx_HAL_Driver\stm32f3xx_hal_i2c_ex.o
HAL_I2CEx_DisableFastModePlus                     Drivers\STM32F3xx_HAL_Driver\stm32f3xx_hal_i2c_ex.o
HAL_I2CEx_DisableWakeUp                           Drivers\STM32F3xx_HAL_Driver\stm32f3xx_hal_i2c_ex.o
HAL_I2CEx_EnableFastModePlus                      Drivers\STM32F3xx_HAL_Driver\stm32f3xx_hal_i2c_ex.o
HAL_I2CEx_EnableWakeUp                            Drivers\STM32F3xx_HAL_Driver\stm32f3xx_hal_i2c_ex.o
HAL_I2C_DeInit                                    Drivers\STM32F3xx_HAL_Driver\stm32f3xx_hal_i2c.o
                                                  Drivers\BSP\STM32F3-Discovery\stm32f3_discovery.o
HAL_I2C_ER_IRQHandler                             Drivers\STM32F3xx_HAL_Driver\stm32f3xx_hal_i2c.o
HAL_I2C_EV_IRQHandler                             Drivers\STM32F3xx_HAL_Driver\stm32f3xx_hal_i2c.o
HAL_I2C_ErrorCallback                             Drivers\STM32F3xx_HAL_Driver\stm32f3xx_hal_i2c.o
HAL_I2C_GetError                                  Drivers\STM32F3xx_HAL_Driver\stm32f3xx_hal_i2c.o
HAL_I2C_GetState                                  Drivers\STM32F3xx_HAL_Driver\stm32f3xx_hal_i2c.o
                                                  Drivers\BSP\STM32F3-Discovery\stm32f3_discovery.o
HAL_I2C_Init                                      Drivers\STM32F3xx_HAL_Driver\stm32f3xx_hal_i2c.o
                                                  Drivers\BSP\STM32F3-Discovery\stm32f3_discovery.o
HAL_I2C_IsDeviceReady                             Drivers\STM32F3xx_HAL_Driver\stm32f3xx_hal_i2c.o
HAL_I2C_MasterRxCpltCallback                      Drivers\STM32F3xx_HAL_Driver\stm32f3xx_hal_i2c.o
HAL_I2C_MasterTxCpltCallback                      Drivers\STM32F3xx_HAL_Driver\stm32f3xx_hal_i2c.o
HAL_I2C_Master_Receive                            Drivers\STM32F3xx_HAL_Driver\stm32f3xx_hal_i2c.o
HAL_I2C_Master_Receive_DMA                        Drivers\STM32F3xx_HAL_Driver\stm32f3xx_hal_i2c.o
HAL_I2C_Master_Receive_IT                         Drivers\STM32F3xx_HAL_Driver\stm32f3xx_hal_i2c.o
HAL_I2C_Master_Transmit                           Drivers\STM32F3xx_HAL_Driver\stm32f3xx_hal_i2c.o
HAL_I2C_Master_Transmit_DMA                       Drivers\STM32F3xx_HAL_Driver\stm32f3xx_hal_i2c.o
HAL_I2C_Master_Transmit_IT                        Drivers\STM32F3xx_HAL_Driver\stm32f3xx_hal_i2c.o
HAL_I2C_MemRxCpltCallback                         Drivers\STM32F3xx_HAL_Driver\stm32f3xx_hal_i2c.o
HAL_I2C_MemTxCpltCallback                         Drivers\STM32F3xx_HAL_Driver\stm32f3xx_hal_i2c.o
HAL_I2C_Mem_Read                                  Drivers\STM32F3xx_HAL_Driver\stm32f3xx_hal_i2c.o
                                                  Drivers\BSP\STM32F3-Discovery\stm32f3_discovery.o
HAL_I2C_Mem_Read_DMA                              Drivers\STM32F3xx_HAL_Driver\stm32f3xx_hal_i2c.o
HAL_I2C_Mem_Read_IT                               Drivers\STM32F3xx_HAL_Driver\stm32f3xx_hal_i2c.o
HAL_I2C_Mem_Write                                 Drivers\STM32F3xx_HAL_Driver\stm32f3xx_hal_i2c.o
                                                  Drivers\BSP\STM32F3-Discovery\stm32f3_discovery.o
HAL_I2C_Mem_Write_DMA                             Drivers\STM32F3xx_HAL_Driver\stm32f3xx_hal_i2c.o
HAL_I2C_Mem_Write_IT                              Drivers\STM32F3xx_HAL_Driver\stm32f3xx_hal_i2c.o
HAL_I2C_MspDeInit                                 Drivers\STM32F3xx_HAL_Driver\stm32f3xx_hal_i2c.o
HAL_I2C_MspInit                                   Drivers\STM32F3xx_HAL_Driver\stm32f3xx_hal_i2c.o
HAL_I2C_SlaveRxCpltCallback                       Drivers\STM32F3xx_HAL_Driver\stm32f3xx_hal_i2c.o
HAL_I2C_SlaveTxCpltCallback                       Drivers\STM32F3xx_HAL_Driver\stm32f3xx_hal_i2c.o
HAL_I2C_Slave_Receive                             Drivers\STM32F3xx_HAL_Driver\stm32f3xx_hal_i2c.o
HAL_I2C_Slave_Receive_DMA                         Drivers\STM32F3xx_HAL_Driver\stm32f3xx_hal_i2c.o
HAL_I2C_Slave_Receive_IT                          Drivers\STM32F3xx_HAL_Driver\stm32f3xx_hal_i2c.o
HAL_I2C_Slave_Transmit                            Drivers\STM32F3xx_HAL_Driver\stm32f3xx_hal_i2c.o
HAL_I2C_Slave_Transmit_DMA                        Drivers\STM32F3xx_HAL_Driver\stm32f3xx_hal_i2c.o
HAL_I2C_Slave_Transmit_IT                         Drivers\STM32F3xx_HAL_Driver\stm32f3xx_hal_i2c.o
HAL_IncTick                                       Drivers\STM32F3xx_HAL_Driver\stm32f3xx_hal.o
                                                  Example\User\stm32f3xx_it.o
HAL_Init                                          Drivers\STM32F3xx_HAL_Driver\stm32f3xx_hal.o
                                                  Example\User\main.o
HAL_InitTick                                      Drivers\STM32F3xx_HAL_Driver\stm32f3xx_hal.o
                                                  Drivers\STM32F3xx_HAL_Driver\stm32f3xx_hal_rcc.o
HAL_LIN_Init                                      Drivers\STM32F3xx_HAL_Driver\stm32f3xx_hal_uart.o
HAL_LIN_SendBreak                                 Drivers\STM32F3xx_HAL_Driver\stm32f3xx_hal_uart.o
HAL_MPU_ConfigRegion                              Drivers\STM32F3xx_HAL_Driver\stm32f3xx_hal_cortex.o
HAL_MspDeInit                                     Drivers\STM32F3xx_HAL_Driver\stm32f3xx_hal.o
HAL_MspInit                                       Drivers\STM32F3xx_HAL_Driver\stm32f3xx_hal.o
HAL_MultiProcessorEx_AddressLength_Set            Drivers\STM32F3xx_HAL_Driver\stm32f3xx_hal_uart_ex.o
HAL_MultiProcessor_DisableMuteMode                Drivers\STM32F3xx_HAL_Driver\stm32f3xx_hal_uart.o
HAL_MultiProcessor_EnableMuteMode                 Drivers\STM32F3xx_HAL_Driver\stm32f3xx_hal_uart.o
HAL_MultiProcessor_EnterMuteMode                  Drivers\STM32F3xx_HAL_Driver\stm32f3xx_hal_uart.o
HAL_MultiProcessor_Init                           Drivers\STM32F3xx_HAL_Driver\stm32f3xx_hal_uart.o
HAL_NVIC_ClearPendingIRQ                          Drivers\STM32F3xx_HAL_Driver\stm32f3xx_hal_cortex.o
HAL_NVIC_DisableIRQ                               Drivers\STM32F3xx_HAL_Driver\stm32f3xx_hal_cortex.o
HAL_NVIC_EnableIRQ                                Drivers\STM32F3xx_HAL_Driver\stm32f3xx_hal_cortex.o
                                                  Drivers\BSP\STM32F3-Discovery\stm32f3_discovery.o
                                                  Example\User\stm32f3xx_hal_msp.o
HAL_NVIC_GetActive                                Drivers\STM32F3xx_HAL_Driver\stm32f3xx_hal_cortex.o
HAL_NVIC_GetPendingIRQ                            Drivers\STM32F3xx_HAL_Driver\stm32f3xx_hal_cortex.o
HAL_NVIC_GetPriority                              Drivers\STM32F3xx_HAL_Driver\stm32f3xx_hal_cortex.o
HAL_NVIC_GetPriorityGrouping                      Drivers\STM32F3xx_HAL_Driver\stm32f3xx_hal_cortex.o
HAL_NVIC_SetPendingIRQ                            Drivers\STM32F3xx_HAL_Driver\stm32f3xx_hal_cortex.o
HAL_NVIC_SetPriority                              Drivers\STM32F3xx_HAL_Driver\stm32f3xx_hal_cortex.o
                                                  Drivers\BSP\STM32F3-Discovery\stm32f3_discovery.o
                                                  Drivers\STM32F3xx_HAL_Driver\stm32f3xx_hal.o
                                                  Example\User\stm32f3xx_hal_msp.o
HAL_NVIC_SetPriorityGrouping                      Drivers\STM32F3xx_HAL_Driver\stm32f3xx_hal_cortex.o
                                                  Drivers\STM32F3xx_HAL_Driver\stm32f3xx_hal.o
HAL_NVIC_SystemReset                              Drivers\STM32F3xx_HAL_Driver\stm32f3xx_hal_cortex.o
HAL_RCCEx_GetPeriphCLKConfig                      Drivers\STM32F3xx_HAL_Driver\stm32f3xx_hal_rcc_ex.o
HAL_RCCEx_GetPeriphCLKFreq                        Drivers\STM32F3xx_HAL_Driver\stm32f3xx_hal_rcc_ex.o
HAL_RCCEx_PeriphCLKConfig                         Drivers\STM32F3xx_HAL_Driver\stm32f3xx_hal_rcc_ex.o
HAL_RCC_CSSCallback                               Drivers\STM32F3xx_HAL_Driver\stm32f3xx_hal_rcc.o
HAL_RCC_ClockConfig                               Drivers\STM32F3xx_HAL_Driver\stm32f3xx_hal_rcc.o
                                                  Example\User\main.o
HAL_RCC_DeInit                                    Drivers\STM32F3xx_HAL_Driver\stm32f3xx_hal_rcc.o
HAL_RCC_DisableCSS                                Drivers\STM32F3xx_HAL_Driver\stm32f3xx_hal_rcc.o
HAL_RCC_EnableCSS                                 Drivers\STM32F3xx_HAL_Driver\stm32f3xx_hal_rcc.o
HAL_RCC_GetClockConfig                            Drivers\STM32F3xx_HAL_Driver\stm32f3xx_hal_rcc.o
HAL_RCC_GetHCLKFreq                               Drivers\STM32F3xx_HAL_Driver\stm32f3xx_hal_rcc.o
                                                  Drivers\STM32F3xx_HAL_Driver\stm32f3xx_hal.o
HAL_RCC_GetOscConfig                              Drivers\STM32F3xx_HAL_Driver\stm32f3xx_hal_rcc.o
HAL_RCC_GetPCLK1Freq                              Drivers\STM32F3xx_HAL_Driver\stm32f3xx_hal_rcc.o
                                                  Drivers\STM32F3xx_HAL_Driver\stm32f3xx_hal_rcc_ex.o
                                                  Drivers\STM32F3xx_HAL_Driver\stm32f3xx_hal_uart.o
HAL_RCC_GetPCLK2Freq                              Drivers\STM32F3xx_HAL_Driver\stm32f3xx_hal_rcc.o
                                                  Drivers\STM32F3xx_HAL_Driver\stm32f3xx_hal_rcc_ex.o
                                                  Drivers\STM32F3xx_HAL_Driver\stm32f3xx_hal_uart.o
HAL_RCC_GetSysClockFreq                           Drivers\STM32F3xx_HAL_Driver\stm32f3xx_hal_rcc.o
                                                  Drivers\STM32F3xx_HAL_Driver\stm32f3xx_hal_rcc_ex.o
                                                  Drivers\STM32F3xx_HAL_Driver\stm32f3xx_hal_uart.o
HAL_RCC_MCOConfig                                 Drivers\STM32F3xx_HAL_Driver\stm32f3xx_hal_rcc.o
HAL_RCC_NMI_IRQHandler                            Drivers\STM32F3xx_HAL_Driver\stm32f3xx_hal_rcc.o
HAL_RCC_OscConfig                                 Drivers\STM32F3xx_HAL_Driver\stm32f3xx_hal_rcc.o
                                                  Example\User\main.o
HAL_RS485Ex_Init                                  Drivers\STM32F3xx_HAL_Driver\stm32f3xx_hal_uart_ex.o
HAL_ResumeTick                                    Drivers\STM32F3xx_HAL_Driver\stm32f3xx_hal.o
HAL_SPI_DeInit                                    Drivers\BSP\STM32F3-Discovery\stm32f3_discovery.o
HAL_SPI_GetState                                  Drivers\BSP\STM32F3-Discovery\stm32f3_discovery.o
HAL_SPI_Init                                      Drivers\BSP\STM32F3-Discovery\stm32f3_discovery.o
HAL_SPI_TransmitReceive                           Drivers\BSP\STM32F3-Discovery\stm32f3_discovery.o
HAL_SYSTICK_CLKSourceConfig                       Drivers\STM32F3xx_HAL_Driver\stm32f3xx_hal_cortex.o
HAL_SYSTICK_Callback                              Drivers\STM32F3xx_HAL_Driver\stm32f3xx_hal_cortex.o
HAL_SYSTICK_Config                                Drivers\STM32F3xx_HAL_Driver\stm32f3xx_hal_cortex.o
                                                  Drivers\STM32F3xx_HAL_Driver\stm32f3xx_hal.o
HAL_SYSTICK_IRQHandler                            Drivers\STM32F3xx_HAL_Driver\stm32f3xx_hal_cortex.o
HAL_SuspendTick                                   Drivers\STM32F3xx_HAL_Driver\stm32f3xx_hal.o
HAL_TIMEx_BreakCallback                           Drivers\STM32F3xx_HAL_Driver\stm32f3xx_hal_tim_ex.o
                                                  Drivers\STM32F3xx_HAL_Driver\stm32f3xx_hal_tim.o
HAL_TIMEx_CommutationCallback                     Drivers\STM32F3xx_HAL_Driver\stm32f3xx_hal_tim_ex.o
                                                  Drivers\STM32F3xx_HAL_Driver\stm32f3xx_hal_tim.o
HAL_TIMEx_ConfigBreakDeadTime                     Drivers\STM32F3xx_HAL_Driver\stm32f3xx_hal_tim_ex.o
HAL_TIMEx_ConfigCommutationEvent                  Drivers\STM32F3xx_HAL_Driver\stm32f3xx_hal_tim_ex.o
HAL_TIMEx_ConfigCommutationEvent_DMA              Drivers\STM32F3xx_HAL_Driver\stm32f3xx_hal_tim_ex.o
HAL_TIMEx_ConfigCommutationEvent_IT               Drivers\STM32F3xx_HAL_Driver\stm32f3xx_hal_tim_ex.o
HAL_TIMEx_GroupChannel5                           Drivers\STM32F3xx_HAL_Driver\stm32f3xx_hal_tim_ex.o
HAL_TIMEx_HallSensor_DeInit                       Drivers\STM32F3xx_HAL_Driver\stm32f3xx_hal_tim_ex.o
HAL_TIMEx_HallSensor_GetState                     Drivers\STM32F3xx_HAL_Driver\stm32f3xx_hal_tim_ex.o
HAL_TIMEx_HallSensor_Init                         Drivers\STM32F3xx_HAL_Driver\stm32f3xx_hal_tim_ex.o
HAL_TIMEx_HallSensor_MspDeInit                    Drivers\STM32F3xx_HAL_Driver\stm32f3xx_hal_tim_ex.o
HAL_TIMEx_HallSensor_MspInit                      Drivers\STM32F3xx_HAL_Driver\stm32f3xx_hal_tim_ex.o
HAL_TIMEx_HallSensor_Start                        Drivers\STM32F3xx_HAL_Driver\stm32f3xx_hal_tim_ex.o
HAL_TIMEx_HallSensor_Start_DMA                    Drivers\STM32F3xx_HAL_Driver\stm32f3xx_hal_tim_ex.o
HAL_TIMEx_HallSensor_Start_IT                     Drivers\STM32F3xx_HAL_Driver\stm32f3xx_hal_tim_ex.o
HAL_TIMEx_HallSensor_Stop                         Drivers\STM32F3xx_HAL_Driver\stm32f3xx_hal_tim_ex.o
HAL_TIMEx_HallSensor_Stop_DMA                     Drivers\STM32F3xx_HAL_Driver\stm32f3xx_hal_tim_ex.o
HAL_TIMEx_HallSensor_Stop_IT                      Drivers\STM32F3xx_HAL_Driver\stm32f3xx_hal_tim_ex.o
HAL_TIMEx_MasterConfigSynchronization             Drivers\STM32F3xx_HAL_Driver\stm32f3xx_hal_tim_ex.o
HAL_TIMEx_OCN_Start                               Drivers\STM32F3xx_HAL_Driver\stm32f3xx_hal_tim_ex.o
HAL_TIMEx_OCN_Start_DMA                           Drivers\STM32F3xx_HAL_Driver\stm32f3xx_hal_tim_ex.o
HAL_TIMEx_OCN_Start_IT                            Drivers\STM32F3xx_HAL_Driver\stm32f3xx_hal_tim_ex.o
HAL_TIMEx_OCN_Stop                                Drivers\STM32F3xx_HAL_Driver\stm32f3xx_hal_tim_ex.o
HAL_TIMEx_OCN_Stop_DMA                            Drivers\STM32F3xx_HAL_Driver\stm32f3xx_hal_tim_ex.o
HAL_TIMEx_OCN_Stop_IT                             Drivers\STM32F3xx_HAL_Driver\stm32f3xx_hal_tim_ex.o
HAL_TIMEx_OnePulseN_Start                         Drivers\STM32F3xx_HAL_Driver\stm32f3xx_hal_tim_ex.o
HAL_TIMEx_OnePulseN_Start_IT                      Drivers\STM32F3xx_HAL_Driver\stm32f3xx_hal_tim_ex.o
HAL_TIMEx_OnePulseN_Stop                          Drivers\STM32F3xx_HAL_Driver\stm32f3xx_hal_tim_ex.o
HAL_TIMEx_OnePulseN_Stop_IT                       Drivers\STM32F3xx_HAL_Driver\stm32f3xx_hal_tim_ex.o
HAL_TIMEx_PWMN_Start                              Drivers\STM32F3xx_HAL_Driver\stm32f3xx_hal_tim_ex.o
HAL_TIMEx_PWMN_Start_DMA                          Drivers\STM32F3xx_HAL_Driver\stm32f3xx_hal_tim_ex.o
HAL_TIMEx_PWMN_Start_IT                           Drivers\STM32F3xx_HAL_Driver\stm32f3xx_hal_tim_ex.o
HAL_TIMEx_PWMN_Stop                               Drivers\STM32F3xx_HAL_Driver\stm32f3xx_hal_tim_ex.o
HAL_TIMEx_PWMN_Stop_DMA                           Drivers\STM32F3xx_HAL_Driver\stm32f3xx_hal_tim_ex.o
HAL_TIMEx_PWMN_Stop_IT                            Drivers\STM32F3xx_HAL_Driver\stm32f3xx_hal_tim_ex.o
HAL_TIMEx_RemapConfig                             Drivers\STM32F3xx_HAL_Driver\stm32f3xx_hal_tim_ex.o
HAL_TIM_Base_DeInit                               Drivers\STM32F3xx_HAL_Driver\stm32f3xx_hal_tim.o
HAL_TIM_Base_GetState                             Drivers\STM32F3xx_HAL_Driver\stm32f3xx_hal_tim.o
HAL_TIM_Base_Init                                 Drivers\STM32F3xx_HAL_Driver\stm32f3xx_hal_tim.o
                                                  Example\User\hcsr04.o
HAL_TIM_Base_MspDeInit                            Drivers\STM32F3xx_HAL_Driver\stm32f3xx_hal_tim.o
HAL_TIM_Base_MspInit                              Drivers\STM32F3xx_HAL_Driver\stm32f3xx_hal_tim.o
HAL_TIM_Base_Start                                Drivers\STM32F3xx_HAL_Driver\stm32f3xx_hal_tim.o
HAL_TIM_Base_Start_DMA                            Drivers\STM32F3xx_HAL_Driver\stm32f3xx_hal_tim.o
HAL_TIM_Base_Start_IT                             Drivers\STM32F3xx_HAL_Driver\stm32f3xx_hal_tim.o
                                                  Example\User\hcsr04.o
                                                  Example\User\wheelencoder.o
HAL_TIM_Base_Stop                                 Drivers\STM32F3xx_HAL_Driver\stm32f3xx_hal_tim.o
HAL_TIM_Base_Stop_DMA                             Drivers\STM32F3xx_HAL_Driver\stm32f3xx_hal_tim.o
HAL_TIM_Base_Stop_IT                              Drivers\STM32F3xx_HAL_Driver\stm32f3xx_hal_tim.o
HAL_TIM_ConfigClockSource                         Drivers\STM32F3xx_HAL_Driver\stm32f3xx_hal_tim.o
HAL_TIM_ConfigOCrefClear                          Drivers\STM32F3xx_HAL_Driver\stm32f3xx_hal_tim_ex.o
HAL_TIM_ConfigTI1Input                            Drivers\STM32F3xx_HAL_Driver\stm32f3xx_hal_tim.o
HAL_TIM_DMABurst_ReadStart                        Drivers\STM32F3xx_HAL_Driver\stm32f3xx_hal_tim.o
HAL_TIM_DMABurst_ReadStop                         Drivers\STM32F3xx_HAL_Driver\stm32f3xx_hal_tim.o
HAL_TIM_DMABurst_WriteStart                       Drivers\STM32F3xx_HAL_Driver\stm32f3xx_hal_tim.o
HAL_TIM_DMABurst_WriteStop                        Drivers\STM32F3xx_HAL_Driver\stm32f3xx_hal_tim.o
HAL_TIM_Encoder_DeInit                            Drivers\STM32F3xx_HAL_Driver\stm32f3xx_hal_tim.o
HAL_TIM_Encoder_GetState                          Drivers\STM32F3xx_HAL_Driver\stm32f3xx_hal_tim.o
HAL_TIM_Encoder_Init                              Drivers\STM32F3xx_HAL_Driver\stm32f3xx_hal_tim.o
HAL_TIM_Encoder_MspDeInit                         Drivers\STM32F3xx_HAL_Driver\stm32f3xx_hal_tim.o
HAL_TIM_Encoder_MspInit                           Drivers\STM32F3xx_HAL_Driver\stm32f3xx_hal_tim.o
HAL_TIM_Encoder_Start                             Drivers\STM32F3xx_HAL_Driver\stm32f3xx_hal_tim.o
HAL_TIM_Encoder_Start_DMA                         Drivers\STM32F3xx_HAL_Driver\stm32f3xx_hal_tim.o
HAL_TIM_Encoder_Start_IT                          Drivers\STM32F3xx_HAL_Driver\stm32f3xx_hal_tim.o
HAL_TIM_Encoder_Stop                              Drivers\STM32F3xx_HAL_Driver\stm32f3xx_hal_tim.o
HAL_TIM_Encoder_Stop_DMA                          Drivers\STM32F3xx_HAL_Driver\stm32f3xx_hal_tim.o
HAL_TIM_Encoder_Stop_IT                           Drivers\STM32F3xx_HAL_Driver\stm32f3xx_hal_tim.o
HAL_TIM_ErrorCallback                             Drivers\STM32F3xx_HAL_Driver\stm32f3xx_hal_tim.o
HAL_TIM_GenerateEvent                             Drivers\STM32F3xx_HAL_Driver\stm32f3xx_hal_tim.o
HAL_TIM_IC_CaptureCallback                        Drivers\STM32F3xx_HAL_Driver\stm32f3xx_hal_tim.o
HAL_TIM_IC_ConfigChannel                          Drivers\STM32F3xx_HAL_Driver\stm32f3xx_hal_tim.o
                                                  Example\User\hcsr04.o
                                                  Example\User\wheelencoder.o
HAL_TIM_IC_DeInit                                 Drivers\STM32F3xx_HAL_Driver\stm32f3xx_hal_tim.o
HAL_TIM_IC_GetState                               Drivers\STM32F3xx_HAL_Driver\stm32f3xx_hal_tim.o
HAL_TIM_IC_Init                                   Drivers\STM32F3xx_HAL_Driver\stm32f3xx_hal_tim.o
                                                  Example\User\hcsr04.o
                                                  Example\User\wheelencoder.o
HAL_TIM_IC_MspDeInit                              Drivers\STM32F3xx_HAL_Driver\stm32f3xx_hal_tim.o
HAL_TIM_IC_MspInit                                Drivers\STM32F3xx_HAL_Driver\stm32f3xx_hal_tim.o
HAL_TIM_IC_Start                                  Drivers\STM32F3xx_HAL_Driver\stm32f3xx_hal_tim.o
HAL_TIM_IC_Start_DMA                              Drivers\STM32F3xx_HAL_Driver\stm32f3xx_hal_tim.o
HAL_TIM_IC_Start_IT                               Drivers\STM32F3xx_HAL_Driver\stm32f3xx_hal_tim.o
                                                  Example\User\hcsr04.o
                                                  Example\User\wheelencoder.o
HAL_TIM_IC_Stop                                   Drivers\STM32F3xx_HAL_Driver\stm32f3xx_hal_tim.o
HAL_TIM_IC_Stop_DMA                               Drivers\STM32F3xx_HAL_Driver\stm32f3xx_hal_tim.o
HAL_TIM_IC_Stop_IT                                Drivers\STM32F3xx_HAL_Driver\stm32f3xx_hal_tim.o
HAL_TIM_IRQHandler                                Drivers\STM32F3xx_HAL_Driver\stm32f3xx_hal_tim.o
HAL_TIM_OC_ConfigChannel                          Drivers\STM32F3xx_HAL_Driver\stm32f3xx_hal_tim_ex.o
HAL_TIM_OC_DeInit                                 Drivers\STM32F3xx_HAL_Driver\stm32f3xx_hal_tim.o
HAL_TIM_OC_DelayElapsedCallback                   Drivers\STM32F3xx_HAL_Driver\stm32f3xx_hal_tim.o
HAL_TIM_OC_GetState                               Drivers\STM32F3xx_HAL_Driver\stm32f3xx_hal_tim.o
HAL_TIM_OC_Init                                   Drivers\STM32F3xx_HAL_Driver\stm32f3xx_hal_tim.o
HAL_TIM_OC_MspDeInit                              Drivers\STM32F3xx_HAL_Driver\stm32f3xx_hal_tim.o
HAL_TIM_OC_MspInit                                Drivers\STM32F3xx_HAL_Driver\stm32f3xx_hal_tim.o
HAL_TIM_OC_Start                                  Drivers\STM32F3xx_HAL_Driver\stm32f3xx_hal_tim.o
HAL_TIM_OC_Start_DMA                              Drivers\STM32F3xx_HAL_Driver\stm32f3xx_hal_tim.o
HAL_TIM_OC_Start_IT                               Drivers\STM32F3xx_HAL_Driver\stm32f3xx_hal_tim.o
HAL_TIM_OC_Stop                                   Drivers\STM32F3xx_HAL_Driver\stm32f3xx_hal_tim.o
HAL_TIM_OC_Stop_DMA                               Drivers\STM32F3xx_HAL_Driver\stm32f3xx_hal_tim.o
HAL_TIM_OC_Stop_IT                                Drivers\STM32F3xx_HAL_Driver\stm32f3xx_hal_tim.o
HAL_TIM_OnePulse_ConfigChannel                    Drivers\STM32F3xx_HAL_Driver\stm32f3xx_hal_tim.o
HAL_TIM_OnePulse_DeInit                           Drivers\STM32F3xx_HAL_Driver\stm32f3xx_hal_tim.o
HAL_TIM_OnePulse_GetState                         Drivers\STM32F3xx_HAL_Driver\stm32f3xx_hal_tim.o
HAL_TIM_OnePulse_Init                             Drivers\STM32F3xx_HAL_Driver\stm32f3xx_hal_tim.o
HAL_TIM_OnePulse_MspDeInit                        Drivers\STM32F3xx_HAL_Driver\stm32f3xx_hal_tim.o
HAL_TIM_OnePulse_MspInit                          Drivers\STM32F3xx_HAL_Driver\stm32f3xx_hal_tim.o
HAL_TIM_OnePulse_Start                            Drivers\STM32F3xx_HAL_Driver\stm32f3xx_hal_tim.o
HAL_TIM_OnePulse_Start_IT                         Drivers\STM32F3xx_HAL_Driver\stm32f3xx_hal_tim.o
HAL_TIM_OnePulse_Stop                             Drivers\STM32F3xx_HAL_Driver\stm32f3xx_hal_tim.o
HAL_TIM_OnePulse_Stop_IT                          Drivers\STM32F3xx_HAL_Driver\stm32f3xx_hal_tim.o
HAL_TIM_PWM_ConfigChannel                         Drivers\STM32F3xx_HAL_Driver\stm32f3xx_hal_tim_ex.o
                                                  Example\User\drv8701.o
HAL_TIM_PWM_DeInit                                Drivers\STM32F3xx_HAL_Driver\stm32f3xx_hal_tim.o
HAL_TIM_PWM_GetState                              Drivers\STM32F3xx_HAL_Driver\stm32f3xx_hal_tim.o
HAL_TIM_PWM_Init                                  Drivers\STM32F3xx_HAL_Driver\stm32f3xx_hal_tim.o
                                                  Example\User\drv8701.o
HAL_TIM_PWM_MspDeInit                             Drivers\STM32F3xx_HAL_Driver\stm32f3xx_hal_tim.o
HAL_TIM_PWM_MspInit                               Example\User\stm32f3xx_hal_msp.o
HAL_TIM_PWM_PulseFinishedCallback                 Drivers\STM32F3xx_HAL_Driver\stm32f3xx_hal_tim.o
HAL_TIM_PWM_Start                                 Drivers\STM32F3xx_HAL_Driver\stm32f3xx_hal_tim.o
                                                  Example\User\drv8701.o
HAL_TIM_PWM_Start_DMA                             Drivers\STM32F3xx_HAL_Driver\stm32f3xx_hal_tim.o
HAL_TIM_PWM_Start_IT                              Drivers\STM32F3xx_HAL_Driver\stm32f3xx_hal_tim.o
HAL_TIM_PWM_Stop                                  Drivers\STM32F3xx_HAL_Driver\stm32f3xx_hal_tim.o
HAL_TIM_PWM_Stop_DMA                              Drivers\STM32F3xx_HAL_Driver\stm32f3xx_hal_tim.o
HAL_TIM_PWM_Stop_IT                               Drivers\STM32F3xx_HAL_Driver\stm32f3xx_hal_tim.o
HAL_TIM_PeriodElapsedCallback                     Drivers\STM32F3xx_HAL_Driver\stm32f3xx_hal_tim.o
HAL_TIM_ReadCapturedValue                         Drivers\STM32F3xx_HAL_Driver\stm32f3xx_hal_tim.o
                                                  Example\User\hcsr04.o
                                                  Example\User\wheelencoder.o
HAL_TIM_SlaveConfigSynchronization                Drivers\STM32F3xx_HAL_Driver\stm32f3xx_hal_tim.o
HAL_TIM_SlaveConfigSynchronization_IT             Drivers\STM32F3xx_HAL_Driver\stm32f3xx_hal_tim.o
HAL_TIM_TriggerCallback                           Drivers\STM32F3xx_HAL_Driver\stm32f3xx_hal_tim.o
HAL_UARTEx_DisableStopMode                        Drivers\STM32F3xx_HAL_Driver\stm32f3xx_hal_uart_ex.o
HAL_UARTEx_EnableStopMode                         Drivers\STM32F3xx_HAL_Driver\stm32f3xx_hal_uart_ex.o
HAL_UARTEx_StopModeWakeUpSourceConfig             Drivers\STM32F3xx_HAL_Driver\stm32f3xx_hal_uart_ex.o
HAL_UARTEx_WakeupCallback                         Drivers\STM32F3xx_HAL_Driver\stm32f3xx_hal_uart_ex.o
                                                  Drivers\STM32F3xx_HAL_Driver\stm32f3xx_hal_uart.o
HAL_UART_DMAPause                                 Drivers\STM32F3xx_HAL_Driver\stm32f3xx_hal_uart.o
HAL_UART_DMAResume                                Drivers\STM32F3xx_HAL_Driver\stm32f3xx_hal_uart.o
HAL_UART_DMAStop                                  Drivers\STM32F3xx_HAL_Driver\stm32f3xx_hal_uart.o
HAL_UART_DeInit                                   Drivers\STM32F3xx_HAL_Driver\stm32f3xx_hal_uart.o
HAL_UART_ErrorCallback                            Drivers\STM32F3xx_HAL_Driver\stm32f3xx_hal_uart.o
HAL_UART_GetError                                 Drivers\STM32F3xx_HAL_Driver\stm32f3xx_hal_uart.o
HAL_UART_GetState                                 Drivers\STM32F3xx_HAL_Driver\stm32f3xx_hal_uart.o
HAL_UART_IRQHandler                               Drivers\STM32F3xx_HAL_Driver\stm32f3xx_hal_uart.o
HAL_UART_Init                                     Drivers\STM32F3xx_HAL_Driver\stm32f3xx_hal_uart.o
HAL_UART_MspDeInit                                Drivers\STM32F3xx_HAL_Driver\stm32f3xx_hal_uart.o
HAL_UART_MspInit                                  Drivers\STM32F3xx_HAL_Driver\stm32f3xx_hal_uart.o
                                                  Drivers\STM32F3xx_HAL_Driver\stm32f3xx_hal_uart_ex.o
HAL_UART_Receive                                  Drivers\STM32F3xx_HAL_Driver\stm32f3xx_hal_uart.o
HAL_UART_Receive_DMA                              Drivers\STM32F3xx_HAL_Driver\stm32f3xx_hal_uart.o
HAL_UART_Receive_IT                               Drivers\STM32F3xx_HAL_Driver\stm32f3xx_hal_uart.o
HAL_UART_RxCpltCallback                           Drivers\STM32F3xx_HAL_Driver\stm32f3xx_hal_uart.o
HAL_UART_RxHalfCpltCallback                       Drivers\STM32F3xx_HAL_Driver\stm32f3xx_hal_uart.o
HAL_UART_Transmit                                 Drivers\STM32F3xx_HAL_Driver\stm32f3xx_hal_uart.o
HAL_UART_Transmit_DMA                             Drivers\STM32F3xx_HAL_Driver\stm32f3xx_hal_uart.o
HAL_UART_Transmit_IT                              Drivers\STM32F3xx_HAL_Driver\stm32f3xx_hal_uart.o
HAL_UART_TxCpltCallback                           Drivers\STM32F3xx_HAL_Driver\stm32f3xx_hal_uart.o
HAL_UART_TxHalfCpltCallback                       Drivers\STM32F3xx_HAL_Driver\stm32f3xx_hal_uart.o