Archive member included because of file (symbol)

c:/program files (x86)/atollic/truestudio for arm 5.4.0/armtools/bin/../lib/gcc/arm-atollic-eabi/4.8.3/../../../../arm-atollic-eabi/lib/armv7e-m/fpv4-sp-d16\libc.a(lib_a-init.o)
                              Example\TrueSTUDIO\startup_stm32f303xc.o (__libc_init_array)
c:/program files (x86)/atollic/truestudio for arm 5.4.0/armtools/bin/../lib/gcc/arm-atollic-eabi/4.8.3/../../../../arm-atollic-eabi/lib/armv7e-m/fpv4-sp-d16\libc.a(lib_a-memset.o)
                              Drivers\STM32F3xx_HAL_Driver\stm32f3xx_hal_rcc.o (memset)
c:/program files (x86)/atollic/truestudio for arm 5.4.0/armtools/bin/../lib/gcc/arm-atollic-eabi/4.8.3/armv7e-m/fpv4-sp-d16\libgcc.a(_lshrdi3.o)
                              Drivers\STM32F3xx_HAL_Driver\stm32f3xx_hal_flash.o (__aeabi_llsr)

Allocating common symbols
Common symbol       size              file

hdma_adc3           0x38              Example\User\stm32f3xx_hal_msp.o
pFlash              0x20              Drivers\STM32F3xx_HAL_Driver\stm32f3xx_hal_flash.o
hadc1               0x54              Example\User\qre1113.o
dmabuffer           0xc               Example\User\qre1113.o
calibration         0xc               Example\User\main.o

Discarded input sections

 .text          0x00000000        0x0 c:/program files (x86)/atollic/truestudio for arm 5.4.0/armtools/bin/../lib/gcc/arm-atollic-eabi/4.8.3/armv7e-m/fpv4-sp-d16/crti.o
 .data          0x00000000        0x0 c:/program files (x86)/atollic/truestudio for arm 5.4.0/armtools/bin/../lib/gcc/arm-atollic-eabi/4.8.3/armv7e-m/fpv4-sp-d16/crti.o
 .bss           0x00000000        0x0 c:/program files (x86)/atollic/truestudio for arm 5.4.0/armtools/bin/../lib/gcc/arm-atollic-eabi/4.8.3/armv7e-m/fpv4-sp-d16/crti.o
 .data          0x00000000        0x4 c:/program files (x86)/atollic/truestudio for arm 5.4.0/armtools/bin/../lib/gcc/arm-atollic-eabi/4.8.3/armv7e-m/fpv4-sp-d16/crtbegin.o
 .text          0x00000000        0x0 Example\User\wheelencoder.o
 .data          0x00000000        0x0 Example\User\wheelencoder.o
 .bss           0x00000000        0x0 Example\User\wheelencoder.o
 .text          0x00000000        0x0 Example\User\stm32f3xx_it.o
 .data          0x00000000        0x0 Example\User\stm32f3xx_it.o
 .bss           0x00000000        0x0 Example\User\stm32f3xx_it.o
 .text          0x00000000        0x0 Example\User\stm32f3xx_hal_msp.o
 .data          0x00000000        0x0 Example\User\stm32f3xx_hal_msp.o
 .bss           0x00000000        0x0 Example\User\stm32f3xx_hal_msp.o
 .text          0x00000000        0x0 Example\User\robotcontrol.o
 .data          0x00000000        0x0 Example\User\robotcontrol.o
 .bss           0x00000000        0x0 Example\User\robotcontrol.o
 .rodata.MAXSPEED
                0x00000000        0x4 Example\User\robotcontrol.o
 .rodata.MINENCODERSPEED
                0x00000000        0x4 Example\User\robotcontrol.o
 .data.ULTRASLOWSPEED
                0x00000000        0x4 Example\User\robotcontrol.o
 .rodata.SLOWDISTANCE
                0x00000000        0x4 Example\User\robotcontrol.o
 .rodata.LOOPTIME
                0x00000000        0x4 Example\User\robotcontrol.o
 .rodata.TURNDISTANCE
                0x00000000        0x4 Example\User\robotcontrol.o
 .rodata.MINSPEED
                0x00000000        0x4 Example\User\robotcontrol.o
 .text          0x00000000        0x0 Example\User\qre1113.o
 .data          0x00000000        0x0 Example\User\qre1113.o
 .bss           0x00000000        0x0 Example\User\qre1113.o
 .text          0x00000000        0x0 Example\User\main.o
 .data          0x00000000        0x0 Example\User\main.o
 .bss           0x00000000        0x0 Example\User\main.o
 COMMON         0x00000000        0xc Example\User\main.o
 .text          0x00000000        0x0 Example\User\hcsr04.o
 .data          0x00000000        0x0 Example\User\hcsr04.o
 .bss           0x00000000        0x0 Example\User\hcsr04.o
 .text          0x00000000        0x0 Example\User\drv8701.o
 .data          0x00000000        0x0 Example\User\drv8701.o
 .bss           0x00000000        0x0 Example\User\drv8701.o
 .rodata.PRESCALER
                0x00000000        0x4 Example\User\drv8701.o
 .rodata.PERIOD
                0x00000000        0x4 Example\User\drv8701.o
 .text          0x00000000       0x14 Example\TrueSTUDIO\startup_stm32f303xc.o
 .data          0x00000000        0x0 Example\TrueSTUDIO\startup_stm32f303xc.o
 .bss           0x00000000        0x0 Example\TrueSTUDIO\startup_stm32f303xc.o
 .text          0x00000000        0x0 Drivers\STM32F3xx_HAL_Driver\stm32f3xx_hal_uart_ex.o
 .data          0x00000000        0x0 Drivers\STM32F3xx_HAL_Driver\stm32f3xx_hal_uart_ex.o
 .bss           0x00000000        0x0 Drivers\STM32F3xx_HAL_Driver\stm32f3xx_hal_uart_ex.o
 .text.HAL_RS485Ex_Init
                0x00000000       0x88 Drivers\STM32F3xx_HAL_Driver\stm32f3xx_hal_uart_ex.o
 .text.HAL_UARTEx_WakeupCallback
[...]
Memory Configuration

Name             Origin             Length             Attributes
FLASH            0x08000000         0x00040000         xr
RAM              0x20000000         0x0000a000         xrw
CCMRAM           0x10000000         0x00002000         rw
*default*        0x00000000         0xffffffff

Linker script and memory map

LOAD c:/program files (x86)/atollic/truestudio for arm 5.4.0/armtools/bin/../lib/gcc/arm-atollic-eabi/4.8.3/armv7e-m/fpv4-sp-d16/crti.o
LOAD c:/program files (x86)/atollic/truestudio for arm 5.4.0/armtools/bin/../lib/gcc/arm-atollic-eabi/4.8.3/armv7e-m/fpv4-sp-d16/crtbegin.o
LOAD Example\User\wheelencoder.o
LOAD Example\User\stm32f3xx_it.o
LOAD Example\User\stm32f3xx_hal_msp.o
LOAD Example\User\robotcontrol.o
LOAD Example\User\qre1113.o
LOAD Example\User\main.o
LOAD Example\User\hcsr04.o
LOAD Example\User\drv8701.o
LOAD Example\TrueSTUDIO\startup_stm32f303xc.o
LOAD Drivers\STM32F3xx_HAL_Driver\stm32f3xx_hal_uart_ex.o
LOAD Drivers\STM32F3xx_HAL_Driver\stm32f3xx_hal_uart.o
LOAD Drivers\STM32F3xx_HAL_Driver\stm32f3xx_hal_tim_ex.o
LOAD Drivers\STM32F3xx_HAL_Driver\stm32f3xx_hal_tim.o
LOAD Drivers\STM32F3xx_HAL_Driver\stm32f3xx_hal_rcc_ex.o
LOAD Drivers\STM32F3xx_HAL_Driver\stm32f3xx_hal_rcc.o
LOAD Drivers\STM32F3xx_HAL_Driver\stm32f3xx_hal_pwr_ex.o
LOAD Drivers\STM32F3xx_HAL_Driver\stm32f3xx_hal_pwr.o
LOAD Drivers\STM32F3xx_HAL_Driver\stm32f3xx_hal_i2c_ex.o
LOAD Drivers\STM32F3xx_HAL_Driver\stm32f3xx_hal_i2c.o
LOAD Drivers\STM32F3xx_HAL_Driver\stm32f3xx_hal_gpio.o
LOAD Drivers\STM32F3xx_HAL_Driver\stm32f3xx_hal_flash_ex.o
LOAD Drivers\STM32F3xx_HAL_Driver\stm32f3xx_hal_flash.o
LOAD Drivers\STM32F3xx_HAL_Driver\stm32f3xx_hal_dma.o
LOAD Drivers\STM32F3xx_HAL_Driver\stm32f3xx_hal_cortex.o
LOAD Drivers\STM32F3xx_HAL_Driver\stm32f3xx_hal_adc_ex.o
LOAD Drivers\STM32F3xx_HAL_Driver\stm32f3xx_hal_adc.o
LOAD Drivers\STM32F3xx_HAL_Driver\stm32f3xx_hal.o
LOAD Drivers\CMSIS\system_stm32f3xx.o
LOAD Drivers\BSP\STM32F3-Discovery\stm32f3_discovery.o
START GROUP
LOAD c:/program files (x86)/atollic/truestudio for arm 5.4.0/armtools/bin/../lib/gcc/arm-atollic-eabi/4.8.3/../../../../arm-atollic-eabi/lib/armv7e-m/fpv4-sp-d16\libc.a
LOAD c:/program files (x86)/atollic/truestudio for arm 5.4.0/armtools/bin/../lib/gcc/arm-atollic-eabi/4.8.3/../../../../arm-atollic-eabi/lib/armv7e-m/fpv4-sp-d16\libm.a
END GROUP
                0x00001000                malloc_getpagesize_P = 0x1000
START GROUP
LOAD c:/program files (x86)/atollic/truestudio for arm 5.4.0/armtools/bin/../lib/gcc/arm-atollic-eabi/4.8.3/armv7e-m/fpv4-sp-d16\libgcc.a
LOAD c:/program files (x86)/atollic/truestudio for arm 5.4.0/armtools/bin/../lib/gcc/arm-atollic-eabi/4.8.3/../../../../arm-atollic-eabi/lib/armv7e-m/fpv4-sp-d16\libc.a
END GROUP
LOAD c:/program files (x86)/atollic/truestudio for arm 5.4.0/armtools/bin/../lib/gcc/arm-atollic-eabi/4.8.3/armv7e-m/fpv4-sp-d16/crtend.o
LOAD c:/program files (x86)/atollic/truestudio for arm 5.4.0/armtools/bin/../lib/gcc/arm-atollic-eabi/4.8.3/armv7e-m/fpv4-sp-d16/crtn.o
                0x20009fff                _estack = 0x20009fff
                0x00000200                _Min_Heap_Size = 0x200
                0x00000400                _Min_Stack_Size = 0x400

.isr_vector     0x08000000      0x188
                0x08000000                . = ALIGN (0x4)
 *(.isr_vector)
 .isr_vector    0x08000000      0x188 Example\TrueSTUDIO\startup_stm32f303xc.o
                0x08000000                g_pfnVectors
                0x08000188                . = ALIGN (0x4)

.text           0x08000188     0x2ae8
                0x08000188                . = ALIGN (0x4)
 *(.text)
 .text          0x08000188       0x40 c:/program files (x86)/atollic/truestudio for arm 5.4.0/armtools/bin/../lib/gcc/arm-atollic-eabi/4.8.3/armv7e-m/fpv4-sp-d16/crtbegin.o
 *(.text*)
 .text.wheelencoder_init
                0x080001c8       0x9c Example\User\wheelencoder.o
                0x080001c8                wheelencoder_init
 .text.wheelencoder_getSpeed
                0x08000264        0xc Example\User\wheelencoder.o
                0x08000264                wheelencoder_getSpeed
 .text.TIM1_CC_IRQHandler
                0x08000270       0x48 Example\User\wheelencoder.o
                0x08000270                TIM1_CC_IRQHandler
 .text.TIM1_UP_TIM16_IRQHandler
                0x080002b8       0x28 Example\User\wheelencoder.o
                0x080002b8                TIM1_UP_TIM16_IRQHandler
 .text.TIM1_TRG_COM_TIM17_IRQHandler
                0x080002e0       0x68 Example\User\wheelencoder.o
                0x080002e0                TIM1_TRG_COM_TIM17_IRQHandler
 .text.NMI_Handler
                0x08000348        0x2 Example\User\stm32f3xx_it.o
                0x08000348                NMI_Handler
 .text.HardFault_Handler
                0x0800034a        0x2 Example\User\stm32f3xx_it.o
                0x0800034a                HardFault_Handler
 .text.MemManage_Handler
                0x0800034c        0x2 Example\User\stm32f3xx_it.o
                0x0800034c                MemManage_Handler
 .text.BusFault_Handler
                0x0800034e        0x2 Example\User\stm32f3xx_it.o
                0x0800034e                BusFault_Handler
 .text.UsageFault_Handler
                0x08000350        0x2 Example\User\stm32f3xx_it.o
                0x08000350                UsageFault_Handler
 .text.SVC_Handler
                0x08000352        0x2 Example\User\stm32f3xx_it.o
                0x08000352                SVC_Handler
 .text.DebugMon_Handler
                0x08000354        0x2 Example\User\stm32f3xx_it.o
                0x08000354                DebugMon_Handler
 .text.PendSV_Handler
                0x08000356        0x2 Example\User\stm32f3xx_it.o
                0x08000356                PendSV_Handler
 .text.SysTick_Handler
                0x08000358        0x4 Example\User\stm32f3xx_it.o
                0x08000358                SysTick_Handler
 .text.HAL_TIM_PWM_MspInit
                0x0800035c      0x314 Example\User\stm32f3xx_hal_msp.o
                0x0800035c                HAL_TIM_PWM_MspInit
 .text.robotControl_init
                0x08000670       0x50 Example\User\robotcontrol.o
                0x08000670                robotControl_init
 .text.robotControl_run
                0x080006c0      0x150 Example\User\robotcontrol.o
                0x080006c0                robotControl_run
 .text.qre1113_init
                0x08000810       0xe0 Example\User\qre1113.o
                0x08000810                qre1113_init
 .text.qre1113_getValue
                0x080008f0       0x30 Example\User\qre1113.o
                0x080008f0                qre1113_getValue
 .text.startup.main
                0x08000920       0x66 Example\User\main.o
                0x08000920                main
 *fill*         0x08000986        0x2 
 .text.hcsr04_init
                0x08000988       0x6c Example\User\hcsr04.o
                0x08000988                hcsr04_init
 .text.hcsr04_getDistance
                0x080009f4       0x14 Example\User\hcsr04.o
                0x080009f4                hcsr04_getDistance
 .text.TIM8_UP_IRQHandler
                0x08000a08       0x64 Example\User\hcsr04.o
                0x08000a08                TIM8_UP_IRQHandler
 .text.TIM1_BRK_TIM15_IRQHandler
                0x08000a6c       0x94 Example\User\hcsr04.o
                0x08000a6c                TIM1_BRK_TIM15_IRQHandler
 .text.TIM8_CC_IRQHandler
                0x08000b00       0x5c Example\User\hcsr04.o
                0x08000b00                TIM8_CC_IRQHandler
 .text.drv8701_init
                0x08000b5c       0xa4 Example\User\drv8701.o
                0x08000b5c                drv8701_init
 .text.drv8701_setspeed
                0x08000c00       0x62 Example\User\drv8701.o
                0x08000c00                drv8701_setspeed
 *fill*         0x08000c62        0x2 
 .text.Reset_Handler
                0x08000c64       0x5c Example\TrueSTUDIO\startup_stm32f303xc.o
                0x08000c64                Reset_Handler
 .text.Default_Handler
                0x08000cc0        0x4 Example\TrueSTUDIO\startup_stm32f303xc.o
                0x08000cc0                RTC_Alarm_IRQHandler
                0x08000cc0                TIM8_TRG_COM_IRQHandler
                0x08000cc0                USB_HP_IRQHandler
                0x08000cc0                PVD_IRQHandler
                0x08000cc0                TAMP_STAMP_IRQHandler
                0x08000cc0                EXTI3_IRQHandler
                0x08000cc0                USB_HP_CAN_TX_IRQHandler
                0x08000cc0                EXTI0_IRQHandler
                0x08000cc0                I2C2_EV_IRQHandler
                0x08000cc0                FPU_IRQHandler
                0x08000cc0                ADC1_2_IRQHandler
                0x08000cc0                SPI1_IRQHandler
                0x08000cc0                CAN_SCE_IRQHandler
                0x08000cc0                TIM6_DAC_IRQHandler
                0x08000cc0                DMA2_Channel2_IRQHandler
                0x08000cc0                DMA1_Channel4_IRQHandler
                0x08000cc0                USART3_IRQHandler
                0x08000cc0                DMA1_Channel7_IRQHandler
                0x08000cc0                UART5_IRQHandler
                0x08000cc0                ADC3_IRQHandler
                0x08000cc0                TIM4_IRQHandler
                0x08000cc0                CAN_RX1_IRQHandler
                0x08000cc0                DMA2_Channel1_IRQHandler
                0x08000cc0                I2C1_EV_IRQHandler
                0x08000cc0                DMA1_Channel6_IRQHandler
                0x08000cc0                UART4_IRQHandler
                0x08000cc0                DMA2_Channel4_IRQHandler
                0x08000cc0                TIM3_IRQHandler
                0x08000cc0                RCC_IRQHandler
                0x08000cc0                DMA1_Channel1_IRQHandler
                0x08000cc0                Default_Handler
                0x08000cc0                USBWakeUp_RMP_IRQHandler
                0x08000cc0                EXTI15_10_IRQHandler
                0x08000cc0                TIM7_IRQHandler
                0x08000cc0                EXTI9_5_IRQHandler
                0x08000cc0                RTC_WKUP_IRQHandler
                0x08000cc0                SPI2_IRQHandler
                0x08000cc0                USB_LP_CAN_RX0_IRQHandler
                0x08000cc0                DMA2_Channel5_IRQHandler
                0x08000cc0                DMA1_Channel5_IRQHandler
                0x08000cc0                USB_LP_IRQHandler
                0x08000cc0                EXTI4_IRQHandler
                0x08000cc0                DMA1_Channel3_IRQHandler
                0x08000cc0                ADC4_IRQHandler
                0x08000cc0                WWDG_IRQHandler
                0x08000cc0                TIM2_IRQHandler
                0x08000cc0                COMP7_IRQHandler
                0x08000cc0                COMP1_2_3_IRQHandler
                0x08000cc0                EXTI1_IRQHandler
                0x08000cc0                USART2_IRQHandler
                0x08000cc0                COMP4_5_6_IRQHandler
                0x08000cc0                I2C2_ER_IRQHandler
                0x08000cc0                DMA1_Channel2_IRQHandler
                0x08000cc0                TIM8_BRK_IRQHandler
                0x08000cc0                FLASH_IRQHandler
                0x08000cc0                USART1_IRQHandler
                0x08000cc0                SPI3_IRQHandler
                0x08000cc0                I2C1_ER_IRQHandler
                0x08000cc0                USBWakeUp_IRQHandler
                0x08000cc0                DMA2_Channel3_IRQHandler
                0x08000cc0                EXTI2_TSC_IRQHandler
 .text.TIM_OC5_SetConfig
                0x08000cc4       0x68 Drivers\STM32F3xx_HAL_Driver\stm32f3xx_hal_tim_ex.o
 .text.TIM_OC6_SetConfig
                0x08000d2c       0x68 Drivers\STM32F3xx_HAL_Driver\stm32f3xx_hal_tim_ex.o
 .text.HAL_TIM_PWM_ConfigChannel
                0x08000d94      0x10c Drivers\STM32F3xx_HAL_Driver\stm32f3xx_hal_tim_ex.o
                0x08000d94                HAL_TIM_PWM_ConfigChannel
 .text.HAL_TIM_Base_MspInit
                0x08000ea0        0x2 Drivers\STM32F3xx_HAL_Driver\stm32f3xx_hal_tim.o
                0x08000ea0                HAL_TIM_Base_MspInit
 .text.HAL_TIM_Base_Start_IT
                0x08000ea2       0x16 Drivers\STM32F3xx_HAL_Driver\stm32f3xx_hal_tim.o
                0x08000ea2                HAL_TIM_Base_Start_IT
 .text.HAL_TIM_IC_MspInit
                0x08000eb8        0x2 Drivers\STM32F3xx_HAL_Driver\stm32f3xx_hal_tim.o
                0x08000eb8                HAL_TIM_IC_MspInit
 .text.HAL_TIM_ReadCapturedValue
                0x08000eba       0x46 Drivers\STM32F3xx_HAL_Driver\stm32f3xx_hal_tim.o
                0x08000eba                HAL_TIM_ReadCapturedValue
 .text.TIM_Base_SetConfig
                0x08000f00       0xb4 Drivers\STM32F3xx_HAL_Driver\stm32f3xx_hal_tim.o
                0x08000f00                TIM_Base_SetConfig
 .text.HAL_TIM_Base_Init
                0x08000fb4       0x34 Drivers\STM32F3xx_HAL_Driver\stm32f3xx_hal_tim.o
                0x08000fb4                HAL_TIM_Base_Init
 .text.HAL_TIM_PWM_Init
                0x08000fe8       0x34 Drivers\STM32F3xx_HAL_Driver\stm32f3xx_hal_tim.o
                0x08000fe8                HAL_TIM_PWM_Init
 .text.HAL_TIM_IC_Init
                0x0800101c       0x34 Drivers\STM32F3xx_HAL_Driver\stm32f3xx_hal_tim.o
                0x0800101c                HAL_TIM_IC_Init
 .text.TIM_OC1_SetConfig
                0x08001050       0x98 Drivers\STM32F3xx_HAL_Driver\stm32f3xx_hal_tim.o
                0x08001050                TIM_OC1_SetConfig
 .text.TIM_OC2_SetConfig
                0x080010e8       0x8c Drivers\STM32F3xx_HAL_Driver\stm32f3xx_hal_tim.o
                0x080010e8                TIM_OC2_SetConfig
 .text.TIM_OC3_SetConfig
                0x08001174       0x8c Drivers\STM32F3xx_HAL_Driver\stm32f3xx_hal_tim.o
                0x08001174                TIM_OC3_SetConfig
 .text.TIM_OC4_SetConfig
                0x08001200       0x68 Drivers\STM32F3xx_HAL_Driver\stm32f3xx_hal_tim.o
                0x08001200                TIM_OC4_SetConfig
 .text.TIM_TI1_SetConfig
                0x08001268       0x64 Drivers\STM32F3xx_HAL_Driver\stm32f3xx_hal_tim.o
                0x08001268                TIM_TI1_SetConfig
 .text.HAL_TIM_IC_ConfigChannel
                0x080012cc      0x112 Drivers\STM32F3xx_HAL_Driver\stm32f3xx_hal_tim.o
                0x080012cc                HAL_TIM_IC_ConfigChannel
 .text.TIM_CCxChannelCmd
                0x080013de       0x18 Drivers\STM32F3xx_HAL_Driver\stm32f3xx_hal_tim.o
                0x080013de                TIM_CCxChannelCmd
 *fill*         0x080013f6        0x2 
 .text.HAL_TIM_PWM_Start
                0x080013f8       0x4c Drivers\STM32F3xx_HAL_Driver\stm32f3xx_hal_tim.o
                0x080013f8                HAL_TIM_PWM_Start
 .text.HAL_TIM_IC_Start_IT
                0x08001444       0x58 Drivers\STM32F3xx_HAL_Driver\stm32f3xx_hal_tim.o
                0x08001444                HAL_TIM_IC_Start_IT
 .text.HAL_RCC_OscConfig
                0x0800149c      0x594 Drivers\STM32F3xx_HAL_Driver\stm32f3xx_hal_rcc.o
                0x0800149c                HAL_RCC_OscConfig
 .text.HAL_RCC_ClockConfig
                0x08001a30      0x21c Drivers\STM32F3xx_HAL_Driver\stm32f3xx_hal_rcc.o
                0x08001a30                HAL_RCC_ClockConfig
 .text.HAL_RCC_GetSysClockFreq
                0x08001c4c       0x64 Drivers\STM32F3xx_HAL_Driver\stm32f3xx_hal_rcc.o
                0x08001c4c                HAL_RCC_GetSysClockFreq
 .text.HAL_RCC_GetHCLKFreq
                0x08001cb0       0x34 Drivers\STM32F3xx_HAL_Driver\stm32f3xx_hal_rcc.o
                0x08001cb0                HAL_RCC_GetHCLKFreq
 .text.HAL_GPIO_Init
                0x08001ce4      0x1a4 Drivers\STM32F3xx_HAL_Driver\stm32f3xx_hal_gpio.o
                0x08001ce4                HAL_GPIO_Init
 .text.HAL_GPIO_ReadPin
                0x08001e88        0xc Drivers\STM32F3xx_HAL_Driver\stm32f3xx_hal_gpio.o
                0x08001e88                HAL_GPIO_ReadPin
 .text.HAL_GPIO_WritePin
                0x08001e94        0xa Drivers\STM32F3xx_HAL_Driver\stm32f3xx_hal_gpio.o
                0x08001e94                HAL_GPIO_WritePin
 .text.HAL_DMA_Init
                0x08001e9e       0x4a Drivers\STM32F3xx_HAL_Driver\stm32f3xx_hal_dma.o
                0x08001e9e                HAL_DMA_Init
 .text.HAL_DMA_Start_IT
                0x08001ee8       0x5a Drivers\STM32F3xx_HAL_Driver\stm32f3xx_hal_dma.o
                0x08001ee8                HAL_DMA_Start_IT
 *fill*         0x08001f42        0x2 
 .text.HAL_NVIC_SetPriorityGrouping
                0x08001f44       0x24 Drivers\STM32F3xx_HAL_Driver\stm32f3xx_hal_cortex.o
                0x08001f44                HAL_NVIC_SetPriorityGrouping
 .text.HAL_NVIC_SetPriority
                0x08001f68       0x64 Drivers\STM32F3xx_HAL_Driver\stm32f3xx_hal_cortex.o
                0x08001f68                HAL_NVIC_SetPriority
 .text.HAL_NVIC_EnableIRQ
                0x08001fcc       0x18 Drivers\STM32F3xx_HAL_Driver\stm32f3xx_hal_cortex.o
                0x08001fcc                HAL_NVIC_EnableIRQ
 .text.HAL_SYSTICK_Config
                0x08001fe4       0x2c Drivers\STM32F3xx_HAL_Driver\stm32f3xx_hal_cortex.o
                0x08001fe4                HAL_SYSTICK_Config
 .text.ADC_Disable
                0x08002010       0x70 Drivers\STM32F3xx_HAL_Driver\stm32f3xx_hal_adc_ex.o
 .text.ADC_Enable
                0x08002080       0x5c Drivers\STM32F3xx_HAL_Driver\stm32f3xx_hal_adc_ex.o
 .text.ADC_DMAError
                0x080020dc       0x16 Drivers\STM32F3xx_HAL_Driver\stm32f3xx_hal_adc_ex.o
 .text.ADC_DMAHalfConvCplt
                0x080020f2        0x6 Drivers\STM32F3xx_HAL_Driver\stm32f3xx_hal_adc_ex.o
 .text.ADC_DMAConvCplt
                0x080020f8       0x4a Drivers\STM32F3xx_HAL_Driver\stm32f3xx_hal_adc_ex.o
 *fill*         0x08002142        0x2 
 .text.HAL_ADC_Init
                0x08002144      0x238 Drivers\STM32F3xx_HAL_Driver\stm32f3xx_hal_adc_ex.o
                0x08002144                HAL_ADC_Init
 .text.HAL_ADC_Start
                0x0800237c      0x158 Drivers\STM32F3xx_HAL_Driver\stm32f3xx_hal_adc_ex.o
                0x0800237c                HAL_ADC_Start
 .text.HAL_ADC_Start_DMA
                0x080024d4      0x14c Drivers\STM32F3xx_HAL_Driver\stm32f3xx_hal_adc_ex.o
                0x080024d4                HAL_ADC_Start_DMA
 .text.HAL_ADC_GetValue
                0x08002620        0x6 Drivers\STM32F3xx_HAL_Driver\stm32f3xx_hal_adc_ex.o
                0x08002620                HAL_ADC_GetValue
 *fill*         0x08002626        0x2 
 .text.HAL_ADC_ConfigChannel
                0x08002628      0x310 Drivers\STM32F3xx_HAL_Driver\stm32f3xx_hal_adc_ex.o
                0x08002628                HAL_ADC_ConfigChannel
 .text.HAL_ADC_MspInit
                0x08002938        0x2 Drivers\STM32F3xx_HAL_Driver\stm32f3xx_hal_adc.o
                0x08002938                HAL_ADC_MspInit
 .text.HAL_ADC_ConvCpltCallback
                0x0800293a        0x2 Drivers\STM32F3xx_HAL_Driver\stm32f3xx_hal_adc.o
                0x0800293a                HAL_ADC_ConvCpltCallback
 .text.HAL_ADC_ConvHalfCpltCallback
                0x0800293c        0x2 Drivers\STM32F3xx_HAL_Driver\stm32f3xx_hal_adc.o
                0x0800293c                HAL_ADC_ConvHalfCpltCallback
 .text.HAL_ADC_ErrorCallback
                0x0800293e        0x2 Drivers\STM32F3xx_HAL_Driver\stm32f3xx_hal_adc.o
                0x0800293e                HAL_ADC_ErrorCallback
 .text.HAL_MspInit
                0x08002940        0x2 Drivers\STM32F3xx_HAL_Driver\stm32f3xx_hal.o
                0x08002940                HAL_MspInit
 .text.HAL_InitTick
                0x08002942       0x24 Drivers\STM32F3xx_HAL_Driver\stm32f3xx_hal.o
                0x08002942                HAL_InitTick
 *fill*         0x08002966        0x2 
 .text.HAL_Init
                0x08002968       0x24 Drivers\STM32F3xx_HAL_Driver\stm32f3xx_hal.o
                0x08002968                HAL_Init
 .text.HAL_IncTick
                0x0800298c       0x10 Drivers\STM32F3xx_HAL_Driver\stm32f3xx_hal.o
                0x0800298c                HAL_IncTick
 .text.HAL_GetTick
                0x0800299c        0xc Drivers\STM32F3xx_HAL_Driver\stm32f3xx_hal.o
                0x0800299c                HAL_GetTick
 .text.HAL_Delay
                0x080029a8       0x1a Drivers\STM32F3xx_HAL_Driver\stm32f3xx_hal.o
                0x080029a8                HAL_Delay
 *fill*         0x080029c2        0x2 
 .text.SystemInit
                0x080029c4       0x68 Drivers\CMSIS\system_stm32f3xx.o
                0x080029c4                SystemInit
 .text.BSP_LED_Init
                0x08002a2c      0x10c Drivers\BSP\STM32F3-Discovery\stm32f3_discovery.o
                0x08002a2c                BSP_LED_Init
 .text.BSP_LED_On
                0x08002b38       0x1c Drivers\BSP\STM32F3-Discovery\stm32f3_discovery.o
                0x08002b38                BSP_LED_On
 .text.BSP_LED_Off
                0x08002b54       0x1c Drivers\BSP\STM32F3-Discovery\stm32f3_discovery.o
                0x08002b54                BSP_LED_Off
 .text.BSP_PB_Init
                0x08002b70       0x88 Drivers\BSP\STM32F3-Discovery\stm32f3_discovery.o
                0x08002b70                BSP_PB_Init
 .text.BSP_PB_GetState
                0x08002bf8       0x14 Drivers\BSP\STM32F3-Discovery\stm32f3_discovery.o
                0x08002bf8                BSP_PB_GetState
 .text.__libc_init_array
                0x08002c0c       0x4c c:/program files (x86)/atollic/truestudio for arm 5.4.0/armtools/bin/../lib/gcc/arm-atollic-eabi/4.8.3/../../../../arm-atollic-eabi/lib/armv7e-m/fpv4-sp-d16\libc.a(lib_a-init.o)
                0x08002c0c                __libc_init_array
 *(.glue_7)
 .glue_7        0x00000000        0x0 linker stubs
 *(.glue_7t)
 .glue_7t       0x00000000        0x0 linker stubs
 *(.eh_frame)
 .eh_frame      0x08002c58        0x0 c:/program files (x86)/atollic/truestudio for arm 5.4.0/armtools/bin/../lib/gcc/arm-atollic-eabi/4.8.3/armv7e-m/fpv4-sp-d16/crtbegin.o
 *(.init)
 .init          0x08002c58        0x4 c:/program files (x86)/atollic/truestudio for arm 5.4.0/armtools/bin/../lib/gcc/arm-atollic-eabi/4.8.3/armv7e-m/fpv4-sp-d16/crti.o
                0x08002c58                _init
 .init          0x08002c5c        0x8 c:/program files (x86)/atollic/truestudio for arm 5.4.0/armtools/bin/../lib/gcc/arm-atollic-eabi/4.8.3/armv7e-m/fpv4-sp-d16/crtn.o
 *(.fini)
 .fini          0x08002c64        0x4 c:/program files (x86)/atollic/truestudio for arm 5.4.0/armtools/bin/../lib/gcc/arm-atollic-eabi/4.8.3/armv7e-m/fpv4-sp-d16/crti.o
                0x08002c64                _fini
 .fini          0x08002c68        0x8 c:/program files (x86)/atollic/truestudio for arm 5.4.0/armtools/bin/../lib/gcc/arm-atollic-eabi/4.8.3/armv7e-m/fpv4-sp-d16/crtn.o
                0x08002c70                . = ALIGN (0x4)
                0x08002c70                _etext = .

.vfp11_veneer   0x08002c70        0x0
 .vfp11_veneer  0x00000000        0x0 linker stubs

.v4_bx          0x08002c70        0x0
 .v4_bx         0x00000000        0x0 linker stubs

.iplt           0x08002c70        0x0
 .iplt          0x00000000        0x0 c:/program files (x86)/atollic/truestudio for arm 5.4.0/armtools/bin/../lib/gcc/arm-atollic-eabi/4.8.3/armv7e-m/fpv4-sp-d16/crtbegin.o

.rodata         0x08002c70       0x40
                0x08002c70                . = ALIGN (0x4)
 *(.rodata)
 *(.rodata*)
 .rodata.aPredivFactorTable
                0x08002c70       0x10 Drivers\STM32F3xx_HAL_Driver\stm32f3xx_hal_rcc.o
                0x08002c70                aPredivFactorTable
 .rodata.aPLLMULFactorTable
                0x08002c80       0x10 Drivers\STM32F3xx_HAL_Driver\stm32f3xx_hal_rcc.o
                0x08002c80                aPLLMULFactorTable
 .rodata.aAPBAHBPrescTable
                0x08002c90       0x10 Drivers\STM32F3xx_HAL_Driver\stm32f3xx_hal_rcc.o
                0x08002c90                aAPBAHBPrescTable
 .rodata.LED_PIN
                0x08002ca0       0x10 Drivers\BSP\STM32F3-Discovery\stm32f3_discovery.o
                0x08002ca0                LED_PIN
                0x08002cb0                . = ALIGN (0x4)

.rel.dyn        0x08002cb0        0x0
 .rel.iplt      0x00000000        0x0 c:/program files (x86)/atollic/truestudio for arm 5.4.0/armtools/bin/../lib/gcc/arm-atollic-eabi/4.8.3/armv7e-m/fpv4-sp-d16/crtbegin.o

.ARM.extab
 *(.ARM.extab* .gnu.linkonce.armextab.*)

.ARM            0x08002cb0        0x0
                0x08002cb0                __exidx_start = .
 *(.ARM.exidx*)
                0x08002cb0                __exidx_end = .

.preinit_array  0x08002cb0        0x0
                0x08002cb0                PROVIDE (__preinit_array_start, .)
 *(.preinit_array*)
                0x08002cb0                PROVIDE (__preinit_array_end, .)

.init_array     0x08002cb0        0x4
                0x08002cb0                PROVIDE (__init_array_start, .)
 *(SORT(.init_array.*))
 *(.init_array*)
 .init_array    0x08002cb0        0x4 c:/program files (x86)/atollic/truestudio for arm 5.4.0/armtools/bin/../lib/gcc/arm-atollic-eabi/4.8.3/armv7e-m/fpv4-sp-d16/crtbegin.o
                0x08002cb4                PROVIDE (__init_array_end, .)

.fini_array     0x08002cb4        0x4
                0x08002cb4                PROVIDE (__fini_array_start, .)
 *(SORT(.fini_array.*))
 *(.fini_array*)
 .fini_array    0x08002cb4        0x4 c:/program files (x86)/atollic/truestudio for arm 5.4.0/armtools/bin/../lib/gcc/arm-atollic-eabi/4.8.3/armv7e-m/fpv4-sp-d16/crtbegin.o
                0x08002cb8                PROVIDE (__fini_array_end, .)
                0x08002cb8                _sidata = LOADADDR (.data)

.data           0x20000000       0x70 load address 0x08002cb8
                0x20000000                . = ALIGN (0x4)
                0x20000000                _sdata = .
 *(.data)
 *(.data*)
 .data.FULLSPEED
                0x20000000        0x4 Example\User\robotcontrol.o
                0x20000000                FULLSPEED
 .data.directions
                0x20000004       0x40 Example\User\robotcontrol.o
                0x20000004                directions
 .data.SLOWSPEED
                0x20000044        0x4 Example\User\robotcontrol.o
                0x20000044                SLOWSPEED
 .data.SystemCoreClock
                0x20000048        0x4 Drivers\CMSIS\system_stm32f3xx.o
                0x20000048                SystemCoreClock
 .data.BUTTON_PORT
                0x2000004c        0x4 Drivers\BSP\STM32F3-Discovery\stm32f3_discovery.o
                0x2000004c                BUTTON_PORT
 .data.LED_PORT
                0x20000050       0x20 Drivers\BSP\STM32F3-Discovery\stm32f3_discovery.o
                0x20000050                LED_PORT
                0x20000070                . = ALIGN (0x4)
                0x20000070                _edata = .
                0x08002d28                _siccmram = LOADADDR (.ccmram)

.igot.plt       0x20000070        0x0 load address 0x08002d28
 .igot.plt      0x00000000        0x0 c:/program files (x86)/atollic/truestudio for arm 5.4.0/armtools/bin/../lib/gcc/arm-atollic-eabi/4.8.3/armv7e-m/fpv4-sp-d16/crtbegin.o

.ccmram         0x10000000        0x0 load address 0x08002d28
                0x10000000                . = ALIGN (0x4)
                0x10000000                _sccmram = .
 *(.ccmram)
 *(.ccmram*)
                0x10000000                . = ALIGN (0x4)
                0x10000000                _eccmram = .
                0x10000000                . = ALIGN (0x4)

.bss            0x20000070      0x2a4
                0x20000070                _sbss = .
                0x20000070                __bss_start__ = _sbss
 *(.bss)
 .bss           0x20000070       0x1c c:/program files (x86)/atollic/truestudio for arm 5.4.0/armtools/bin/../lib/gcc/arm-atollic-eabi/4.8.3/armv7e-m/fpv4-sp-d16/crtbegin.o
 *(.bss*)
 .bss.TimHandle
                0x2000008c       0x3c Example\User\wheelencoder.o
 .bss.TimHandle2
                0x200000c8       0x3c Example\User\wheelencoder.o
 .bss.on1       0x20000104        0x4 Example\User\wheelencoder.o
 .bss.on2       0x20000108        0x4 Example\User\wheelencoder.o
 .bss.encoderSpeed
                0x2000010c        0x8 Example\User\wheelencoder.o
 .bss.hadc2     0x20000114       0x54 Example\User\qre1113.o
 .bss.TimHandle
                0x20000168       0x78 Example\User\hcsr04.o
 .bss.distance  0x200001e0        0x8 Example\User\hcsr04.o
 .bss.startTime
                0x200001e8        0x8 Example\User\hcsr04.o
 .bss.measurementComplete
                0x200001f0        0x8 Example\User\hcsr04.o
 .bss.timeouts  0x200001f8        0x8 Example\User\hcsr04.o
 .bss.TimHandle
                0x20000200       0x3c Example\User\drv8701.o
 .bss.TimHandle2
                0x2000023c       0x3c Example\User\drv8701.o
 .bss.uwTick    0x20000278        0x4 Drivers\STM32F3xx_HAL_Driver\stm32f3xx_hal.o
 *(COMMON)
 COMMON         0x2000027c       0x38 Example\User\stm32f3xx_hal_msp.o
                0x2000027c                hdma_adc3
 COMMON         0x200002b4       0x60 Example\User\qre1113.o
                0x200002b4                hadc1
                0x20000308                dmabuffer
                0x20000314                . = ALIGN (0x4)
                0x20000314                _ebss = .
                0x20000314                __bss_end__ = _ebss

._user_heap_stack
                0x20000314      0x600
                0x20000314                . = ALIGN (0x4)
                0x20000314                PROVIDE (end, .)
                0x20000314                PROVIDE (_end, .)
                0x20000514                . = (. + _Min_Heap_Size)
 *fill*         0x20000314      0x200 
                0x20000914                . = (. + _Min_Stack_Size)
 *fill*         0x20000514      0x400 
                0x20000914                . = ALIGN (0x4)

/DISCARD/
 libc.a(*)
 libm.a(*)
 libgcc.a(*)

.ARM.attributes
                0x00000000       0x2e
 *(.ARM.attributes)
 .ARM.attributes
                0x00000000       0x22 c:/program files (x86)/atollic/truestudio for arm 5.4.0/armtools/bin/../lib/gcc/arm-atollic-eabi/4.8.3/armv7e-m/fpv4-sp-d16/crti.o
 .ARM.attributes
                0x00000022       0x2e c:/program files (x86)/atollic/truestudio for arm 5.4.0/armtools/bin/../lib/gcc/arm-atollic-eabi/4.8.3/armv7e-m/fpv4-sp-d16/crtbegin.o
 .ARM.attributes
                0x00000050       0x37 Example\User\wheelencoder.o
 .ARM.attributes
                0x00000087       0x37 Example\User\stm32f3xx_it.o
 .ARM.attributes
                0x000000be       0x37 Example\User\stm32f3xx_hal_msp.o
 .ARM.attributes
                0x000000f5       0x37 Example\User\robotcontrol.o
 .ARM.attributes
                0x0000012c       0x37 Example\User\qre1113.o
 .ARM.attributes
                0x00000163       0x37 Example\User\main.o
 .ARM.attributes
                0x0000019a       0x37 Example\User\hcsr04.o
 .ARM.attributes
                0x000001d1       0x37 Example\User\drv8701.o
 .ARM.attributes
                0x00000208       0x21 Example\TrueSTUDIO\startup_stm32f303xc.o
 .ARM.attributes
                0x00000229       0x37 Drivers\STM32F3xx_HAL_Driver\stm32f3xx_hal_tim_ex.o
 .ARM.attributes
                0x00000260       0x37 Drivers\STM32F3xx_HAL_Driver\stm32f3xx_hal_tim.o
 .ARM.attributes
                0x00000297       0x37 Drivers\STM32F3xx_HAL_Driver\stm32f3xx_hal_rcc.o
 .ARM.attributes
                0x000002ce       0x37 Drivers\STM32F3xx_HAL_Driver\stm32f3xx_hal_gpio.o
 .ARM.attributes
                0x00000305       0x37 Drivers\STM32F3xx_HAL_Driver\stm32f3xx_hal_dma.o
 .ARM.attributes
                0x0000033c       0x37 Drivers\STM32F3xx_HAL_Driver\stm32f3xx_hal_cortex.o
 .ARM.attributes
                0x00000373       0x37 Drivers\STM32F3xx_HAL_Driver\stm32f3xx_hal_adc_ex.o
 .ARM.attributes
                0x000003aa       0x37 Drivers\STM32F3xx_HAL_Driver\stm32f3xx_hal_adc.o
 .ARM.attributes
                0x000003e1       0x37 Drivers\STM32F3xx_HAL_Driver\stm32f3xx_hal.o
 .ARM.attributes
                0x00000418       0x37 Drivers\CMSIS\system_stm32f3xx.o
 .ARM.attributes
                0x0000044f       0x37 Drivers\BSP\STM32F3-Discovery\stm32f3_discovery.o
 .ARM.attributes
                0x00000486       0x2e c:/program files (x86)/atollic/truestudio for arm 5.4.0/armtools/bin/../lib/gcc/arm-atollic-eabi/4.8.3/../../../../arm-atollic-eabi/lib/armv7e-m/fpv4-sp-d16\libc.a(lib_a-init.o)
 .ARM.attributes
                0x000004b4       0x22 c:/program files (x86)/atollic/truestudio for arm 5.4.0/armtools/bin/../lib/gcc/arm-atollic-eabi/4.8.3/armv7e-m/fpv4-sp-d16/crtn.o
OUTPUT(STM32F3-Discovery.elf elf32-littlearm)

.debug_info     0x00000000    0x102ff
 .debug_info    0x00000000      0x81b Example\User\wheelencoder.o
 .debug_info    0x0000081b      0x150 Example\User\stm32f3xx_it.o
 .debug_info    0x0000096b     0x1135 Example\User\stm32f3xx_hal_msp.o
 .debug_info    0x00001aa0      0x76e Example\User\robotcontrol.o
 .debug_info    0x0000220e      0x84c Example\User\qre1113.o
 .debug_info    0x00002a5a      0x3fc Example\User\main.o
 .debug_info    0x00002e56      0x9d1 Example\User\hcsr04.o
 .debug_info    0x00003827      0x7c9 Example\User\drv8701.o
 .debug_info    0x00003ff0       0xab Example\TrueSTUDIO\startup_stm32f303xc.o
 .debug_info    0x0000409b     0x15e1 Drivers\STM32F3xx_HAL_Driver\stm32f3xx_hal_tim_ex.o
 .debug_info    0x0000567c     0x32c4 Drivers\STM32F3xx_HAL_Driver\stm32f3xx_hal_tim.o
 .debug_info    0x00008940     0x1627 Drivers\STM32F3xx_HAL_Driver\stm32f3xx_hal_rcc.o
 .debug_info    0x00009f67      0x65e Drivers\STM32F3xx_HAL_Driver\stm32f3xx_hal_gpio.o
 .debug_info    0x0000a5c5      0x629 Drivers\STM32F3xx_HAL_Driver\stm32f3xx_hal_dma.o
 .debug_info    0x0000abee      0xe12 Drivers\STM32F3xx_HAL_Driver\stm32f3xx_hal_cortex.o
 .debug_info    0x0000ba00     0x1a19 Drivers\STM32F3xx_HAL_Driver\stm32f3xx_hal_adc_ex.o
 .debug_info    0x0000d419      0xa99 Drivers\STM32F3xx_HAL_Driver\stm32f3xx_hal_adc.o
 .debug_info    0x0000deb2      0x71f Drivers\STM32F3xx_HAL_Driver\stm32f3xx_hal.o
 .debug_info    0x0000e5d1      0x3b2 Drivers\CMSIS\system_stm32f3xx.o
 .debug_info    0x0000e983     0x197c Drivers\BSP\STM32F3-Discovery\stm32f3_discovery.o

.debug_abbrev   0x00000000     0x268f
 .debug_abbrev  0x00000000      0x1fc Example\User\wheelencoder.o
 .debug_abbrev  0x000001fc       0xa0 Example\User\stm32f3xx_it.o
 .debug_abbrev  0x0000029c      0x1ce Example\User\stm32f3xx_hal_msp.o
 .debug_abbrev  0x0000046a      0x199 Example\User\robotcontrol.o
 .debug_abbrev  0x00000603      0x1c8 Example\User\qre1113.o
 .debug_abbrev  0x000007cb      0x1b7 Example\User\main.o
 .debug_abbrev  0x00000982      0x211 Example\User\hcsr04.o
 .debug_abbrev  0x00000b93      0x1c1 Example\User\drv8701.o
 .debug_abbrev  0x00000d54       0x12 Example\TrueSTUDIO\startup_stm32f303xc.o
 .debug_abbrev  0x00000d66      0x23c Drivers\STM32F3xx_HAL_Driver\stm32f3xx_hal_tim_ex.o
 .debug_abbrev  0x00000fa2      0x314 Drivers\STM32F3xx_HAL_Driver\stm32f3xx_hal_tim.o
 .debug_abbrev  0x000012b6      0x2f8 Drivers\STM32F3xx_HAL_Driver\stm32f3xx_hal_rcc.o
 .debug_abbrev  0x000015ae      0x1c6 Drivers\STM32F3xx_HAL_Driver\stm32f3xx_hal_gpio.o
 .debug_abbrev  0x00001774      0x211 Drivers\STM32F3xx_HAL_Driver\stm32f3xx_hal_dma.o
 .debug_abbrev  0x00001985      0x2c4 Drivers\STM32F3xx_HAL_Driver\stm32f3xx_hal_cortex.o
 .debug_abbrev  0x00001c49      0x2b1 Drivers\STM32F3xx_HAL_Driver\stm32f3xx_hal_adc_ex.o
 .debug_abbrev  0x00001efa      0x15d Drivers\STM32F3xx_HAL_Driver\stm32f3xx_hal_adc.o
 .debug_abbrev  0x00002057      0x1e2 Drivers\STM32F3xx_HAL_Driver\stm32f3xx_hal.o
 .debug_abbrev  0x00002239      0x101 Drivers\CMSIS\system_stm32f3xx.o
 .debug_abbrev  0x0000233a      0x355 Drivers\BSP\STM32F3-Discovery\stm32f3_discovery.o

.debug_loc      0x00000000     0x7dda
 .debug_loc     0x00000000       0x21 Example\User\wheelencoder.o
 .debug_loc     0x00000021       0x21 Example\User\stm32f3xx_hal_msp.o
 .debug_loc     0x00000042       0x54 Example\User\robotcontrol.o
 .debug_loc     0x00000096       0x85 Example\User\qre1113.o
 .debug_loc     0x0000011b       0x77 Example\User\hcsr04.o
 .debug_loc     0x00000192       0x85 Example\User\drv8701.o
 .debug_loc     0x00000217     0x10ae Drivers\STM32F3xx_HAL_Driver\stm32f3xx_hal_tim_ex.o
 .debug_loc     0x000012c5     0x317f Drivers\STM32F3xx_HAL_Driver\stm32f3xx_hal_tim.o
 .debug_loc     0x00004444      0xc8e Drivers\STM32F3xx_HAL_Driver\stm32f3xx_hal_rcc.o
 .debug_loc     0x000050d2      0x2d3 Drivers\STM32F3xx_HAL_Driver\stm32f3xx_hal_gpio.o
 .debug_loc     0x000053a5      0x3c9 Drivers\STM32F3xx_HAL_Driver\stm32f3xx_hal_dma.o
 .debug_loc     0x0000576e      0x422 Drivers\STM32F3xx_HAL_Driver\stm32f3xx_hal_cortex.o
 .debug_loc     0x00005b90     0x1ae4 Drivers\STM32F3xx_HAL_Driver\stm32f3xx_hal_adc_ex.o
 .debug_loc     0x00007674      0x1ef Drivers\STM32F3xx_HAL_Driver\stm32f3xx_hal_adc.o
 .debug_loc     0x00007863       0x49 Drivers\STM32F3xx_HAL_Driver\stm32f3xx_hal.o
 .debug_loc     0x000078ac       0xdb Drivers\CMSIS\system_stm32f3xx.o
 .debug_loc     0x00007987      0x453 Drivers\BSP\STM32F3-Discovery\stm32f3_discovery.o

.debug_aranges  0x00000000      0xbe8
 .debug_aranges
                0x00000000       0x40 Example\User\wheelencoder.o
 .debug_aranges
                0x00000040       0x60 Example\User\stm32f3xx_it.o
 .debug_aranges
                0x000000a0       0x20 Example\User\stm32f3xx_hal_msp.o
 .debug_aranges
                0x000000c0       0x28 Example\User\robotcontrol.o
 .debug_aranges
                0x000000e8       0x28 Example\User\qre1113.o
 .debug_aranges
                0x00000110       0x20 Example\User\main.o
 .debug_aranges
                0x00000130       0x40 Example\User\hcsr04.o
 .debug_aranges
                0x00000170       0x28 Example\User\drv8701.o
 .debug_aranges
                0x00000198       0x28 Example\TrueSTUDIO\startup_stm32f303xc.o
 .debug_aranges
                0x000001c0      0x170 Drivers\STM32F3xx_HAL_Driver\stm32f3xx_hal_tim_ex.o
 .debug_aranges
                0x00000330      0x338 Drivers\STM32F3xx_HAL_Driver\stm32f3xx_hal_tim.o
 .debug_aranges
                0x00000668       0x88 Drivers\STM32F3xx_HAL_Driver\stm32f3xx_hal_rcc.o
 .debug_aranges
                0x000006f0       0x58 Drivers\STM32F3xx_HAL_Driver\stm32f3xx_hal_gpio.o
 .debug_aranges
                0x00000748       0x60 Drivers\STM32F3xx_HAL_Driver\stm32f3xx_hal_dma.o
 .debug_aranges
                0x000007a8       0x98 Drivers\STM32F3xx_HAL_Driver\stm32f3xx_hal_cortex.o
 .debug_aranges
                0x00000840      0x168 Drivers\STM32F3xx_HAL_Driver\stm32f3xx_hal_adc_ex.o
 .debug_aranges
                0x000009a8       0xc8 Drivers\STM32F3xx_HAL_Driver\stm32f3xx_hal_adc.o
 .debug_aranges
                0x00000a70       0xb0 Drivers\STM32F3xx_HAL_Driver\stm32f3xx_hal.o
 .debug_aranges
                0x00000b20       0x28 Drivers\CMSIS\system_stm32f3xx.o
 .debug_aranges
                0x00000b48       0xa0 Drivers\BSP\STM32F3-Discovery\stm32f3_discovery.o

.debug_ranges   0x00000000      0xef8
 .debug_ranges  0x00000000       0x30 Example\User\wheelencoder.o
 .debug_ranges  0x00000030       0x50 Example\User\stm32f3xx_it.o
 .debug_ranges  0x00000080       0x68 Example\User\stm32f3xx_hal_msp.o
 .debug_ranges  0x000000e8       0x18 Example\User\robotcontrol.o
 .debug_ranges  0x00000100       0x18 Example\User\qre1113.o
 .debug_ranges  0x00000118       0x10 Example\User\main.o
 .debug_ranges  0x00000128       0x30 Example\User\hcsr04.o
 .debug_ranges  0x00000158       0x18 Example\User\drv8701.o
 .debug_ranges  0x00000170       0x20 Example\TrueSTUDIO\startup_stm32f303xc.o
 .debug_ranges  0x00000190      0x160 Drivers\STM32F3xx_HAL_Driver\stm32f3xx_hal_tim_ex.o
 .debug_ranges  0x000002f0      0x3a0 Drivers\STM32F3xx_HAL_Driver\stm32f3xx_hal_tim.o
 .debug_ranges  0x00000690      0x1f8 Drivers\STM32F3xx_HAL_Driver\stm32f3xx_hal_rcc.o
 .debug_ranges  0x00000888       0x60 Drivers\STM32F3xx_HAL_Driver\stm32f3xx_hal_gpio.o
 .debug_ranges  0x000008e8       0x50 Drivers\STM32F3xx_HAL_Driver\stm32f3xx_hal_dma.o
 .debug_ranges  0x00000938       0xd8 Drivers\STM32F3xx_HAL_Driver\stm32f3xx_hal_cortex.o
 .debug_ranges  0x00000a10      0x158 Drivers\STM32F3xx_HAL_Driver\stm32f3xx_hal_adc_ex.o
 .debug_ranges  0x00000b68       0xb8 Drivers\STM32F3xx_HAL_Driver\stm32f3xx_hal_adc.o
 .debug_ranges  0x00000c20       0xa0 Drivers\STM32F3xx_HAL_Driver\stm32f3xx_hal.o
 .debug_ranges  0x00000cc0       0x18 Drivers\CMSIS\system_stm32f3xx.o
 .debug_ranges  0x00000cd8      0x220 Drivers\BSP\STM32F3-Discovery\stm32f3_discovery.o

.debug_line     0x00000000     0x6af0
 .debug_line    0x00000000      0x2ca Example\User\wheelencoder.o
 .debug_line    0x000002ca      0x231 Example\User\stm32f3xx_it.o
 .debug_line    0x000004fb      0x357 Example\User\stm32f3xx_hal_msp.o
 .debug_line    0x00000852      0x297 Example\User\robotcontrol.o
 .debug_line    0x00000ae9      0x2c4 Example\User\qre1113.o
 .debug_line    0x00000dad      0x25d Example\User\main.o
 .debug_line    0x0000100a      0x2ef Example\User\hcsr04.o
 .debug_line    0x000012f9      0x290 Example\User\drv8701.o
 .debug_line    0x00001589       0x7a Example\TrueSTUDIO\startup_stm32f303xc.o
 .debug_line    0x00001603      0x953 Drivers\STM32F3xx_HAL_Driver\stm32f3xx_hal_tim_ex.o
 .debug_line    0x00001f56     0x129e Drivers\STM32F3xx_HAL_Driver\stm32f3xx_hal_tim.o
 .debug_line    0x000031f4      0x8ac Drivers\STM32F3xx_HAL_Driver\stm32f3xx_hal_rcc.o
 .debug_line    0x00003aa0      0x3c3 Drivers\STM32F3xx_HAL_Driver\stm32f3xx_hal_gpio.o
 .debug_line    0x00003e63      0x662 Drivers\STM32F3xx_HAL_Driver\stm32f3xx_hal_dma.o
 .debug_line    0x000044c5      0x435 Drivers\STM32F3xx_HAL_Driver\stm32f3xx_hal_cortex.o
 .debug_line    0x000048fa     0x1310 Drivers\STM32F3xx_HAL_Driver\stm32f3xx_hal_adc_ex.o
 .debug_line    0x00005c0a      0x3e2 Drivers\STM32F3xx_HAL_Driver\stm32f3xx_hal_adc.o
 .debug_line    0x00005fec      0x3b1 Drivers\STM32F3xx_HAL_Driver\stm32f3xx_hal.o
 .debug_line    0x0000639d      0x1f3 Drivers\CMSIS\system_stm32f3xx.o
 .debug_line    0x00006590      0x560 Drivers\BSP\STM32F3-Discovery\stm32f3_discovery.o

.debug_str      0x00000000     0x41c4
 .debug_str     0x00000000      0x6a8 Example\User\wheelencoder.o
                                0x767 (size before relaxing)
 .debug_str     0x000006a8       0xb8 Example\User\stm32f3xx_it.o
                                0x290 (size before relaxing)
 .debug_str     0x00000760      0x784 Example\User\stm32f3xx_hal_msp.o
                                0xda4 (size before relaxing)
 .debug_str     0x00000ee4      0x3c6 Example\User\robotcontrol.o
                                0x62a (size before relaxing)
 .debug_str     0x000012aa       0xb0 Example\User\qre1113.o
                                0x74d (size before relaxing)
 .debug_str     0x0000135a      0x177 Example\User\main.o
                                0x466 (size before relaxing)
 .debug_str     0x000014d1      0x102 Example\User\hcsr04.o
                                0x80e (size before relaxing)
 .debug_str     0x000015d3       0xb9 Example\User\drv8701.o
                                0x748 (size before relaxing)
 .debug_str     0x0000168c      0x7b9 Drivers\STM32F3xx_HAL_Driver\stm32f3xx_hal_tim_ex.o
                                0xe27 (size before relaxing)
 .debug_str     0x00001e45      0xa0f Drivers\STM32F3xx_HAL_Driver\stm32f3xx_hal_tim.o
                               0x13a3 (size before relaxing)
 .debug_str     0x00002854      0x243 Drivers\STM32F3xx_HAL_Driver\stm32f3xx_hal_rcc.o
                                0x6b1 (size before relaxing)
 .debug_str     0x00002a97      0x139 Drivers\STM32F3xx_HAL_Driver\stm32f3xx_hal_gpio.o
                                0x4b0 (size before relaxing)
 .debug_str     0x00002bd0      0x131 Drivers\STM32F3xx_HAL_Driver\stm32f3xx_hal_dma.o
                                0x574 (size before relaxing)
 .debug_str     0x00002d01      0x3d1 Drivers\STM32F3xx_HAL_Driver\stm32f3xx_hal_cortex.o
                                0xb7d (size before relaxing)
 .debug_str     0x000030d2      0x7cf Drivers\STM32F3xx_HAL_Driver\stm32f3xx_hal_adc_ex.o
                                0xf48 (size before relaxing)
 .debug_str     0x000038a1       0x6f Drivers\STM32F3xx_HAL_Driver\stm32f3xx_hal_adc.o
                                0x90b (size before relaxing)
 .debug_str     0x00003910      0x1aa Drivers\STM32F3xx_HAL_Driver\stm32f3xx_hal.o
                                0x935 (size before relaxing)
 .debug_str     0x00003aba       0x60 Drivers\CMSIS\system_stm32f3xx.o
                                0x328 (size before relaxing)
 .debug_str     0x00003b1a      0x6aa Drivers\BSP\STM32F3-Discovery\stm32f3_discovery.o
                               0x1194 (size before relaxing)

.comment        0x00000000       0x82
 .comment       0x00000000       0x82 Example\User\wheelencoder.o
                                 0x83 (size before relaxing)
 .comment       0x00000000       0x83 Example\User\stm32f3xx_it.o
 .comment       0x00000000       0x83 Example\User\stm32f3xx_hal_msp.o
 .comment       0x00000000       0x83 Example\User\robotcontrol.o
 .comment       0x00000000       0x83 Example\User\qre1113.o
 .comment       0x00000000       0x83 Example\User\main.o
 .comment       0x00000000       0x83 Example\User\hcsr04.o
 .comment       0x00000000       0x83 Example\User\drv8701.o
 .comment       0x00000000       0x83 Drivers\STM32F3xx_HAL_Driver\stm32f3xx_hal_tim_ex.o
 .comment       0x00000000       0x83 Drivers\STM32F3xx_HAL_Driver\stm32f3xx_hal_tim.o
 .comment       0x00000000       0x83 Drivers\STM32F3xx_HAL_Driver\stm32f3xx_hal_rcc.o
 .comment       0x00000000       0x83 Drivers\STM32F3xx_HAL_Driver\stm32f3xx_hal_gpio.o
 .comment       0x00000000       0x83 Drivers\STM32F3xx_HAL_Driver\stm32f3xx_hal_dma.o
 .comment       0x00000000       0x83 Drivers\STM32F3xx_HAL_Driver\stm32f3xx_hal_cortex.o
 .comment       0x00000000       0x83 Drivers\STM32F3xx_HAL_Driver\stm32f3xx_hal_adc_ex.o
 .comment       0x00000000       0x83 Drivers\STM32F3xx_HAL_Driver\stm32f3xx_hal_adc.o
 .comment       0x00000000       0x83 Drivers\STM32F3xx_HAL_Driver\stm32f3xx_hal.o
 .comment       0x00000000       0x83 Drivers\CMSIS\system_stm32f3xx.o
 .comment       0x00000000       0x83 Drivers\BSP\STM32F3-Discovery\stm32f3_discovery.o

.debug_frame    0x00000000     0x1d14
 .debug_frame   0x00000000       0x84 Example\User\wheelencoder.o
 .debug_frame   0x00000084       0xa0 Example\User\stm32f3xx_it.o
 .debug_frame   0x00000124       0x3c Example\User\stm32f3xx_hal_msp.o
 .debug_frame   0x00000160       0x50 Example\User\robotcontrol.o
 .debug_frame   0x000001b0       0x44 Example\User\qre1113.o
 .debug_frame   0x000001f4       0x30 Example\User\main.o
 .debug_frame   0x00000224       0x90 Example\User\hcsr04.o
 .debug_frame   0x000002b4       0x44 Example\User\drv8701.o
 .debug_frame   0x000002f8      0x414 Drivers\STM32F3xx_HAL_Driver\stm32f3xx_hal_tim_ex.o
 .debug_frame   0x0000070c      0x894 Drivers\STM32F3xx_HAL_Driver\stm32f3xx_hal_tim.o
 .debug_frame   0x00000fa0      0x13c Drivers\STM32F3xx_HAL_Driver\stm32f3xx_hal_rcc.o
 .debug_frame   0x000010dc       0xc8 Drivers\STM32F3xx_HAL_Driver\stm32f3xx_hal_gpio.o
 .debug_frame   0x000011a4       0xfc Drivers\STM32F3xx_HAL_Driver\stm32f3xx_hal_dma.o
 .debug_frame   0x000012a0      0x130 Drivers\STM32F3xx_HAL_Driver\stm32f3xx_hal_cortex.o
 .debug_frame   0x000013d0      0x438 Drivers\STM32F3xx_HAL_Driver\stm32f3xx_hal_adc_ex.o
 .debug_frame   0x00001808      0x170 Drivers\STM32F3xx_HAL_Driver\stm32f3xx_hal_adc.o
 .debug_frame   0x00001978      0x164 Drivers\STM32F3xx_HAL_Driver\stm32f3xx_hal.o
 .debug_frame   0x00001adc       0x38 Drivers\CMSIS\system_stm32f3xx.o
 .debug_frame   0x00001b14      0x1d4 Drivers\BSP\STM32F3-Discovery\stm32f3_discovery.o
 .debug_frame   0x00001ce8       0x2c c:/program files (x86)/atollic/truestudio for arm 5.4.0/armtools/bin/../lib/gcc/arm-atollic-eabi/4.8.3/../../../../arm-atollic-eabi/lib/armv7e-m/fpv4-sp-d16\libc.a(lib_a-init.o)

Cross Reference Table

Symbol                                            File
ADC1_2_IRQHandler                                 Example\TrueSTUDIO\startup_stm32f303xc.o
ADC3_IRQHandler                                   Example\TrueSTUDIO\startup_stm32f303xc.o
ADC4_IRQHandler                                   Example\TrueSTUDIO\startup_stm32f303xc.o
AHBPrescTable                                     Drivers\CMSIS\system_stm32f3xx.o
BSP_GetVersion                                    Drivers\BSP\STM32F3-Discovery\stm32f3_discovery.o
BSP_LED_Init                                      Drivers\BSP\STM32F3-Discovery\stm32f3_discovery.o
                                                  Example\User\robotcontrol.o
BSP_LED_Off                                       Drivers\BSP\STM32F3-Discovery\stm32f3_discovery.o
                                                  Example\User\robotcontrol.o
BSP_LED_On                                        Drivers\BSP\STM32F3-Discovery\stm32f3_discovery.o
                                                  Example\User\main.o
                                                  Example\User\robotcontrol.o
BSP_LED_Toggle                                    Drivers\BSP\STM32F3-Discovery\stm32f3_discovery.o
BSP_PB_GetState                                   Drivers\BSP\STM32F3-Discovery\stm32f3_discovery.o
                                                  Example\User\robotcontrol.o
BSP_PB_Init                                       Drivers\BSP\STM32F3-Discovery\stm32f3_discovery.o
                                                  Example\User\robotcontrol.o
BUTTON_IRQn                                       Drivers\BSP\STM32F3-Discovery\stm32f3_discovery.o
BUTTON_PIN                                        Drivers\BSP\STM32F3-Discovery\stm32f3_discovery.o
BUTTON_PORT                                       Drivers\BSP\STM32F3-Discovery\stm32f3_discovery.o
BusFault_Handler                                  Example\User\stm32f3xx_it.o
CAN_RX1_IRQHandler                                Example\TrueSTUDIO\startup_stm32f303xc.o
CAN_SCE_IRQHandler                                Example\TrueSTUDIO\startup_stm32f303xc.o
COMP1_2_3_IRQHandler                              Example\TrueSTUDIO\startup_stm32f303xc.o
COMP4_5_6_IRQHandler                              Example\TrueSTUDIO\startup_stm32f303xc.o
COMP7_IRQHandler                                  Example\TrueSTUDIO\startup_stm32f303xc.o
COMPASSACCELERO_IO_ITConfig                       Drivers\BSP\STM32F3-Discovery\stm32f3_discovery.o
COMPASSACCELERO_IO_Init                           Drivers\BSP\STM32F3-Discovery\stm32f3_discovery.o
COMPASSACCELERO_IO_Read                           Drivers\BSP\STM32F3-Discovery\stm32f3_discovery.o
COMPASSACCELERO_IO_Write                          Drivers\BSP\STM32F3-Discovery\stm32f3_discovery.o
DMA1_Channel1_IRQHandler                          Example\TrueSTUDIO\startup_stm32f303xc.o
DMA1_Channel2_IRQHandler                          Example\TrueSTUDIO\startup_stm32f303xc.o
DMA1_Channel3_IRQHandler                          Example\TrueSTUDIO\startup_stm32f303xc.o
DMA1_Channel4_IRQHandler                          Example\TrueSTUDIO\startup_stm32f303xc.o
DMA1_Channel5_IRQHandler                          Example\TrueSTUDIO\startup_stm32f303xc.o
DMA1_Channel6_IRQHandler                          Example\TrueSTUDIO\startup_stm32f303xc.o
DMA1_Channel7_IRQHandler                          Example\TrueSTUDIO\startup_stm32f303xc.o
DMA2_Channel1_IRQHandler                          Example\TrueSTUDIO\startup_stm32f303xc.o
DMA2_Channel2_IRQHandler                          Example\TrueSTUDIO\startup_stm32f303xc.o
DMA2_Channel3_IRQHandler                          Example\TrueSTUDIO\startup_stm32f303xc.o
DMA2_Channel4_IRQHandler                          Example\TrueSTUDIO\startup_stm32f303xc.o
DMA2_Channel5_IRQHandler                          Example\TrueSTUDIO\startup_stm32f303xc.o
DebugMon_Handler                                  Example\User\stm32f3xx_it.o
Default_Handler                                   Example\TrueSTUDIO\startup_stm32f303xc.o
EXTI0_IRQHandler                                  Example\TrueSTUDIO\startup_stm32f303xc.o
EXTI15_10_IRQHandler                              Example\TrueSTUDIO\startup_stm32f303xc.o
EXTI1_IRQHandler                                  Example\TrueSTUDIO\startup_stm32f303xc.o
EXTI2_TSC_IRQHandler                              Example\TrueSTUDIO\startup_stm32f303xc.o
EXTI3_IRQHandler                                  Example\TrueSTUDIO\startup_stm32f303xc.o
EXTI4_IRQHandler                                  Example\TrueSTUDIO\startup_stm32f303xc.o
EXTI9_5_IRQHandler                                Example\TrueSTUDIO\startup_stm32f303xc.o
FLASH_IRQHandler                                  Example\TrueSTUDIO\startup_stm32f303xc.o
FLASH_PageErase                                   Drivers\STM32F3xx_HAL_Driver\stm32f3xx_hal_flash_ex.o
                                                  Drivers\STM32F3xx_HAL_Driver\stm32f3xx_hal_flash.o
FLASH_WaitForLastOperation                        Drivers\STM32F3xx_HAL_Driver\stm32f3xx_hal_flash.o
                                                  Drivers\STM32F3xx_HAL_Driver\stm32f3xx_hal_flash_ex.o
FPU_IRQHandler                                    Example\TrueSTUDIO\startup_stm32f303xc.o
FULLSPEED                                         Example\User\robotcontrol.o
GYRO_IO_Init                                      Drivers\BSP\STM32F3-Discovery\stm32f3_discovery.o
GYRO_IO_Read                                      Drivers\BSP\STM32F3-Discovery\stm32f3_discovery.o
GYRO_IO_Write                                     Drivers\BSP\STM32F3-Discovery\stm32f3_discovery.o
HAL_ADCEx_Calibration_GetValue                    Drivers\STM32F3xx_HAL_Driver\stm32f3xx_hal_adc_ex.o
HAL_ADCEx_Calibration_SetValue                    Drivers\STM32F3xx_HAL_Driver\stm32f3xx_hal_adc_ex.o
HAL_ADCEx_Calibration_Start                       Drivers\STM32F3xx_HAL_Driver\stm32f3xx_hal_adc_ex.o
HAL_ADCEx_InjectedConfigChannel                   Drivers\STM32F3xx_HAL_Driver\stm32f3xx_hal_adc_ex.o
HAL_ADCEx_InjectedConvCpltCallback                Drivers\STM32F3xx_HAL_Driver\stm32f3xx_hal_adc_ex.o
HAL_ADCEx_InjectedGetValue                        Drivers\STM32F3xx_HAL_Driver\stm32f3xx_hal_adc_ex.o
HAL_ADCEx_InjectedPollForConversion               Drivers\STM32F3xx_HAL_Driver\stm32f3xx_hal_adc_ex.o
HAL_ADCEx_InjectedQueueOverflowCallback           Drivers\STM32F3xx_HAL_Driver\stm32f3xx_hal_adc_ex.o
HAL_ADCEx_InjectedStart                           Drivers\STM32F3xx_HAL_Driver\stm32f3xx_hal_adc_ex.o
HAL_ADCEx_InjectedStart_IT                        Drivers\STM32F3xx_HAL_Driver\stm32f3xx_hal_adc_ex.o
HAL_ADCEx_InjectedStop                            Drivers\STM32F3xx_HAL_Driver\stm32f3xx_hal_adc_ex.o
HAL_ADCEx_InjectedStop_IT                         Drivers\STM32F3xx_HAL_Driver\stm32f3xx_hal_adc_ex.o
HAL_ADCEx_LevelOutOfWindow2Callback               Drivers\STM32F3xx_HAL_Driver\stm32f3xx_hal_adc_ex.o
HAL_ADCEx_LevelOutOfWindow3Callback               Drivers\STM32F3xx_HAL_Driver\stm32f3xx_hal_adc_ex.o
HAL_ADCEx_MultiModeConfigChannel                  Drivers\STM32F3xx_HAL_Driver\stm32f3xx_hal_adc_ex.o
HAL_ADCEx_MultiModeGetValue                       Drivers\STM32F3xx_HAL_Driver\stm32f3xx_hal_adc_ex.o
HAL_ADCEx_MultiModeStart_DMA                      Drivers\STM32F3xx_HAL_Driver\stm32f3xx_hal_adc_ex.o
HAL_ADCEx_MultiModeStop_DMA                       Drivers\STM32F3xx_HAL_Driver\stm32f3xx_hal_adc_ex.o
HAL_ADCEx_RegularMultiModeStop_DMA                Drivers\STM32F3xx_HAL_Driver\stm32f3xx_hal_adc_ex.o
HAL_ADCEx_RegularStop                             Drivers\STM32F3xx_HAL_Driver\stm32f3xx_hal_adc_ex.o
HAL_ADCEx_RegularStop_DMA                         Drivers\STM32F3xx_HAL_Driver\stm32f3xx_hal_adc_ex.o
HAL_ADCEx_RegularStop_IT                          Drivers\STM32F3xx_HAL_Driver\stm32f3xx_hal_adc_ex.o
HAL_ADC_AnalogWDGConfig                           Drivers\STM32F3xx_HAL_Driver\stm32f3xx_hal_adc_ex.o
HAL_ADC_ConfigChannel                             Drivers\STM32F3xx_HAL_Driver\stm32f3xx_hal_adc_ex.o
                                                  Example\User\qre1113.o
HAL_ADC_ConvCpltCallback                          Drivers\STM32F3xx_HAL_Driver\stm32f3xx_hal_adc.o
                                                  Drivers\STM32F3xx_HAL_Driver\stm32f3xx_hal_adc_ex.o
HAL_ADC_ConvHalfCpltCallback                      Drivers\STM32F3xx_HAL_Driver\stm32f3xx_hal_adc.o
                                                  Drivers\STM32F3xx_HAL_Driver\stm32f3xx_hal_adc_ex.o
HAL_ADC_DeInit                                    Drivers\STM32F3xx_HAL_Driver\stm32f3xx_hal_adc_ex.o
HAL_ADC_ErrorCallback                             Drivers\STM32F3xx_HAL_Driver\stm32f3xx_hal_adc.o
                                                  Drivers\STM32F3xx_HAL_Driver\stm32f3xx_hal_adc_ex.o
HAL_ADC_GetError                                  Drivers\STM32F3xx_HAL_Driver\stm32f3xx_hal_adc.o
HAL_ADC_GetState                                  Drivers\STM32F3xx_HAL_Driver\stm32f3xx_hal_adc.o
HAL_ADC_GetValue                                  Drivers\STM32F3xx_HAL_Driver\stm32f3xx_hal_adc_ex.o
                                                  Example\User\qre1113.o
HAL_ADC_IRQHandler                                Drivers\STM32F3xx_HAL_Driver\stm32f3xx_hal_adc_ex.o
HAL_ADC_Init                                      Drivers\STM32F3xx_HAL_Driver\stm32f3xx_hal_adc_ex.o
                                                  Example\User\qre1113.o
HAL_ADC_LevelOutOfWindowCallback                  Drivers\STM32F3xx_HAL_Driver\stm32f3xx_hal_adc.o
                                                  Drivers\STM32F3xx_HAL_Driver\stm32f3xx_hal_adc_ex.o
HAL_ADC_MspDeInit                                 Drivers\STM32F3xx_HAL_Driver\stm32f3xx_hal_adc.o
                                                  Drivers\STM32F3xx_HAL_Driver\stm32f3xx_hal_adc_ex.o
HAL_ADC_MspInit                                   Drivers\STM32F3xx_HAL_Driver\stm32f3xx_hal_adc.o
                                                  Drivers\STM32F3xx_HAL_Driver\stm32f3xx_hal_adc_ex.o
HAL_ADC_PollForConversion                         Drivers\STM32F3xx_HAL_Driver\stm32f3xx_hal_adc_ex.o
HAL_ADC_PollForEvent                              Drivers\STM32F3xx_HAL_Driver\stm32f3xx_hal_adc_ex.o
HAL_ADC_Start                                     Drivers\STM32F3xx_HAL_Driver\stm32f3xx_hal_adc_ex.o
                                                  Example\User\qre1113.o
HAL_ADC_Start_DMA                                 Drivers\STM32F3xx_HAL_Driver\stm32f3xx_hal_adc_ex.o
                                                  Example\User\qre1113.o
HAL_ADC_Start_IT                                  Drivers\STM32F3xx_HAL_Driver\stm32f3xx_hal_adc_ex.o
HAL_ADC_Stop                                      Drivers\STM32F3xx_HAL_Driver\stm32f3xx_hal_adc_ex.o
HAL_ADC_Stop_DMA                                  Drivers\STM32F3xx_HAL_Driver\stm32f3xx_hal_adc_ex.o
HAL_ADC_Stop_IT                                   Drivers\STM32F3xx_HAL_Driver\stm32f3xx_hal_adc_ex.o
HAL_DBGMCU_DisableDBGSleepMode                    Drivers\STM32F3xx_HAL_Driver\stm32f3xx_hal.o
HAL_DBGMCU_DisableDBGStandbyMode                  Drivers\STM32F3xx_HAL_Driver\stm32f3xx_hal.o
HAL_DBGMCU_DisableDBGStopMode                     Drivers\STM32F3xx_HAL_Driver\stm32f3xx_hal.o
HAL_DBGMCU_EnableDBGSleepMode                     Drivers\STM32F3xx_HAL_Driver\stm32f3xx_hal.o
HAL_DBGMCU_EnableDBGStandbyMode                   Drivers\STM32F3xx_HAL_Driver\stm32f3xx_hal.o
HAL_DBGMCU_EnableDBGStopMode                      Drivers\STM32F3xx_HAL_Driver\stm32f3xx_hal.o
HAL_DMA_Abort                                     Drivers\STM32F3xx_HAL_Driver\stm32f3xx_hal_dma.o
                                                  Drivers\STM32F3xx_HAL_Driver\stm32f3xx_hal_adc_ex.o
                                                  Drivers\STM32F3xx_HAL_Driver\stm32f3xx_hal_i2c.o
                                                  Drivers\STM32F3xx_HAL_Driver\stm32f3xx_hal_tim.o
                                                  Drivers\STM32F3xx_HAL_Driver\stm32f3xx_hal_uart.o
HAL_DMA_DeInit                                    Drivers\STM32F3xx_HAL_Driver\stm32f3xx_hal_dma.o
HAL_DMA_GetError                                  Drivers\STM32F3xx_HAL_Driver\stm32f3xx_hal_dma.o
HAL_DMA_GetState                                  Drivers\STM32F3xx_HAL_Driver\stm32f3xx_hal_dma.o
HAL_DMA_IRQHandler                                Drivers\STM32F3xx_HAL_Driver\stm32f3xx_hal_dma.o
HAL_DMA_Init                                      Drivers\STM32F3xx_HAL_Driver\stm32f3xx_hal_dma.o
                                                  Example\User\stm32f3xx_hal_msp.o
HAL_DMA_PollForTransfer                           Drivers\STM32F3xx_HAL_Driver\stm32f3xx_hal_dma.o
HAL_DMA_Start                                     Drivers\STM32F3xx_HAL_Driver\stm32f3xx_hal_dma.o
HAL_DMA_Start_IT                                  Drivers\STM32F3xx_HAL_Driver\stm32f3xx_hal_dma.o
                                                  Drivers\STM32F3xx_HAL_Driver\stm32f3xx_hal_adc_ex.o
                                                  Drivers\STM32F3xx_HAL_Driver\stm32f3xx_hal_i2c.o
                                                  Drivers\STM32F3xx_HAL_Driver\stm32f3xx_hal_tim.o
                                                  Drivers\STM32F3xx_HAL_Driver\stm32f3xx_hal_tim_ex.o
                                                  Drivers\STM32F3xx_HAL_Driver\stm32f3xx_hal_uart.o
HAL_DeInit                                        Drivers\STM32F3xx_HAL_Driver\stm32f3xx_hal.o
HAL_Delay                                         Drivers\STM32F3xx_HAL_Driver\stm32f3xx_hal.o
                                                  Example\User\robotcontrol.o
HAL_FLASHEx_Erase                                 Drivers\STM32F3xx_HAL_Driver\stm32f3xx_hal_flash_ex.o
HAL_FLASHEx_Erase_IT                              Drivers\STM32F3xx_HAL_Driver\stm32f3xx_hal_flash_ex.o
HAL_FLASHEx_OBErase                               Drivers\STM32F3xx_HAL_Driver\stm32f3xx_hal_flash_ex.o
HAL_FLASHEx_OBGetConfig                           Drivers\STM32F3xx_HAL_Driver\stm32f3xx_hal_flash_ex.o
HAL_FLASHEx_OBGetUserData                         Drivers\STM32F3xx_HAL_Driver\stm32f3xx_hal_flash_ex.o
HAL_FLASHEx_OBProgram                             Drivers\STM32F3xx_HAL_Driver\stm32f3xx_hal_flash_ex.o
HAL_FLASH_EndOfOperationCallback                  Drivers\STM32F3xx_HAL_Driver\stm32f3xx_hal_flash.o
HAL_FLASH_GetError                                Drivers\STM32F3xx_HAL_Driver\stm32f3xx_hal_flash.o
HAL_FLASH_IRQHandler                              Drivers\STM32F3xx_HAL_Driver\stm32f3xx_hal_flash.o
HAL_FLASH_Lock                                    Drivers\STM32F3xx_HAL_Driver\stm32f3xx_hal_flash.o
HAL_FLASH_OB_Launch                               Drivers\STM32F3xx_HAL_Driver\stm32f3xx_hal_flash.o
HAL_FLASH_OB_Lock                                 Drivers\STM32F3xx_HAL_Driver\stm32f3xx_hal_flash.o
HAL_FLASH_OB_Unlock                               Drivers\STM32F3xx_HAL_Driver\stm32f3xx_hal_flash.o
HAL_FLASH_OperationErrorCallback                  Drivers\STM32F3xx_HAL_Driver\stm32f3xx_hal_flash.o
HAL_FLASH_Program                                 Drivers\STM32F3xx_HAL_Driver\stm32f3xx_hal_flash.o
HAL_FLASH_Program_IT                              Drivers\STM32F3xx_HAL_Driver\stm32f3xx_hal_flash.o
HAL_FLASH_Unlock                                  Drivers\STM32F3xx_HAL_Driver\stm32f3xx_hal_flash.o
HAL_GPIO_DeInit                                   Drivers\STM32F3xx_HAL_Driver\stm32f3xx_hal_gpio.o
HAL_GPIO_EXTI_Callback                            Drivers\STM32F3xx_HAL_Driver\stm32f3xx_hal_gpio.o
HAL_GPIO_EXTI_IRQHandler                          Drivers\STM32F3xx_HAL_Driver\stm32f3xx_hal_gpio.o
HAL_GPIO_Init                                     Drivers\STM32F3xx_HAL_Driver\stm32f3xx_hal_gpio.o
                                                  Drivers\BSP\STM32F3-Discovery\stm32f3_discovery.o
                                                  Drivers\STM32F3xx_HAL_Driver\stm32f3xx_hal_rcc.o
                                                  Example\User\stm32f3xx_hal_msp.o
HAL_GPIO_LockPin                                  Drivers\STM32F3xx_HAL_Driver\stm32f3xx_hal_gpio.o
HAL_GPIO_ReadPin                                  Drivers\STM32F3xx_HAL_Driver\stm32f3xx_hal_gpio.o
                                                  Drivers\BSP\STM32F3-Discovery\stm32f3_discovery.o
                                                  Example\User\hcsr04.o
HAL_GPIO_TogglePin                                Drivers\STM32F3xx_HAL_Driver\stm32f3xx_hal_gpio.o
                                                  Drivers\BSP\STM32F3-Discovery\stm32f3_discovery.o
HAL_GPIO_WritePin                                 Drivers\STM32F3xx_HAL_Driver\stm32f3xx_hal_gpio.o
                                                  Drivers\BSP\STM32F3-Discovery\stm32f3_discovery.o
                                                  Example\User\hcsr04.o
HAL_GetDEVID                                      Drivers\STM32F3xx_HAL_Driver\stm32f3xx_hal.o
HAL_GetHalVersion                                 Drivers\STM32F3xx_HAL_Driver\stm32f3xx_hal.o
HAL_GetREVID                                      Drivers\STM32F3xx_HAL_Driver\stm32f3xx_hal.o
HAL_GetTick                                       Drivers\STM32F3xx_HAL_Driver\stm32f3xx_hal.o
                                                  Drivers\STM32F3xx_HAL_Driver\stm32f3xx_hal_adc_ex.o
                                                  Drivers\STM32F3xx_HAL_Driver\stm32f3xx_hal_dma.o
                                                  Drivers\STM32F3xx_HAL_Driver\stm32f3xx_hal_flash.o
                                                  Drivers\STM32F3xx_HAL_Driver\stm32f3xx_hal_i2c.o
                                                  Drivers\STM32F3xx_HAL_Driver\stm32f3xx_hal_rcc.o
                                                  Drivers\STM32F3xx_HAL_Driver\stm32f3xx_hal_rcc_ex.o
                                                  Drivers\STM32F3xx_HAL_Driver\stm32f3xx_hal_uart.o
HAL_HalfDuplex_EnableReceiver                     Drivers\STM32F3xx_HAL_Driver\stm32f3xx_hal_uart.o
HAL_HalfDuplex_EnableTransmitter                  Drivers\STM32F3xx_HAL_Driver\stm32f3xx_hal_uart.o
HAL_HalfDuplex_Init                               Drivers\STM32F3xx_HAL_Driver\stm32f3xx_hal_uart.o
HAL_I2CEx_ConfigAnalogFilter                      Drivers\STM32F3xx_HAL_Driver\stm32f3xx_hal_i2c_ex.o
HAL_I2CEx_ConfigDigitalFilter                     Drivers\STM32F3xx_HAL_Driver\stm32f3xx_hal_i2c_ex.o
HAL_I2CEx_DisableFastModePlus                     Drivers\STM32F3xx_HAL_Driver\stm32f3xx_hal_i2c_ex.o
HAL_I2CEx_DisableWakeUp                           Drivers\STM32F3xx_HAL_Driver\stm32f3xx_hal_i2c_ex.o
HAL_I2CEx_EnableFastModePlus                      Drivers\STM32F3xx_HAL_Driver\stm32f3xx_hal_i2c_ex.o
HAL_I2CEx_EnableWakeUp                            Drivers\STM32F3xx_HAL_Driver\stm32f3xx_hal_i2c_ex.o
HAL_I2C_DeInit                                    Drivers\STM32F3xx_HAL_Driver\stm32f3xx_hal_i2c.o
                                                  Drivers\BSP\STM32F3-Discovery\stm32f3_discovery.o
HAL_I2C_ER_IRQHandler                             Drivers\STM32F3xx_HAL_Driver\stm32f3xx_hal_i2c.o
HAL_I2C_EV_IRQHandler                             Drivers\STM32F3xx_HAL_Driver\stm32f3xx_hal_i2c.o
HAL_I2C_ErrorCallback                             Drivers\STM32F3xx_HAL_Driver\stm32f3xx_hal_i2c.o
HAL_I2C_GetError                                  Drivers\STM32F3xx_HAL_Driver\stm32f3xx_hal_i2c.o
HAL_I2C_GetState                                  Drivers\STM32F3xx_HAL_Driver\stm32f3xx_hal_i2c.o
                                                  Drivers\BSP\STM32F3-Discovery\stm32f3_discovery.o
HAL_I2C_Init                                      Drivers\STM32F3xx_HAL_Driver\stm32f3xx_hal_i2c.o
                                                  Drivers\BSP\STM32F3-Discovery\stm32f3_discovery.o
HAL_I2C_IsDeviceReady                             Drivers\STM32F3xx_HAL_Driver\stm32f3xx_hal_i2c.o
HAL_I2C_MasterRxCpltCallback                      Drivers\STM32F3xx_HAL_Driver\stm32f3xx_hal_i2c.o
HAL_I2C_MasterTxCpltCallback                      Drivers\STM32F3xx_HAL_Driver\stm32f3xx_hal_i2c.o
HAL_I2C_Master_Receive                            Drivers\STM32F3xx_HAL_Driver\stm32f3xx_hal_i2c.o
HAL_I2C_Master_Receive_DMA                        Drivers\STM32F3xx_HAL_Driver\stm32f3xx_hal_i2c.o
HAL_I2C_Master_Receive_IT                         Drivers\STM32F3xx_HAL_Driver\stm32f3xx_hal_i2c.o
HAL_I2C_Master_Transmit                           Drivers\STM32F3xx_HAL_Driver\stm32f3xx_hal_i2c.o
HAL_I2C_Master_Transmit_DMA                       Drivers\STM32F3xx_HAL_Driver\stm32f3xx_hal_i2c.o
HAL_I2C_Master_Transmit_IT                        Drivers\STM32F3xx_HAL_Driver\stm32f3xx_hal_i2c.o
HAL_I2C_MemRxCpltCallback                         Drivers\STM32F3xx_HAL_Driver\stm32f3xx_hal_i2c.o
HAL_I2C_MemTxCpltCallback                         Drivers\STM32F3xx_HAL_Driver\stm32f3xx_hal_i2c.o
HAL_I2C_Mem_Read                                  Drivers\STM32F3xx_HAL_Driver\stm32f3xx_hal_i2c.o
                                                  Drivers\BSP\STM32F3-Discovery\stm32f3_discovery.o
HAL_I2C_Mem_Read_DMA                              Drivers\STM32F3xx_HAL_Driver\stm32f3xx_hal_i2c.o
HAL_I2C_Mem_Read_IT                               Drivers\STM32F3xx_HAL_Driver\stm32f3xx_hal_i2c.o
HAL_I2C_Mem_Write                                 Drivers\STM32F3xx_HAL_Driver\stm32f3xx_hal_i2c.o
                                                  Drivers\BSP\STM32F3-Discovery\stm32f3_discovery.o
HAL_I2C_Mem_Write_DMA                             Drivers\STM32F3xx_HAL_Driver\stm32f3xx_hal_i2c.o
HAL_I2C_Mem_Write_IT                              Drivers\STM32F3xx_HAL_Driver\stm32f3xx_hal_i2c.o
HAL_I2C_MspDeInit                                 Drivers\STM32F3xx_HAL_Driver\stm32f3xx_hal_i2c.o
HAL_I2C_MspInit                                   Drivers\STM32F3xx_HAL_Driver\stm32f3xx_hal_i2c.o
HAL_I2C_SlaveRxCpltCallback                       Drivers\STM32F3xx_HAL_Driver\stm32f3xx_hal_i2c.o
HAL_I2C_SlaveTxCpltCallback                       Drivers\STM32F3xx_HAL_Driver\stm32f3xx_hal_i2c.o
HAL_I2C_Slave_Receive                             Drivers\STM32F3xx_HAL_Driver\stm32f3xx_hal_i2c.o
HAL_I2C_Slave_Receive_DMA                         Drivers\STM32F3xx_HAL_Driver\stm32f3xx_hal_i2c.o
HAL_I2C_Slave_Receive_IT                          Drivers\STM32F3xx_HAL_Driver\stm32f3xx_hal_i2c.o
HAL_I2C_Slave_Transmit                            Drivers\STM32F3xx_HAL_Driver\stm32f3xx_hal_i2c.o
HAL_I2C_Slave_Transmit_DMA                        Drivers\STM32F3xx_HAL_Driver\stm32f3xx_hal_i2c.o
HAL_I2C_Slave_Transmit_IT                         Drivers\STM32F3xx_HAL_Driver\stm32f3xx_hal_i2c.o
HAL_IncTick                                       Drivers\STM32F3xx_HAL_Driver\stm32f3xx_hal.o
                                                  Example\User\stm32f3xx_it.o
HAL_Init                                          Drivers\STM32F3xx_HAL_Driver\stm32f3xx_hal.o
                                                  Example\User\main.o
HAL_InitTick                                      Drivers\STM32F3xx_HAL_Driver\stm32f3xx_hal.o
                                                  Drivers\STM32F3xx_HAL_Driver\stm32f3xx_hal_rcc.o
HAL_LIN_Init                                      Drivers\STM32F3xx_HAL_Driver\stm32f3xx_hal_uart.o
HAL_LIN_SendBreak                                 Drivers\STM32F3xx_HAL_Driver\stm32f3xx_hal_uart.o
HAL_MPU_ConfigRegion                              Drivers\STM32F3xx_HAL_Driver\stm32f3xx_hal_cortex.o
HAL_MspDeInit                                     Drivers\STM32F3xx_HAL_Driver\stm32f3xx_hal.o
HAL_MspInit                                       Drivers\STM32F3xx_HAL_Driver\stm32f3xx_hal.o
HAL_MultiProcessorEx_AddressLength_Set            Drivers\STM32F3xx_HAL_Driver\stm32f3xx_hal_uart_ex.o
HAL_MultiProcessor_DisableMuteMode                Drivers\STM32F3xx_HAL_Driver\stm32f3xx_hal_uart.o
HAL_MultiProcessor_EnableMuteMode                 Drivers\STM32F3xx_HAL_Driver\stm32f3xx_hal_uart.o
HAL_MultiProcessor_EnterMuteMode                  Drivers\STM32F3xx_HAL_Driver\stm32f3xx_hal_uart.o
HAL_MultiProcessor_Init                           Drivers\STM32F3xx_HAL_Driver\stm32f3xx_hal_uart.o
HAL_NVIC_ClearPendingIRQ                          Drivers\STM32F3xx_HAL_Driver\stm32f3xx_hal_cortex.o
HAL_NVIC_DisableIRQ                               Drivers\STM32F3xx_HAL_Driver\stm32f3xx_hal_cortex.o
HAL_NVIC_EnableIRQ                                Drivers\STM32F3xx_HAL_Driver\stm32f3xx_hal_cortex.o
                                                  Drivers\BSP\STM32F3-Discovery\stm32f3_discovery.o
                                                  Example\User\stm32f3xx_hal_msp.o
HAL_NVIC_GetActive                                Drivers\STM32F3xx_HAL_Driver\stm32f3xx_hal_cortex.o
HAL_NVIC_GetPendingIRQ                            Drivers\STM32F3xx_HAL_Driver\stm32f3xx_hal_cortex.o
HAL_NVIC_GetPriority                              Drivers\STM32F3xx_HAL_Driver\stm32f3xx_hal_cortex.o
HAL_NVIC_GetPriorityGrouping                      Drivers\STM32F3xx_HAL_Driver\stm32f3xx_hal_cortex.o
HAL_NVIC_SetPendingIRQ                            Drivers\STM32F3xx_HAL_Driver\stm32f3xx_hal_cortex.o
HAL_NVIC_SetPriority                              Drivers\STM32F3xx_HAL_Driver\stm32f3xx_hal_cortex.o
                                                  Drivers\BSP\STM32F3-Discovery\stm32f3_discovery.o
                                                  Drivers\STM32F3xx_HAL_Driver\stm32f3xx_hal.o
                                                  Example\User\stm32f3xx_hal_msp.o
HAL_NVIC_SetPriorityGrouping                      Drivers\STM32F3xx_HAL_Driver\stm32f3xx_hal_cortex.o
                                                  Drivers\STM32F3xx_HAL_Driver\stm32f3xx_hal.o
HAL_NVIC_SystemReset                              Drivers\STM32F3xx_HAL_Driver\stm32f3xx_hal_cortex.o
HAL_RCCEx_GetPeriphCLKConfig                      Drivers\STM32F3xx_HAL_Driver\stm32f3xx_hal_rcc_ex.o
HAL_RCCEx_GetPeriphCLKFreq                        Drivers\STM32F3xx_HAL_Driver\stm32f3xx_hal_rcc_ex.o
HAL_RCCEx_PeriphCLKConfig                         Drivers\STM32F3xx_HAL_Driver\stm32f3xx_hal_rcc_ex.o
HAL_RCC_CSSCallback                               Drivers\STM32F3xx_HAL_Driver\stm32f3xx_hal_rcc.o
HAL_RCC_ClockConfig                               Drivers\STM32F3xx_HAL_Driver\stm32f3xx_hal_rcc.o
                                                  Example\User\main.o
HAL_RCC_DeInit                                    Drivers\STM32F3xx_HAL_Driver\stm32f3xx_hal_rcc.o
HAL_RCC_DisableCSS                                Drivers\STM32F3xx_HAL_Driver\stm32f3xx_hal_rcc.o
HAL_RCC_EnableCSS                                 Drivers\STM32F3xx_HAL_Driver\stm32f3xx_hal_rcc.o
HAL_RCC_GetClockConfig                            Drivers\STM32F3xx_HAL_Driver\stm32f3xx_hal_rcc.o
HAL_RCC_GetHCLKFreq                               Drivers\STM32F3xx_HAL_Driver\stm32f3xx_hal_rcc.o
                                                  Drivers\STM32F3xx_HAL_Driver\stm32f3xx_hal.o
HAL_RCC_GetOscConfig                              Drivers\STM32F3xx_HAL_Driver\stm32f3xx_hal_rcc.o
HAL_RCC_GetPCLK1Freq                              Drivers\STM32F3xx_HAL_Driver\stm32f3xx_hal_rcc.o
                                                  Drivers\STM32F3xx_HAL_Driver\stm32f3xx_hal_rcc_ex.o
                                                  Drivers\STM32F3xx_HAL_Driver\stm32f3xx_hal_uart.o
HAL_RCC_GetPCLK2Freq                              Drivers\STM32F3xx_HAL_Driver\stm32f3xx_hal_rcc.o
                                                  Drivers\STM32F3xx_HAL_Driver\stm32f3xx_hal_rcc_ex.o
                                                  Drivers\STM32F3xx_HAL_Driver\stm32f3xx_hal_uart.o
HAL_RCC_GetSysClockFreq                           Drivers\STM32F3xx_HAL_Driver\stm32f3xx_hal_rcc.o
                                                  Drivers\STM32F3xx_HAL_Driver\stm32f3xx_hal_rcc_ex.o
                                                  Drivers\STM32F3xx_HAL_Driver\stm32f3xx_hal_uart.o
HAL_RCC_MCOConfig                                 Drivers\STM32F3xx_HAL_Driver\stm32f3xx_hal_rcc.o
HAL_RCC_NMI_IRQHandler                            Drivers\STM32F3xx_HAL_Driver\stm32f3xx_hal_rcc.o
HAL_RCC_OscConfig                                 Drivers\STM32F3xx_HAL_Driver\stm32f3xx_hal_rcc.o
                                                  Example\User\main.o
HAL_RS485Ex_Init                                  Drivers\STM32F3xx_HAL_Driver\stm32f3xx_hal_uart_ex.o
HAL_ResumeTick                                    Drivers\STM32F3xx_HAL_Driver\stm32f3xx_hal.o
HAL_SPI_DeInit                                    Drivers\BSP\STM32F3-Discovery\stm32f3_discovery.o
HAL_SPI_GetState                                  Drivers\BSP\STM32F3-Discovery\stm32f3_discovery.o
HAL_SPI_Init                                      Drivers\BSP\STM32F3-Discovery\stm32f3_discovery.o
HAL_SPI_TransmitReceive                           Drivers\BSP\STM32F3-Discovery\stm32f3_discovery.o
HAL_SYSTICK_CLKSourceConfig                       Drivers\STM32F3xx_HAL_Driver\stm32f3xx_hal_cortex.o
HAL_SYSTICK_Callback                              Drivers\STM32F3xx_HAL_Driver\stm32f3xx_hal_cortex.o
HAL_SYSTICK_Config                                Drivers\STM32F3xx_HAL_Driver\stm32f3xx_hal_cortex.o
                                                  Drivers\STM32F3xx_HAL_Driver\stm32f3xx_hal.o
HAL_SYSTICK_IRQHandler                            Drivers\STM32F3xx_HAL_Driver\stm32f3xx_hal_cortex.o
HAL_SuspendTick                                   Drivers\STM32F3xx_HAL_Driver\stm32f3xx_hal.o
HAL_TIMEx_BreakCallback                           Drivers\STM32F3xx_HAL_Driver\stm32f3xx_hal_tim_ex.o
                                                  Drivers\STM32F3xx_HAL_Driver\stm32f3xx_hal_tim.o
HAL_TIMEx_CommutationCallback                     Drivers\STM32F3xx_HAL_Driver\stm32f3xx_hal_tim_ex.o
                                                  Drivers\STM32F3xx_HAL_Driver\stm32f3xx_hal_tim.o
HAL_TIMEx_ConfigBreakDeadTime                     Drivers\STM32F3xx_HAL_Driver\stm32f3xx_hal_tim_ex.o
HAL_TIMEx_ConfigCommutationEvent                  Drivers\STM32F3xx_HAL_Driver\stm32f3xx_hal_tim_ex.o
HAL_TIMEx_ConfigCommutationEvent_DMA              Drivers\STM32F3xx_HAL_Driver\stm32f3xx_hal_tim_ex.o
HAL_TIMEx_ConfigCommutationEvent_IT               Drivers\STM32F3xx_HAL_Driver\stm32f3xx_hal_tim_ex.o
HAL_TIMEx_GroupChannel5                           Drivers\STM32F3xx_HAL_Driver\stm32f3xx_hal_tim_ex.o
HAL_TIMEx_HallSensor_DeInit                       Drivers\STM32F3xx_HAL_Driver\stm32f3xx_hal_tim_ex.o
HAL_TIMEx_HallSensor_GetState                     Drivers\STM32F3xx_HAL_Driver\stm32f3xx_hal_tim_ex.o
HAL_TIMEx_HallSensor_Init                         Drivers\STM32F3xx_HAL_Driver\stm32f3xx_hal_tim_ex.o
HAL_TIMEx_HallSensor_MspDeInit                    Drivers\STM32F3xx_HAL_Driver\stm32f3xx_hal_tim_ex.o
HAL_TIMEx_HallSensor_MspInit                      Drivers\STM32F3xx_HAL_Driver\stm32f3xx_hal_tim_ex.o
HAL_TIMEx_HallSensor_Start                        Drivers\STM32F3xx_HAL_Driver\stm32f3xx_hal_tim_ex.o
HAL_TIMEx_HallSensor_Start_DMA                    Drivers\STM32F3xx_HAL_Driver\stm32f3xx_hal_tim_ex.o
HAL_TIMEx_HallSensor_Start_IT                     Drivers\STM32F3xx_HAL_Driver\stm32f3xx_hal_tim_ex.o
HAL_TIMEx_HallSensor_Stop                         Drivers\STM32F3xx_HAL_Driver\stm32f3xx_hal_tim_ex.o
HAL_TIMEx_HallSensor_Stop_DMA                     Drivers\STM32F3xx_HAL_Driver\stm32f3xx_hal_tim_ex.o
HAL_TIMEx_HallSensor_Stop_IT                      Drivers\STM32F3xx_HAL_Driver\stm32f3xx_hal_tim_ex.o
HAL_TIMEx_MasterConfigSynchronization             Drivers\STM32F3xx_HAL_Driver\stm32f3xx_hal_tim_ex.o
HAL_TIMEx_OCN_Start                               Drivers\STM32F3xx_HAL_Driver\stm32f3xx_hal_tim_ex.o
HAL_TIMEx_OCN_Start_DMA                           Drivers\STM32F3xx_HAL_Driver\stm32f3xx_hal_tim_ex.o
HAL_TIMEx_OCN_Start_IT                            Drivers\STM32F3xx_HAL_Driver\stm32f3xx_hal_tim_ex.o
HAL_TIMEx_OCN_Stop                                Drivers\STM32F3xx_HAL_Driver\stm32f3xx_hal_tim_ex.o
HAL_TIMEx_OCN_Stop_DMA                            Drivers\STM32F3xx_HAL_Driver\stm32f3xx_hal_tim_ex.o
HAL_TIMEx_OCN_Stop_IT                             Drivers\STM32F3xx_HAL_Driver\stm32f3xx_hal_tim_ex.o
HAL_TIMEx_OnePulseN_Start                         Drivers\STM32F3xx_HAL_Driver\stm32f3xx_hal_tim_ex.o
HAL_TIMEx_OnePulseN_Start_IT                      Drivers\STM32F3xx_HAL_Driver\stm32f3xx_hal_tim_ex.o
HAL_TIMEx_OnePulseN_Stop                          Drivers\STM32F3xx_HAL_Driver\stm32f3xx_hal_tim_ex.o
HAL_TIMEx_OnePulseN_Stop_IT                       Drivers\STM32F3xx_HAL_Driver\stm32f3xx_hal_tim_ex.o
HAL_TIMEx_PWMN_Start                              Drivers\STM32F3xx_HAL_Driver\stm32f3xx_hal_tim_ex.o
HAL_TIMEx_PWMN_Start_DMA                          Drivers\STM32F3xx_HAL_Driver\stm32f3xx_hal_tim_ex.o
HAL_TIMEx_PWMN_Start_IT                           Drivers\STM32F3xx_HAL_Driver\stm32f3xx_hal_tim_ex.o
HAL_TIMEx_PWMN_Stop                               Drivers\STM32F3xx_HAL_Driver\stm32f3xx_hal_tim_ex.o
HAL_TIMEx_PWMN_Stop_DMA                           Drivers\STM32F3xx_HAL_Driver\stm32f3xx_hal_tim_ex.o
HAL_TIMEx_PWMN_Stop_IT                            Drivers\STM32F3xx_HAL_Driver\stm32f3xx_hal_tim_ex.o
HAL_TIMEx_RemapConfig                             Drivers\STM32F3xx_HAL_Driver\stm32f3xx_hal_tim_ex.o
HAL_TIM_Base_DeInit                               Drivers\STM32F3xx_HAL_Driver\stm32f3xx_hal_tim.o
HAL_TIM_Base_GetState                             Drivers\STM32F3xx_HAL_Driver\stm32f3xx_hal_tim.o
HAL_TIM_Base_Init                                 Drivers\STM32F3xx_HAL_Driver\stm32f3xx_hal_tim.o
                                                  Example\User\hcsr04.o
HAL_TIM_Base_MspDeInit                            Drivers\STM32F3xx_HAL_Driver\stm32f3xx_hal_tim.o
HAL_TIM_Base_MspInit                              Drivers\STM32F3xx_HAL_Driver\stm32f3xx_hal_tim.o
HAL_TIM_Base_Start                                Drivers\STM32F3xx_HAL_Driver\stm32f3xx_hal_tim.o
HAL_TIM_Base_Start_DMA                            Drivers\STM32F3xx_HAL_Driver\stm32f3xx_hal_tim.o
HAL_TIM_Base_Start_IT                             Drivers\STM32F3xx_HAL_Driver\stm32f3xx_hal_tim.o
                                                  Example\User\hcsr04.o
                                                  Example\User\wheelencoder.o
HAL_TIM_Base_Stop                                 Drivers\STM32F3xx_HAL_Driver\stm32f3xx_hal_tim.o
HAL_TIM_Base_Stop_DMA                             Drivers\STM32F3xx_HAL_Driver\stm32f3xx_hal_tim.o
HAL_TIM_Base_Stop_IT                              Drivers\STM32F3xx_HAL_Driver\stm32f3xx_hal_tim.o
HAL_TIM_ConfigClockSource                         Drivers\STM32F3xx_HAL_Driver\stm32f3xx_hal_tim.o
HAL_TIM_ConfigOCrefClear                          Drivers\STM32F3xx_HAL_Driver\stm32f3xx_hal_tim_ex.o
HAL_TIM_ConfigTI1Input                            Drivers\STM32F3xx_HAL_Driver\stm32f3xx_hal_tim.o
HAL_TIM_DMABurst_ReadStart                        Drivers\STM32F3xx_HAL_Driver\stm32f3xx_hal_tim.o
HAL_TIM_DMABurst_ReadStop                         Drivers\STM32F3xx_HAL_Driver\stm32f3xx_hal_tim.o
HAL_TIM_DMABurst_WriteStart                       Drivers\STM32F3xx_HAL_Driver\stm32f3xx_hal_tim.o
HAL_TIM_DMABurst_WriteStop                        Drivers\STM32F3xx_HAL_Driver\stm32f3xx_hal_tim.o
HAL_TIM_Encoder_DeInit                            Drivers\STM32F3xx_HAL_Driver\stm32f3xx_hal_tim.o
HAL_TIM_Encoder_GetState                          Drivers\STM32F3xx_HAL_Driver\stm32f3xx_hal_tim.o
HAL_TIM_Encoder_Init                              Drivers\STM32F3xx_HAL_Driver\stm32f3xx_hal_tim.o
HAL_TIM_Encoder_MspDeInit                         Drivers\STM32F3xx_HAL_Driver\stm32f3xx_hal_tim.o
HAL_TIM_Encoder_MspInit                           Drivers\STM32F3xx_HAL_Driver\stm32f3xx_hal_tim.o
HAL_TIM_Encoder_Start                             Drivers\STM32F3xx_HAL_Driver\stm32f3xx_hal_tim.o
HAL_TIM_Encoder_Start_DMA                         Drivers\STM32F3xx_HAL_Driver\stm32f3xx_hal_tim.o
HAL_TIM_Encoder_Start_IT                          Drivers\STM32F3xx_HAL_Driver\stm32f3xx_hal_tim.o
HAL_TIM_Encoder_Stop                              Drivers\STM32F3xx_HAL_Driver\stm32f3xx_hal_tim.o
HAL_TIM_Encoder_Stop_DMA                          Drivers\STM32F3xx_HAL_Driver\stm32f3xx_hal_tim.o
HAL_TIM_Encoder_Stop_IT                           Drivers\STM32F3xx_HAL_Driver\stm32f3xx_hal_tim.o
HAL_TIM_ErrorCallback                             Drivers\STM32F3xx_HAL_Driver\stm32f3xx_hal_tim.o
HAL_TIM_GenerateEvent                             Drivers\STM32F3xx_HAL_Driver\stm32f3xx_hal_tim.o
HAL_TIM_IC_CaptureCallback                        Drivers\STM32F3xx_HAL_Driver\stm32f3xx_hal_tim.o
HAL_TIM_IC_ConfigChannel                          Drivers\STM32F3xx_HAL_Driver\stm32f3xx_hal_tim.o
                                                  Example\User\hcsr04.o
                                                  Example\User\wheelencoder.o
HAL_TIM_IC_DeInit                                 Drivers\STM32F3xx_HAL_Driver\stm32f3xx_hal_tim.o
HAL_TIM_IC_GetState                               Drivers\STM32F3xx_HAL_Driver\stm32f3xx_hal_tim.o
HAL_TIM_IC_Init                                   Drivers\STM32F3xx_HAL_Driver\stm32f3xx_hal_tim.o
                                                  Example\User\hcsr04.o
                                                  Example\User\wheelencoder.o
HAL_TIM_IC_MspDeInit                              Drivers\STM32F3xx_HAL_Driver\stm32f3xx_hal_tim.o
HAL_TIM_IC_MspInit                                Drivers\STM32F3xx_HAL_Driver\stm32f3xx_hal_tim.o
HAL_TIM_IC_Start                                  Drivers\STM32F3xx_HAL_Driver\stm32f3xx_hal_tim.o
HAL_TIM_IC_Start_DMA                              Drivers\STM32F3xx_HAL_Driver\stm32f3xx_hal_tim.o
HAL_TIM_IC_Start_IT                               Drivers\STM32F3xx_HAL_Driver\stm32f3xx_hal_tim.o
                                                  Example\User\hcsr04.o
                                                  Example\User\wheelencoder.o
HAL_TIM_IC_Stop                                   Drivers\STM32F3xx_HAL_Driver\stm32f3xx_hal_tim.o
HAL_TIM_IC_Stop_DMA                               Drivers\STM32F3xx_HAL_Driver\stm32f3xx_hal_tim.o
HAL_TIM_IC_Stop_IT                                Drivers\STM32F3xx_HAL_Driver\stm32f3xx_hal_tim.o
HAL_TIM_IRQHandler                                Drivers\STM32F3xx_HAL_Driver\stm32f3xx_hal_tim.o
HAL_TIM_OC_ConfigChannel                          Drivers\STM32F3xx_HAL_Driver\stm32f3xx_hal_tim_ex.o
HAL_TIM_OC_DeInit                                 Drivers\STM32F3xx_HAL_Driver\stm32f3xx_hal_tim.o
HAL_TIM_OC_DelayElapsedCallback                   Drivers\STM32F3xx_HAL_Driver\stm32f3xx_hal_tim.o
HAL_TIM_OC_GetState                               Drivers\STM32F3xx_HAL_Driver\stm32f3xx_hal_tim.o
HAL_TIM_OC_Init                                   Drivers\STM32F3xx_HAL_Driver\stm32f3xx_hal_tim.o
HAL_TIM_OC_MspDeInit                              Drivers\STM32F3xx_HAL_Driver\stm32f3xx_hal_tim.o
HAL_TIM_OC_MspInit                                Drivers\STM32F3xx_HAL_Driver\stm32f3xx_hal_tim.o
HAL_TIM_OC_Start                                  Drivers\STM32F3xx_HAL_Driver\stm32f3xx_hal_tim.o
HAL_TIM_OC_Start_DMA                              Drivers\STM32F3xx_HAL_Driver\stm32f3xx_hal_tim.o
HAL_TIM_OC_Start_IT                               Drivers\STM32F3xx_HAL_Driver\stm32f3xx_hal_tim.o
HAL_TIM_OC_Stop                                   Drivers\STM32F3xx_HAL_Driver\stm32f3xx_hal_tim.o
HAL_TIM_OC_Stop_DMA                               Drivers\STM32F3xx_HAL_Driver\stm32f3xx_hal_tim.o
HAL_TIM_OC_Stop_IT                                Drivers\STM32F3xx_HAL_Driver\stm32f3xx_hal_tim.o
HAL_TIM_OnePulse_ConfigChannel                    Drivers\STM32F3xx_HAL_Driver\stm32f3xx_hal_tim.o
HAL_TIM_OnePulse_DeInit                           Drivers\STM32F3xx_HAL_Driver\stm32f3xx_hal_tim.o
HAL_TIM_OnePulse_GetState                         Drivers\STM32F3xx_HAL_Driver\stm32f3xx_hal_tim.o
HAL_TIM_OnePulse_Init                             Drivers\STM32F3xx_HAL_Driver\stm32f3xx_hal_tim.o
HAL_TIM_OnePulse_MspDeInit                        Drivers\STM32F3xx_HAL_Driver\stm32f3xx_hal_tim.o
HAL_TIM_OnePulse_MspInit                          Drivers\STM32F3xx_HAL_Driver\stm32f3xx_hal_tim.o
HAL_TIM_OnePulse_Start                            Drivers\STM32F3xx_HAL_Driver\stm32f3xx_hal_tim.o
HAL_TIM_OnePulse_Start_IT                         Drivers\STM32F3xx_HAL_Driver\stm32f3xx_hal_tim.o
HAL_TIM_OnePulse_Stop                             Drivers\STM32F3xx_HAL_Driver\stm32f3xx_hal_tim.o
HAL_TIM_OnePulse_Stop_IT                          Drivers\STM32F3xx_HAL_Driver\stm32f3xx_hal_tim.o
HAL_TIM_PWM_ConfigChannel                         Drivers\STM32F3xx_HAL_Driver\stm32f3xx_hal_tim_ex.o
                                                  Example\User\drv8701.o
HAL_TIM_PWM_DeInit                                Drivers\STM32F3xx_HAL_Driver\stm32f3xx_hal_tim.o
HAL_TIM_PWM_GetState                              Drivers\STM32F3xx_HAL_Driver\stm32f3xx_hal_tim.o
HAL_TIM_PWM_Init                                  Drivers\STM32F3xx_HAL_Driver\stm32f3xx_hal_tim.o
                                                  Example\User\drv8701.o
HAL_TIM_PWM_MspDeInit                             Drivers\STM32F3xx_HAL_Driver\stm32f3xx_hal_tim.o
HAL_TIM_PWM_MspInit                               Example\User\stm32f3xx_hal_msp.o
HAL_TIM_PWM_PulseFinishedCallback                 Drivers\STM32F3xx_HAL_Driver\stm32f3xx_hal_tim.o
HAL_TIM_PWM_Start                                 Drivers\STM32F3xx_HAL_Driver\stm32f3xx_hal_tim.o
                                                  Example\User\drv8701.o
HAL_TIM_PWM_Start_DMA                             Drivers\STM32F3xx_HAL_Driver\stm32f3xx_hal_tim.o
HAL_TIM_PWM_Start_IT                              Drivers\STM32F3xx_HAL_Driver\stm32f3xx_hal_tim.o
HAL_TIM_PWM_Stop                                  Drivers\STM32F3xx_HAL_Driver\stm32f3xx_hal_tim.o
HAL_TIM_PWM_Stop_DMA                              Drivers\STM32F3xx_HAL_Driver\stm32f3xx_hal_tim.o
HAL_TIM_PWM_Stop_IT                               Drivers\STM32F3xx_HAL_Driver\stm32f3xx_hal_tim.o
HAL_TIM_PeriodElapsedCallback                     Drivers\STM32F3xx_HAL_Driver\stm32f3xx_hal_tim.o
HAL_TIM_ReadCapturedValue                         Drivers\STM32F3xx_HAL_Driver\stm32f3xx_hal_tim.o
                                                  Example\User\hcsr04.o
                                                  Example\User\wheelencoder.o
HAL_TIM_SlaveConfigSynchronization                Drivers\STM32F3xx_HAL_Driver\stm32f3xx_hal_tim.o
HAL_TIM_SlaveConfigSynchronization_IT             Drivers\STM32F3xx_HAL_Driver\stm32f3xx_hal_tim.o
HAL_TIM_TriggerCallback                           Drivers\STM32F3xx_HAL_Driver\stm32f3xx_hal_tim.o
HAL_UARTEx_DisableStopMode                        Drivers\STM32F3xx_HAL_Driver\stm32f3xx_hal_uart_ex.o
HAL_UARTEx_EnableStopMode                         Drivers\STM32F3xx_HAL_Driver\stm32f3xx_hal_uart_ex.o
HAL_UARTEx_StopModeWakeUpSourceConfig             Drivers\STM32F3xx_HAL_Driver\stm32f3xx_hal_uart_ex.o
HAL_UARTEx_WakeupCallback                         Drivers\STM32F3xx_HAL_Driver\stm32f3xx_hal_uart_ex.o
                                                  Drivers\STM32F3xx_HAL_Driver\stm32f3xx_hal_uart.o
HAL_UART_DMAPause                                 Drivers\STM32F3xx_HAL_Driver\stm32f3xx_hal_uart.o
HAL_UART_DMAResume                                Drivers\STM32F3xx_HAL_Driver\stm32f3xx_hal_uart.o
HAL_UART_DMAStop                                  Drivers\STM32F3xx_HAL_Driver\stm32f3xx_hal_uart.o
HAL_UART_DeInit                                   Drivers\STM32F3xx_HAL_Driver\stm32f3xx_hal_uart.o
HAL_UART_ErrorCallback                            Drivers\STM32F3xx_HAL_Driver\stm32f3xx_hal_uart.o
HAL_UART_GetError                                 Drivers\STM32F3xx_HAL_Driver\stm32f3xx_hal_uart.o
HAL_UART_GetState                                 Drivers\STM32F3xx_HAL_Driver\stm32f3xx_hal_uart.o
HAL_UART_IRQHandler                               Drivers\STM32F3xx_HAL_Driver\stm32f3xx_hal_uart.o
HAL_UART_Init                                     Drivers\STM32F3xx_HAL_Driver\stm32f3xx_hal_uart.o
HAL_UART_MspDeInit                                Drivers\STM32F3xx_HAL_Driver\stm32f3xx_hal_uart.o
HAL_UART_MspInit                                  Drivers\STM32F3xx_HAL_Driver\stm32f3xx_hal_uart.o
                                                  Drivers\STM32F3xx_HAL_Driver\stm32f3xx_hal_uart_ex.o
HAL_UART_Receive                                  Drivers\STM32F3xx_HAL_Driver\stm32f3xx_hal_uart.o
HAL_UART_Receive_DMA                              Drivers\STM32F3xx_HAL_Driver\stm32f3xx_hal_uart.o
HAL_UART_Receive_IT                               Drivers\STM32F3xx_HAL_Driver\stm32f3xx_hal_uart.o
HAL_UART_RxCpltCallback                           Drivers\STM32F3xx_HAL_Driver\stm32f3xx_hal_uart.o
HAL_UART_RxHalfCpltCallback                       Drivers\STM32F3xx_HAL_Driver\stm32f3xx_hal_uart.o
HAL_UART_Transmit                                 Drivers\STM32F3xx_HAL_Driver\stm32f3xx_hal_uart.o
HAL_UART_Transmit_DMA                             Drivers\STM32F3xx_HAL_Driver\stm32f3xx_hal_uart.o
HAL_UART_Transmit_IT                              Drivers\STM32F3xx_HAL_Driver\stm32f3xx_hal_uart.o
HAL_UART_TxCpltCallback                           Drivers\STM32F3xx_HAL_Driver\stm32f3xx_hal_uart.o
HAL_UART_TxHalfCpltCallback                       Drivers\STM32F3xx_HAL_Driver\stm32f3xx_hal_uart.o
HardFault_Handler                                 Example\User\stm32f3xx_it.o
I2C1_ER_IRQHandler                                Example\TrueSTUDIO\startup_stm32f303xc.o